[Licensing::Module] Trying to connect to existing licensing client channel...
Built from '6000.4/staging' branch; Version is '6000.4.10f1 (feeafc12a938) revision 16706300'; Using compiler version '194234433'; Build Type 'Release'
OS: 'Windows 11  (10.0.22631) Core' Language: 'en' Physical Memory: 131008 MB
BatchMode: 1, IsHumanControllingUs: 0, StartBugReporterOnCrash: 0, Is64bit: 1
System  architecture: x64
Process architecture: x64
Date: 2026-09-12T05:23:13Z
[Licensing::IpcConnector] Successfully connected to: "LicenseClient-chris" at "2026-09-12T05:23:13.8881535Z"
[Licensing::Client] Code 10 while verifying Licensing Client signature (process Id: 22500, path: "C:/Program Files/Unity Hub/UnityLicensingClient_V1/Unity.Licensing.Client.exe")
[Licensing::Module] LicensingClient has failed validation; ignoring
[Licensing::Client] Handshaking with LicensingClient:
  Version:                 1.18.3+d7ffd15
  Session Id:              8c335335a84b4afe9d70aa0d66b13dda
  Correlation Id:          c15c83ef5a1edf8863b4ce8fd5f5aa8c
  External correlation Id: 1115348416731193231
  Machine Id:              fb+P/jlz4SyzpK/HkmqBMP/8Svc=
[Licensing::Module] Successfully connected to LicensingClient on channel: "LicenseClient-chris" (connect: 0.00s, validation: 0.00s, handshake: 0.13s)
[Licensing::IpcConnector] Successfully connected to: "LicenseClient-chris-notifications" at "2026-09-12T05:23:14.0246406Z"
[Licensing::Module] Licensing Background thread has ended after 0.14s

COMMAND LINE ARGUMENTS:
C:\Program Files\Unity\Hub\Editor\6000.4.10f1\Editor\Unity.exe
-adb2
-batchMode
-noUpm
-name
AssetImportWorker6
-projectPath
E:/VSCodeProjects/Repos/MuckedUp
-logFile
Logs/AssetImportWorker6.log
-srvPort
43047
-licensingIpc
LicenseClient-chris
-force-d3d12
-job-worker-count
7
-background-job-worker-count
8
-gc-helper-count
1
-name
AssetImport
Successfully changed project path to: E:/VSCodeProjects/Repos/MuckedUp
E:/VSCodeProjects/Repos/MuckedUp
[UnityMemory] Configuration Parameters - Can be set up in boot.config
    "memorysetup-temp-allocator-size-gi-baking-worker=262144"
    "memorysetup-temp-allocator-size-gi-baking-worker=262144"
    "memorysetup-temp-allocator-size-gi-baking-worker=262144"
    "memorysetup-temp-allocator-size-gi-baking-worker=262144"
    "memorysetup-temp-allocator-size-gi-baking-worker=262144"
    "memorysetup-temp-allocator-size-nav-mesh-worker=65536"
    "memorysetup-temp-allocator-size-audio-worker=65536"
    "memorysetup-temp-allocator-size-cloud-worker=32768"
    "memorysetup-temp-allocator-size-gfx=262144"
    "memorysetup-temp-allocator-size-preload-manager=33554432"
    "memorysetup-temp-allocator-size-job-worker=262144"
    "memorysetup-temp-allocator-size-background-worker=32768"
    "memorysetup-allocator-temp-initial-block-size-main=262144"
    "memorysetup-allocator-temp-initial-block-size-worker=262144"
    "memorysetup-bucket-allocator-granularity=16"
    "memorysetup-bucket-allocator-bucket-count=8"
    "memorysetup-bucket-allocator-block-size=33554432"
    "memorysetup-bucket-allocator-block-count=8"
    "memorysetup-main-allocator-block-size=16777216"
    "memorysetup-thread-allocator-block-size=16777216"
    "memorysetup-gfx-main-allocator-block-size=16777216"
    "memorysetup-gfx-thread-allocator-block-size=16777216"
    "memorysetup-cache-allocator-block-size=4194304"
    "memorysetup-typetree-allocator-block-size=2097152"
    "memorysetup-profiler-bucket-allocator-granularity=16"
    "memorysetup-profiler-bucket-allocator-bucket-count=8"
    "memorysetup-profiler-bucket-allocator-block-size=33554432"
    "memorysetup-profiler-bucket-allocator-block-count=8"
    "memorysetup-profiler-allocator-block-size=16777216"
    "memorysetup-profiler-editor-allocator-block-size=1048576"
    "memorysetup-temp-allocator-size-main=16777216"
    "memorysetup-job-temp-allocator-block-size=2097152"
    "memorysetup-job-temp-allocator-block-size-background=1048576"
    "memorysetup-job-temp-allocator-reduction-small-platforms=262144"
Player connection [21552]  Target information:

Player connection [21552]  * "[IP] 192.168.4.25 [Port] 0 [Flags] 2 [Guid] 1492009379 [EditorId] 1492009379 [Version] 1048832 [Id] WindowsEditor(7,DESKTOP-UCUF6KM) [Debug] 1 [PackageName] WindowsEditor [ProjectName] Editor" 

Player connection [21552]  * "[IP] 192.168.56.1 [Port] 0 [Flags] 2 [Guid] 1492009379 [EditorId] 1492009379 [Version] 1048832 [Id] WindowsEditor(7,DESKTOP-UCUF6KM) [Debug] 1 [PackageName] WindowsEditor [ProjectName] Editor" 

Player connection [21552]  * "[IP] 169.254.123.165 [Port] 0 [Flags] 2 [Guid] 1492009379 [EditorId] 1492009379 [Version] 1048832 [Id] WindowsEditor(7,DESKTOP-UCUF6KM) [Debug] 1 [PackageName] WindowsEditor [ProjectName] Editor" 

Player connection [21552] Host joined multi-casting on [225.0.0.222:54997]...
Player connection [21552] Host joined alternative multi-casting on [225.0.0.222:34997]...
JobSystem: Creating JobQueue using job-worker-count value 7
Input System module state changed to: Initialized.
[Physics::Module] Initialized fallback backend.
[Physics::Module] Id: 0xdecafbad
Library Redirect Path: Library/
[Physics::Module] Selected backend.
[Physics::Module] Name: PhysX
[Physics::Module] Id: 0xf2b8ea05
[Physics::Module] SDK Version: 4.1.2
[Physics::Module] Integration Version: 1.0.0
[Physics::Module] Threading Mode: Multi-Threaded
Refreshing native plugins compatible for Editor in 17.73 ms, found 6 plugins.
Preloading 1 native plugins for Editor in 4.81 ms.
Initialize engine version: 6000.4.10f1 (feeafc12a938)
[Subsystems] Discovering subsystems at path C:/Program Files/Unity/Hub/Editor/6000.4.10f1/Editor/Data/Resources/UnitySubsystems
[Subsystems] Discovering subsystems at path E:/VSCodeProjects/Repos/MuckedUp/Assets
Forcing GfxDevice: Direct3D 12
GfxDevice: creating device client; kGfxThreadingModeNonThreaded
d3d12: failed to query info queue interface (0x80004002).
Direct3D:
    Version:         Direct3D 12 [level 12.2]
    Renderer:        NVIDIA GeForce RTX 2080 Ti (ID=0x1e07)
    Vendor:          NVIDIA
    VRAM:            11027 MB
    App VRAM Budget: 10259 MB
    Driver:          32.0.16.1047
Initialize mono
Mono path[0] = 'C:/Program Files/Unity/Hub/Editor/6000.4.10f1/Editor/Data/Managed'
Mono path[1] = 'C:/Program Files/Unity/Hub/Editor/6000.4.10f1/Editor/Data/MonoBleedingEdge/lib/mono/unityjit-win32'
Mono config path = 'C:/Program Files/Unity/Hub/Editor/6000.4.10f1/Editor/Data/MonoBleedingEdge/etc'
Using monoOptions --debugger-agent=transport=dt_socket,embedding=1,server=y,suspend=n,address=127.0.0.1:56188
CodeReloadManager initialized
Begin MonoManager ReloadAssembly
Registering precompiled unity dll's ...
Register platform support module: C:/Program Files/Unity/Hub/Editor/6000.4.10f1/Editor/Data/PlaybackEngines/WindowsStandaloneSupport/UnityEditor.WindowsStandalone.Extensions.dll
Registered in 0.007640 seconds.
Native extension for WindowsStandalone target not found
Package Manager log level set to [2]
[Package Manager] Failed to launch server process. Reason: Unity was launched with the -noUpm command-line argument
[Package Manager] Unable to send message (not connected to server process).
[Package Manager] Cannot connect to Unity Package Manager local server
ScheduleIndexationOnStartup MainProcess:False IndexOnStartup:True
Mono: successfully reloaded assembly
- Finished resetting the current domain, in  0.595 seconds
Domain Reload Profiling: 1777ms
	BeginReloadAssembly (329ms)
	RebuildCommonClasses (71ms)
	RebuildNativeTypeToScriptingClass (20ms)
	initialDomainReloadingComplete (322ms)
	LoadAllAssembliesAndSetupDomain (438ms)
		LoadAssemblies (312ms)
		AnalyzeDomain (422ms)
			TypeCache.Refresh (421ms)
				TypeCache.ScanAssembly (392ms)
	FinalizeReload (597ms)
		SetupLoadedEditorAssemblies (0ms)
			InitializePlatformSupportModulesInManaged (76ms)
			BeforeProcessingInitializeOnLoad (121ms)
			ProcessInitializeOnLoadAttributes (163ms)
			ProcessInitializeOnLoadMethodAttributes (111ms)
========================================================================
Worker process is ready to serve import requests
Import Worker Mode flag is 0x00
Begin MonoManager ReloadAssembly
[Licensing::Client] Successfully resolved entitlement details
[Licensing::Module] License group:
  Id: 1374564138397-UnityPersXXXX
  Product: Unity Personal
  Type: Assigned
  Expiration: Unlimited
Assembly Assembly-CSharp-Editor-firstpass.dll at Library/ScriptAssemblies/Assembly-CSharp-Editor-firstpass.dll not valid. Loading of assembly skipped.
Assembly Assembly-CSharp-firstpass.dll at Library/ScriptAssemblies/Assembly-CSharp-firstpass.dll not valid. Loading of assembly skipped.
Assembly DocCodeExamples.dll at Library/ScriptAssemblies/DocCodeExamples.dll not valid. Loading of assembly skipped.
Assembly GdkToolsEditModeTests.dll at Library/ScriptAssemblies/GdkToolsEditModeTests.dll not valid. Loading of assembly skipped.
Assembly TestNewCustomAssembly.dll at Library/ScriptAssemblies/TestNewCustomAssembly.dll not valid. Loading of assembly skipped.
Assembly Unity.2D.Sprite.Package.EditorTests.dll at Library/ScriptAssemblies/Unity.2D.Sprite.Package.EditorTests.dll not valid. Loading of assembly skipped.
Assembly Unity.2D.Tilemap.Package.EditorTests.dll at Library/ScriptAssemblies/Unity.2D.Tilemap.Package.EditorTests.dll not valid. Loading of assembly skipped.
Assembly Unity.AI.Assistant.Integrations.Sample.Editor.dll at Library/ScriptAssemblies/Unity.AI.Assistant.Integrations.Sample.Editor.dll not valid. Loading of assembly skipped.
Assembly Unity.Analytics.DataPrivacy.Tests.dll at Library/ScriptAssemblies/Unity.Analytics.DataPrivacy.Tests.dll not valid. Loading of assembly skipped.
Assembly Unity.Analytics.StandardEvents.EditorTests.dll at Library/ScriptAssemblies/Unity.Analytics.StandardEvents.EditorTests.dll not valid. Loading of assembly skipped.
Assembly Unity.AppUI.Editor.Tests.dll at Library/ScriptAssemblies/Unity.AppUI.Editor.Tests.dll not valid. Loading of assembly skipped.
Assembly Unity.AppUI.Tests.dll at Library/ScriptAssemblies/Unity.AppUI.Tests.dll not valid. Loading of assembly skipped.
Assembly Unity.Collections.BurstCompatibilityGen.dll at Library/ScriptAssemblies/Unity.Collections.BurstCompatibilityGen.dll not valid. Loading of assembly skipped.
Assembly Unity.Collections.DocCodeSamples.dll at Library/ScriptAssemblies/Unity.Collections.DocCodeSamples.dll not valid. Loading of assembly skipped.
Assembly Unity.Collections.PerformanceTests.dll at Library/ScriptAssemblies/Unity.Collections.PerformanceTests.dll not valid. Loading of assembly skipped.
Assembly Unity.Collections.Tests.dll at Library/ScriptAssemblies/Unity.Collections.Tests.dll not valid. Loading of assembly skipped.
Assembly Unity.Collections.Tests.Playmode.dll at Library/ScriptAssemblies/Unity.Collections.Tests.Playmode.dll not valid. Loading of assembly skipped.
Assembly Unity.Mathematics.Tests.dll at Library/ScriptAssemblies/Unity.Mathematics.Tests.dll not valid. Loading of assembly skipped.
Assembly Unity.Microsoft.GDK.Discovery.EditModeTests.dll at Library/ScriptAssemblies/Unity.Microsoft.GDK.Discovery.EditModeTests.dll not valid. Loading of assembly skipped.
Assembly Unity.Microsoft.GDK.Tests.dll at Library/ScriptAssemblies/Unity.Microsoft.GDK.Tests.dll not valid. Loading of assembly skipped.
Assembly Unity.Multiplayer.Center.Editor.Tests.dll at Library/ScriptAssemblies/Unity.Multiplayer.Center.Editor.Tests.dll not valid. Loading of assembly skipped.
Assembly Unity.Multiplayer.Center.Tests.dll at Library/ScriptAssemblies/Unity.Multiplayer.Center.Tests.dll not valid. Loading of assembly skipped.
Assembly Unity.Nuget.Mono-Cecil.dll at Library/ScriptAssemblies/Unity.Nuget.Mono-Cecil.dll not valid. Loading of assembly skipped.
Assembly Unity.Postprocessing.Editor.Tests.dll at Library/ScriptAssemblies/Unity.Postprocessing.Editor.Tests.dll not valid. Loading of assembly skipped.
Assembly Unity.Postprocessing.Runtime.Tests.dll at Library/ScriptAssemblies/Unity.Postprocessing.Runtime.Tests.dll not valid. Loading of assembly skipped.
Assembly Unity.Purchasing.Apple.dll at Library/ScriptAssemblies/Unity.Purchasing.Apple.dll not valid. Loading of assembly skipped.
Assembly Unity.Purchasing.AppleMacos.dll at Library/ScriptAssemblies/Unity.Purchasing.AppleMacos.dll not valid. Loading of assembly skipped.
Assembly Unity.Purchasing.Security.dll at Library/ScriptAssemblies/Unity.Purchasing.Security.dll not valid. Loading of assembly skipped.
Assembly Unity.Purchasing.TransactionVerifier.dll at Library/ScriptAssemblies/Unity.Purchasing.TransactionVerifier.dll not valid. Loading of assembly skipped.
Assembly Unity.TextMeshPro.Editor.Tests.dll at Library/ScriptAssemblies/Unity.TextMeshPro.Editor.Tests.dll not valid. Loading of assembly skipped.
Assembly Unity.TextMeshPro.Tests.dll at Library/ScriptAssemblies/Unity.TextMeshPro.Tests.dll not valid. Loading of assembly skipped.
Assembly UnityEditor.Purchasing.Authoring.dll at Library/ScriptAssemblies/UnityEditor.Purchasing.Authoring.dll not valid. Loading of assembly skipped.
Assembly UnityEditor.Purchasing.Editor.Authoring.Core.dll at Library/ScriptAssemblies/UnityEditor.Purchasing.Editor.Authoring.Core.dll not valid. Loading of assembly skipped.
Assembly UnityEditor.UI.Common.Tests.dll at Library/ScriptAssemblies/UnityEditor.UI.Common.Tests.dll not valid. Loading of assembly skipped.
Assembly UnityEditor.UI.EditorTests.dll at Library/ScriptAssemblies/UnityEditor.UI.EditorTests.dll not valid. Loading of assembly skipped.
Assembly UnityEditor.XR.LegacyInputHelpers.Tests.dll at Library/ScriptAssemblies/UnityEditor.XR.LegacyInputHelpers.Tests.dll not valid. Loading of assembly skipped.
Assembly UnityEngine.Advertisements.Editor.Tests.dll at Library/ScriptAssemblies/UnityEngine.Advertisements.Editor.Tests.dll not valid. Loading of assembly skipped.
Assembly UnityEngine.Advertisements.Tests.dll at Library/ScriptAssemblies/UnityEngine.Advertisements.Tests.dll not valid. Loading of assembly skipped.
Assembly UnityEngine.SpatialTracking.Tests.dll at Library/ScriptAssemblies/UnityEngine.SpatialTracking.Tests.dll not valid. Loading of assembly skipped.
Assembly UnityEngine.UI.Tests.dll at Library/ScriptAssemblies/UnityEngine.UI.Tests.dll not valid. Loading of assembly skipped.
Symbol file LoadedFromMemory is not a mono symbol file
Symbol file LoadedFromMemory is not a mono symbol file
Refreshing native plugins compatible for Editor in 9.40 ms, found 6 plugins.
Native extension for WindowsStandalone target not found
[Package Manager] Failed to launch server process. Reason: Unity was launched with the -noUpm command-line argument
[Package Manager] Unable to send message (not connected to server process).
[Package Manager] Cannot connect to Unity Package Manager local server
Refreshing native plugins compatible for Editor in 13.46 ms, found 6 plugins.
[Package Manager] Failed to launch server process. Reason: Unity was launched with the -noUpm command-line argument
[Package Manager] Unable to send message (not connected to server process).
[Package Manager] Cannot connect to Unity Package Manager local server
[Licensing::Client] Error: Code 404 while processing request (status: Found 0 entitlement groups and 0 free entitlements matching requested entitlement ids)
ScheduleIndexationOnStartup MainProcess:False IndexOnStartup:True
Mono: successfully reloaded assembly
- Finished resetting the current domain, in  2.885 seconds
Domain Reload Profiling: 4724ms
	BeginReloadAssembly (292ms)
		DisableScriptedObjects (9ms)
		CreateAndSetChildDomain (35ms)
	RebuildCommonClasses (67ms)
	RebuildNativeTypeToScriptingClass (18ms)
	initialDomainReloadingComplete (165ms)
	LoadAllAssembliesAndSetupDomain (1297ms)
		LoadAssemblies (678ms)
		AnalyzeDomain (781ms)
			TypeCache.Refresh (637ms)
				TypeCache.ScanAssembly (599ms)
			BuildScriptInfoCaches (129ms)
			ResolveRequiredComponents (12ms)
	FinalizeReload (2886ms)
		SetupLoadedEditorAssemblies (0ms)
			InitializePlatformSupportModulesInManaged (3ms)
			BeforeProcessingInitializeOnLoad (255ms)
			ProcessInitializeOnLoadAttributes (1872ms)
			ProcessInitializeOnLoadMethodAttributes (496ms)
			AfterProcessingInitializeOnLoad (37ms)
		AwakeInstancesAfterBackupRestoration (15ms)
Launched and connected shader compiler UnityShaderCompiler.exe after 0.08 seconds
Refreshing native plugins compatible for Editor in 12.00 ms, found 6 plugins.
Unloading 57 Unused Serialized files (Serialized files now loaded: 0)
Unloading 9062 unused Assets / (19.8 MB). Loaded Objects now: 9645.
Memory consumption went from 192.6 MB to 172.8 MB.
Total: 27.201200 ms (FindLiveObjects: 1.179500 ms CreateObjectMapping: 2.195400 ms MarkObjects: 16.928300 ms  DeleteObjects: 6.895800 ms)

========================================================================
Received Import Request.
  Time since last request: 29291.758956 seconds.
  path: Assets/PrefabInstance/Fireball.prefab
  importAddress: Guid(33478948fa0f1434992c921ac1d3be63) Importer(815301076,1909f56bfc062723c751e8b465ee728b)
Start importing Assets/PrefabInstance/Fireball.prefab using Guid(33478948fa0f1434992c921ac1d3be63) Importer(815301076,1909f56bfc062723c751e8b465ee728b) (PreviewImporter) -> (Import Result ID: '414cd9264fbdea396bdbc2fc76fdf046') in 0.1639392 seconds [static and dynamic dependencies]. Details - ImportResultOutputID=3f651f1a35c7c52809dbb086cf8cc8c5 DependenciesID=25895e00397f185719421b9ece7de2f5 StaticDependenciesID=0d455d1c9cb0c0503d6155a613cc10e5 
Number of updated asset objects reloaded before import = 0Number of asset objects unloaded after import = 51

========================================================================
Received Import Request.
  Time since last request: 0.387041 seconds.
  path: Assets/PrefabInstance/FlowerZone.prefab
  importAddress: Guid(ce597a2d3c9662143ba81d1b83454c7b) Importer(815301076,1909f56bfc062723c751e8b465ee728b)
Start importing Assets/PrefabInstance/FlowerZone.prefab using Guid(ce597a2d3c9662143ba81d1b83454c7b) Importer(815301076,1909f56bfc062723c751e8b465ee728b) (PreviewImporter) -> (Import Result ID: '496ec69acdc4b1e12089e2434c0e91ef') in 0.0035093 seconds [static and dynamic dependencies]. Details - ImportResultOutputID=875b239f4e0dc30d7bf25a7235624ce1 DependenciesID=68b81ca1ef241595a4b2a0aa64a8b8c7 StaticDependenciesID=a2c32d7d5456b24c4eb546d7f49e92bb 
Number of updated asset objects reloaded before import = 0Number of asset objects unloaded after import = 5

========================================================================
Received Import Request.
  Time since last request: 0.125613 seconds.
  path: Assets/PrefabInstance/GoblinBlood.prefab
  importAddress: Guid(1b0624c6c5d78e34e80aacb7176a2424) Importer(815301076,1909f56bfc062723c751e8b465ee728b)
Start importing Assets/PrefabInstance/GoblinBlood.prefab using Guid(1b0624c6c5d78e34e80aacb7176a2424) Importer(815301076,1909f56bfc062723c751e8b465ee728b) (PreviewImporter) -> (Import Result ID: '2ebdaf4e37187b2fe42ee331c7e5ebe0') in 0.0681079 seconds [static and dynamic dependencies]. Details - ImportResultOutputID=447a9f81064d62a5ab5b03be215922cd DependenciesID=fc45d1df33b244312aceb3720a4d6e84 StaticDependenciesID=920bbeb8f6ddd13d9e66a4ce652e3b75 
Number of updated asset objects reloaded before import = 0Number of asset objects unloaded after import = 11

========================================================================
Received Import Request.
  Time since last request: 3.063314 seconds.
  path: Assets/PrefabInstance/Grave.prefab
  importAddress: Guid(1ed8eb955c2c7ef40b4cdbe94eb8ec3f) Importer(815301076,1909f56bfc062723c751e8b465ee728b)
Start importing Assets/PrefabInstance/Grave.prefab using Guid(1ed8eb955c2c7ef40b4cdbe94eb8ec3f) Importer(815301076,1909f56bfc062723c751e8b465ee728b) (PreviewImporter) -> (Import Result ID: 'd3ce7c2f0cd2a9690364efca63031029') in 0.1112847 seconds [static and dynamic dependencies]. Details - ImportResultOutputID=95180e027f9fa21305a25af59a420552 DependenciesID=3cb220d6aca9bffdf04b95c1710c41b2 StaticDependenciesID=e6527c176c9ecf31924b267f4695f8e8 
Number of updated asset objects reloaded before import = 0Number of asset objects unloaded after import = 45

========================================================================
Received Import Request.
  Time since last request: 1.215552 seconds.
  path: Assets/PrefabInstance/GronkProjectileHit.prefab
  importAddress: Guid(f969725cae080844fa0352f1871b01dd) Importer(815301076,1909f56bfc062723c751e8b465ee728b)
Start importing Assets/PrefabInstance/GronkProjectileHit.prefab using Guid(f969725cae080844fa0352f1871b01dd) Importer(815301076,1909f56bfc062723c751e8b465ee728b) (PreviewImporter) -> (Import Result ID: '6c059abcc601e2eb98ce6d6e4547cbd3') in 0.04095 seconds [static and dynamic dependencies]. Details - ImportResultOutputID=dc51803d6511d130526f6778330358ba DependenciesID=7c9c3adfdc5ec6371c47fad0ea829309 StaticDependenciesID=4ee53356e97564ef578e9496ba07a265 
Number of updated asset objects reloaded before import = 0Number of asset objects unloaded after import = 59

========================================================================
Received Import Request.
  Time since last request: 2.876195 seconds.
  path: Assets/PrefabInstance/GuardianHit.prefab
  importAddress: Guid(6f3d17385e86c2143a8bc09d812ce3c1) Importer(815301076,1909f56bfc062723c751e8b465ee728b)
Start importing Assets/PrefabInstance/GuardianHit.prefab using Guid(6f3d17385e86c2143a8bc09d812ce3c1) Importer(815301076,1909f56bfc062723c751e8b465ee728b) (PreviewImporter) -> (Import Result ID: '908dd657a062f66c6ca9d226ec5116ff') in 0.0388068 seconds [static and dynamic dependencies]. Details - ImportResultOutputID=f65b01a69ee83f7cff9472bec4fced9c DependenciesID=df21b47ca85deda1c97e191f553d40fb StaticDependenciesID=3cf98362fc106944c791ea3f1350b606 
Number of updated asset objects reloaded before import = 0Number of asset objects unloaded after import = 48

========================================================================
Received Import Request.
  Time since last request: 1.301696 seconds.
  path: Assets/PrefabInstance/HitEffect.prefab
  importAddress: Guid(2dab8043efff60d40bb0f384580fa359) Importer(815301076,1909f56bfc062723c751e8b465ee728b)
Start importing Assets/PrefabInstance/HitEffect.prefab using Guid(2dab8043efff60d40bb0f384580fa359) Importer(815301076,1909f56bfc062723c751e8b465ee728b) (PreviewImporter) -> (Import Result ID: 'e4a1b7662cd6c1fc415f773df26a3393') in 0.0029199 seconds [static and dynamic dependencies]. Details - ImportResultOutputID=c095fa7ca135ff2fd2ae9bc2408f8d4b DependenciesID=8496f377662b70b46b20b68e311edfbb StaticDependenciesID=e803a2222c915a24e18dbfd2028ddd42 
Number of updated asset objects reloaded before import = 0Number of asset objects unloaded after import = 5

========================================================================
Received Import Request.
  Time since last request: 0.577544 seconds.
  path: Assets/PrefabInstance/House_Looter.prefab
  importAddress: Guid(f4afac6cdef8ec34b8bd08c1fb37c9e4) Importer(815301076,1909f56bfc062723c751e8b465ee728b)
Start importing Assets/PrefabInstance/House_Looter.prefab using Guid(f4afac6cdef8ec34b8bd08c1fb37c9e4) Importer(815301076,1909f56bfc062723c751e8b465ee728b) (PreviewImporter) -> (Import Result ID: 'd3d5a2675ab77432e4fc25b69edb6fef') in 0.3238582 seconds [static and dynamic dependencies]. Details - ImportResultOutputID=19c87266d8ac8f4d6e45cad5c5536a8c DependenciesID=8323e425f8cd8597a6d2d723d8db1818 StaticDependenciesID=2f37acae1b53846abf196d13f97d9288 
Number of updated asset objects reloaded before import = 0Number of asset objects unloaded after import = 345

========================================================================
Received Import Request.
  Time since last request: 2.004383 seconds.
  path: Assets/PrefabInstance/InteractUI.prefab
  importAddress: Guid(ab11598c68c426e42ad12a5a16922d2d) Importer(815301076,1909f56bfc062723c751e8b465ee728b)
Start importing Assets/PrefabInstance/InteractUI.prefab using Guid(ab11598c68c426e42ad12a5a16922d2d) Importer(815301076,1909f56bfc062723c751e8b465ee728b) (PreviewImporter) -> (Import Result ID: '9d7b8e6f664e2c627e0005c855ca76c8') in 0.0155859 seconds [static and dynamic dependencies]. Details - ImportResultOutputID=b17fee5af0b58ee0cc36e26712f7da0e DependenciesID=fd3a54e3d5ce88b12fff76ab28da76e0 StaticDependenciesID=c4b8cf029e435d5dcc87f08d2d4dbf4e 
Number of updated asset objects reloaded before import = 0Number of asset objects unloaded after import = 18

========================================================================
Received Import Request.
  Time since last request: 1.632012 seconds.
  path: Assets/PrefabInstance/ItemUnlocked.prefab
  importAddress: Guid(cf05060f19858ca4dbd8f1c60e1d7b7a) Importer(815301076,1909f56bfc062723c751e8b465ee728b)
Start importing Assets/PrefabInstance/ItemUnlocked.prefab using Guid(cf05060f19858ca4dbd8f1c60e1d7b7a) Importer(815301076,1909f56bfc062723c751e8b465ee728b) (PreviewImporter) -> (Import Result ID: '316eac7e2d992dc731ab672f27aed2df') in 0.0179977 seconds [static and dynamic dependencies]. Details - ImportResultOutputID=5f0ddad4c2551872cddf370e229c0774 DependenciesID=71f85ab1d5d5cabc9f8b33b54d22ea73 StaticDependenciesID=d7499feb6720d5074aa45f432e4f879c 
Number of updated asset objects reloaded before import = 0Number of asset objects unloaded after import = 27

========================================================================
Received Import Request.
  Time since last request: 0.084301 seconds.
  path: Assets/PrefabInstance/LightningHitFx.prefab
  importAddress: Guid(7b7d567a75e62c54c920d0bd35afbcc2) Importer(815301076,1909f56bfc062723c751e8b465ee728b)
Start importing Assets/PrefabInstance/LightningHitFx.prefab using Guid(7b7d567a75e62c54c920d0bd35afbcc2) Importer(815301076,1909f56bfc062723c751e8b465ee728b) (PreviewImporter) -> (Import Result ID: 'ea4f37958feda1436ea3d0d0cb831f65') in 0.0188522 seconds [static and dynamic dependencies]. Details - ImportResultOutputID=9a89a850367b82cf48f5a94c2bf2737e DependenciesID=88b67183137218129b140ea02bc4f3df StaticDependenciesID=be60cf662eb7272d2d0e41691eee4fc7 
Number of updated asset objects reloaded before import = 0Number of asset objects unloaded after import = 22

========================================================================
Received Import Request.
  Time since last request: 0.000025 seconds.
  path: Assets/PrefabInstance/LootChestBlue.prefab
  importAddress: Guid(a7e95584b81c40b4d8ee91b832fe138d) Importer(815301076,1909f56bfc062723c751e8b465ee728b)
Start importing Assets/PrefabInstance/LootChestBlue.prefab using Guid(a7e95584b81c40b4d8ee91b832fe138d) Importer(815301076,1909f56bfc062723c751e8b465ee728b) (PreviewImporter) -> (Import Result ID: '849adb83b852c8cd1bb87a74222e7738') in 0.1787367 seconds [static and dynamic dependencies]. Details - ImportResultOutputID=a19c451fc6eb3dfbb7f4c971df54552e DependenciesID=858d93a67342306a12ff68465f2a76c2 StaticDependenciesID=05eb6a3becf04a8026ded68b929e23a6 
Number of updated asset objects reloaded before import = 0Number of asset objects unloaded after import = 226

========================================================================
Received Import Request.
  Time since last request: 6.641144 seconds.
  path: Assets/PrefabInstance/LootChestOrange.prefab
  importAddress: Guid(afb3761b6ac302f4bade58fe7b68e618) Importer(815301076,1909f56bfc062723c751e8b465ee728b)
Start importing Assets/PrefabInstance/LootChestOrange.prefab using Guid(afb3761b6ac302f4bade58fe7b68e618) Importer(815301076,1909f56bfc062723c751e8b465ee728b) (PreviewImporter) -> (Import Result ID: '015cb1c4ff1a6ae0984e5555673b522b') in 0.193269 seconds [static and dynamic dependencies]. Details - ImportResultOutputID=968a41bc5e64c594f40169130dd09723 DependenciesID=6cbc03d6d6e2d8352a63b823db8e9e3c StaticDependenciesID=ccd71aa49d6ead243a79ed972d7316db 
Number of updated asset objects reloaded before import = 0Number of asset objects unloaded after import = 226

========================================================================
Received Import Request.
  Time since last request: 0.000041 seconds.
  path: Assets/PrefabInstance/MobZone.prefab
  importAddress: Guid(591bae076e060864792d375d4318dfbc) Importer(815301076,1909f56bfc062723c751e8b465ee728b)
Start importing Assets/PrefabInstance/MobZone.prefab using Guid(591bae076e060864792d375d4318dfbc) Importer(815301076,1909f56bfc062723c751e8b465ee728b) (PreviewImporter) -> (Import Result ID: '81b18950fcebf12f40ab316ccafb1d44') in 0.0666058 seconds [static and dynamic dependencies]. Details - ImportResultOutputID=4386a4ff326eeba637ee4fa761796b25 DependenciesID=75583cd9496495f1b5e04a5762cb3bbb StaticDependenciesID=da6be42927bcb094234c9b878852634b 
Number of updated asset objects reloaded before import = 0Number of asset objects unloaded after import = 331

========================================================================
Received Import Request.
  Time since last request: 18.606322 seconds.
  path: Assets/PrefabInstance/MushroomSus.prefab
  importAddress: Guid(56644c47090b93042999e5d00cf18b56) Importer(815301076,1909f56bfc062723c751e8b465ee728b)
Start importing Assets/PrefabInstance/MushroomSus.prefab using Guid(56644c47090b93042999e5d00cf18b56) Importer(815301076,1909f56bfc062723c751e8b465ee728b) (PreviewImporter) -> (Import Result ID: '0ba3569223263611069fd51b5555dc8f') in 0.1462679 seconds [static and dynamic dependencies]. Details - ImportResultOutputID=8d56606ac6bf41877a03f08826a932c9 DependenciesID=61f3437bb331b0d5c05ddf081e6b759c StaticDependenciesID=91114db6f8a040064a34bc2c1eebae66 
Number of updated asset objects reloaded before import = 0Number of asset objects unloaded after import = 197

========================================================================
Received Import Request.
  Time since last request: 0.389914 seconds.
  path: Assets/PrefabInstance/OnlinePlayer.prefab
  importAddress: Guid(a19ea38ab2ec68c4981969c0b625d48b) Importer(815301076,1909f56bfc062723c751e8b465ee728b)
Start importing Assets/PrefabInstance/OnlinePlayer.prefab using Guid(a19ea38ab2ec68c4981969c0b625d48b) Importer(815301076,1909f56bfc062723c751e8b465ee728b) (PreviewImporter) -> (Import Result ID: '7387aa448dd62351d64f03d5fa7e293b') in 0.0815517 seconds [static and dynamic dependencies]. Details - ImportResultOutputID=a866d240c630d58702314815b42fc83d DependenciesID=5967cc77166bd499f1a233c82d43bf31 StaticDependenciesID=615df547fb9876a7d427bdc40a24aff6 
Number of updated asset objects reloaded before import = 0Number of asset objects unloaded after import = 270

========================================================================
Received Import Request.
  Time since last request: 0.005974 seconds.
  path: Assets/PrefabInstance/Planks_floor.prefab
  importAddress: Guid(9ce5bfadbc1825b4e82a880cecabe26e) Importer(815301076,1909f56bfc062723c751e8b465ee728b)
Start importing Assets/PrefabInstance/Planks_floor.prefab using Guid(9ce5bfadbc1825b4e82a880cecabe26e) Importer(815301076,1909f56bfc062723c751e8b465ee728b) (PreviewImporter) -> (Import Result ID: 'cc0ac484052f248711399da01220d386') in 0.0876738 seconds [static and dynamic dependencies]. Details - ImportResultOutputID=895ea253d3cff094ce88de907445251d DependenciesID=bf5b4d2a5cdb077b198193148ec82c58 StaticDependenciesID=1052685082722ca3d7a2c1d7e5036021 
Number of updated asset objects reloaded before import = 0Number of asset objects unloaded after import = 97

========================================================================
Received Import Request.
  Time since last request: 2.041505 seconds.
  path: Assets/PrefabInstance/Planks_Stairs.prefab
  importAddress: Guid(d70ffa87ce6f6964e8a16c8df397f78a) Importer(815301076,1909f56bfc062723c751e8b465ee728b)
Start importing Assets/PrefabInstance/Planks_Stairs.prefab using Guid(d70ffa87ce6f6964e8a16c8df397f78a) Importer(815301076,1909f56bfc062723c751e8b465ee728b) (PreviewImporter) -> (Import Result ID: 'ccf2256165c279ca0babc367e573f994') in 0.0737151 seconds [static and dynamic dependencies]. Details - ImportResultOutputID=11e91189f59363d46682075cb4eb122c DependenciesID=4773f36dcd6df5ce94062acf369725f3 StaticDependenciesID=793f2ff05bdd02576841bf480265ef22 
Number of updated asset objects reloaded before import = 0Number of asset objects unloaded after import = 97

Editor requested this worker to shutdown with reason: Scaling down because of idle timeout
AssetImportWorker is now disconnected from the server
Process exiting
Exiting without the bug reporter. Application will terminate with return code 0