[Licensing::Module] Trying to connect to existing licensing client channel...
Built from '6000.4/staging' branch; Version is '6000.4.10f1 (feeafc12a938) revision 16706300'; Using compiler version '194234433'; Build Type 'Release'
[Licensing::IpcConnector] Successfully connected to: "LicenseClient-chris" at "2026-09-12T17:03:44.7974318Z"
OS: 'Windows 11  (10.0.26200) Core' Language: 'en' Physical Memory: 32189 MB
BatchMode: 1, IsHumanControllingUs: 0, StartBugReporterOnCrash: 0, Is64bit: 1
System  architecture: x64
Process architecture: x64
Date: 2026-09-12T17:03:44Z

COMMAND LINE ARGUMENTS:
C:\Program Files\Unity\Hub\Editor\6000.4.10f1\Editor\Unity.exe
-adb2
-batchMode
-noUpm
-name
AssetImportWorker17
-projectPath
C:/Users/chris/Documents/VSCODEPROJECTS/REPOS/MuckedUp
-logFile
Logs/AssetImportWorker17.log
-srvPort
58741
-licensingIpc
LicenseClient-chris
-force-d3d12
-job-worker-count
7
-background-job-worker-count
8
-gc-helper-count
1
-name
AssetImport
Successfully changed project path to: C:/Users/chris/Documents/VSCODEPROJECTS/REPOS/MuckedUp
C:/Users/chris/Documents/VSCODEPROJECTS/REPOS/MuckedUp
[UnityMemory] Configuration Parameters - Can be set up in boot.config
    "memorysetup-temp-allocator-size-gi-baking-worker=262144"
    "memorysetup-temp-allocator-size-gi-baking-worker=262144"
    "memorysetup-temp-allocator-size-gi-baking-worker=262144"
    "memorysetup-temp-allocator-size-gi-baking-worker=262144"
    "memorysetup-temp-allocator-size-gi-baking-worker=262144"
    "memorysetup-temp-allocator-size-nav-mesh-worker=65536"
    "memorysetup-temp-allocator-size-audio-worker=65536"
    "memorysetup-temp-allocator-size-cloud-worker=32768"
    "memorysetup-temp-allocator-size-gfx=262144"
    "memorysetup-temp-allocator-size-preload-manager=33554432"
    "memorysetup-temp-allocator-size-job-worker=262144"
    "memorysetup-temp-allocator-size-background-worker=32768"
    "memorysetup-allocator-temp-initial-block-size-main=262144"
    "memorysetup-allocator-temp-initial-block-size-worker=262144"
    "memorysetup-bucket-allocator-granularity=16"
    "memorysetup-bucket-allocator-bucket-count=8"
    "memorysetup-bucket-allocator-block-size=33554432"
    "memorysetup-bucket-allocator-block-count=8"
    "memorysetup-main-allocator-block-size=16777216"
    "memorysetup-thread-allocator-block-size=16777216"
    "memorysetup-gfx-main-allocator-block-size=16777216"
    "memorysetup-gfx-thread-allocator-block-size=16777216"
    "memorysetup-cache-allocator-block-size=4194304"
    "memorysetup-typetree-allocator-block-size=2097152"
    "memorysetup-profiler-bucket-allocator-granularity=16"
    "memorysetup-profiler-bucket-allocator-bucket-count=8"
    "memorysetup-profiler-bucket-allocator-block-size=33554432"
    "memorysetup-profiler-bucket-allocator-block-count=8"
    "memorysetup-profiler-allocator-block-size=16777216"
    "memorysetup-profiler-editor-allocator-block-size=1048576"
    "memorysetup-temp-allocator-size-main=16777216"
    "memorysetup-job-temp-allocator-block-size=2097152"
    "memorysetup-job-temp-allocator-block-size-background=1048576"
    "memorysetup-job-temp-allocator-reduction-small-platforms=262144"
Player connection [6360]  Target information:

Player connection [6360]  * "[IP] 192.168.4.28 [Port] 0 [Flags] 2 [Guid] 2055190158 [EditorId] 2055190158 [Version] 1048832 [Id] WindowsEditor(7,Asus-Z-2) [Debug] 1 [PackageName] WindowsEditor [ProjectName] Editor" 

Player connection [6360] Host joined multi-casting on [225.0.0.222:54997]...
Player connection [6360] Host joined alternative multi-casting on [225.0.0.222:34997]...
JobSystem: Creating JobQueue using job-worker-count value 7
Input System module state changed to: Initialized.
[Physics::Module] Initialized fallback backend.
[Physics::Module] Id: 0xdecafbad
Library Redirect Path: Library/
[Physics::Module] Selected backend.
[Physics::Module] Name: PhysX
[Physics::Module] Id: 0xf2b8ea05
[Physics::Module] SDK Version: 4.1.2
[Physics::Module] Integration Version: 1.0.0
[Physics::Module] Threading Mode: Multi-Threaded
Refreshing native plugins compatible for Editor in 28.63 ms, found 6 plugins.
Preloading 1 native plugins for Editor in 4.72 ms.
Initialize engine version: 6000.4.10f1 (feeafc12a938)
[Subsystems] Discovering subsystems at path C:/Program Files/Unity/Hub/Editor/6000.4.10f1/Editor/Data/Resources/UnitySubsystems
[Subsystems] Discovering subsystems at path C:/Users/chris/Documents/VSCODEPROJECTS/REPOS/MuckedUp/Assets
Forcing GfxDevice: Direct3D 12
GfxDevice: creating device client; kGfxThreadingModeNonThreaded
d3d12: failed to query info queue interface (0x80004002).
Direct3D:
    Version:         Direct3D 12 [level 12.2]
    Renderer:        NVIDIA GeForce RTX 5080 Laptop GPU (ID=0x2c59)
    Vendor:          NVIDIA
    VRAM:            16003 MB
    App VRAM Budget: 15235 MB
    Driver:          32.0.16.1088
Initialize mono
Mono path[0] = 'C:/Program Files/Unity/Hub/Editor/6000.4.10f1/Editor/Data/Managed'
Mono path[1] = 'C:/Program Files/Unity/Hub/Editor/6000.4.10f1/Editor/Data/MonoBleedingEdge/lib/mono/unityjit-win32'
Mono config path = 'C:/Program Files/Unity/Hub/Editor/6000.4.10f1/Editor/Data/MonoBleedingEdge/etc'
Using monoOptions --debugger-agent=transport=dt_socket,embedding=1,server=y,suspend=n,address=127.0.0.1:56012
CodeReloadManager initialized
Begin MonoManager ReloadAssembly
Registering precompiled unity dll's ...
Register platform support module: C:/Program Files/Unity/Hub/Editor/6000.4.10f1/Editor/Data/PlaybackEngines/WebGLSupport/UnityEditor.WebGL.Extensions.dll
Register platform support module: C:/Program Files/Unity/Hub/Editor/6000.4.10f1/Editor/Data/PlaybackEngines/WindowsStandaloneSupport/UnityEditor.WindowsStandalone.Extensions.dll
Registered in 0.003031 seconds.
[Licensing::Client] Error: HandshakeResponse reported an error:
	ResponseCode: 505
	ResponseStatus: Unsupported protocol version '1.18.1'.
[Licensing::Module] Error: Failed to handshake to channel: "LicenseClient-chris"
[Licensing::IpcConnector] LicenseClient-chris channel disconnected successfully.
[Licensing::IpcConnector] Successfully connected to: "LicenseClient-chris-6000.4.10" at "2026-09-12T17:03:47.1121991Z"
[Licensing::Client] Code 10 while verifying Licensing Client signature (process Id: 1772, path: "C:/Program Files/Unity/Hub/Editor/6000.4.10f1/Editor/Data/Resources/Licensing/Client/Unity.Licensing.Client.exe")
[Licensing::Module] LicensingClient has failed validation; ignoring
[Licensing::Client] Handshaking with LicensingClient:
  Version:                 1.18.1+9fbee8e
  Session Id:              bfd9af52234047748ee20c748e0e816f
  Correlation Id:          fd51f5d1309bfe5155c680cfca751b39
  External correlation Id: 8701455915395941057
  Machine Id:              qjKs8DFrk8EBF4sOshQ983V5ek0=
[Licensing::Module] Successfully connected to LicensingClient on channel: "LicenseClient-chris-6000.4.10" (connect: 0.00s, validation: 0.01s, handshake: 0.01s)
[Licensing::IpcConnector] Successfully connected to: "LicenseClient-chris-6000.4.10-notifications" at "2026-09-12T17:03:47.1303795Z"
[Licensing::Module] Licensing Background thread has ended after 2.33s
Native extension for WindowsStandalone target not found
Native extension for WebGL target not found
Package Manager log level set to [2]
[Package Manager] Failed to launch server process. Reason: Unity was launched with the -noUpm command-line argument
[Package Manager] Unable to send message (not connected to server process).
[Package Manager] Cannot connect to Unity Package Manager local server
ScheduleIndexationOnStartup MainProcess:False IndexOnStartup:True
Mono: successfully reloaded assembly
- Finished resetting the current domain, in  0.668 seconds
Domain Reload Profiling: 1440ms
	BeginReloadAssembly (219ms)
	RebuildCommonClasses (66ms)
	RebuildNativeTypeToScriptingClass (22ms)
	initialDomainReloadingComplete (119ms)
	LoadAllAssembliesAndSetupDomain (343ms)
		LoadAssemblies (214ms)
		AnalyzeDomain (328ms)
			TypeCache.Refresh (326ms)
				TypeCache.ScanAssembly (303ms)
	FinalizeReload (671ms)
		SetupLoadedEditorAssemblies (0ms)
			InitializePlatformSupportModulesInManaged (82ms)
			BeforeProcessingInitializeOnLoad (128ms)
			ProcessInitializeOnLoadAttributes (179ms)
			ProcessInitializeOnLoadMethodAttributes (134ms)
========================================================================
Worker process is ready to serve import requests
Import Worker Mode flag is 0x00
Begin MonoManager ReloadAssembly
[Licensing::Client] Successfully resolved entitlement details
[Licensing::Module] License group:
  Id: 1374564138397-UnityPersXXXX
  Product: Unity Personal
  Type: Assigned
  Expiration: Unlimited
Assembly Assembly-CSharp-Editor-firstpass.dll at Library/ScriptAssemblies/Assembly-CSharp-Editor-firstpass.dll not valid. Loading of assembly skipped.
Assembly Assembly-CSharp-firstpass.dll at Library/ScriptAssemblies/Assembly-CSharp-firstpass.dll not valid. Loading of assembly skipped.
Assembly DocCodeExamples.dll at Library/ScriptAssemblies/DocCodeExamples.dll not valid. Loading of assembly skipped.
Assembly GdkToolsEditModeTests.dll at Library/ScriptAssemblies/GdkToolsEditModeTests.dll not valid. Loading of assembly skipped.
Assembly TestNewCustomAssembly.dll at Library/ScriptAssemblies/TestNewCustomAssembly.dll not valid. Loading of assembly skipped.
Assembly Unity.2D.Sprite.Package.EditorTests.dll at Library/ScriptAssemblies/Unity.2D.Sprite.Package.EditorTests.dll not valid. Loading of assembly skipped.
Assembly Unity.2D.Tilemap.Package.EditorTests.dll at Library/ScriptAssemblies/Unity.2D.Tilemap.Package.EditorTests.dll not valid. Loading of assembly skipped.
Assembly Unity.AI.Assistant.Integrations.Sample.Editor.dll at Library/ScriptAssemblies/Unity.AI.Assistant.Integrations.Sample.Editor.dll not valid. Loading of assembly skipped.
Assembly Unity.Analytics.DataPrivacy.Tests.dll at Library/ScriptAssemblies/Unity.Analytics.DataPrivacy.Tests.dll not valid. Loading of assembly skipped.
Assembly Unity.Analytics.StandardEvents.EditorTests.dll at Library/ScriptAssemblies/Unity.Analytics.StandardEvents.EditorTests.dll not valid. Loading of assembly skipped.
Assembly Unity.AppUI.Editor.Tests.dll at Library/ScriptAssemblies/Unity.AppUI.Editor.Tests.dll not valid. Loading of assembly skipped.
Assembly Unity.AppUI.Tests.dll at Library/ScriptAssemblies/Unity.AppUI.Tests.dll not valid. Loading of assembly skipped.
Assembly Unity.Collections.BurstCompatibilityGen.dll at Library/ScriptAssemblies/Unity.Collections.BurstCompatibilityGen.dll not valid. Loading of assembly skipped.
Assembly Unity.Collections.DocCodeSamples.dll at Library/ScriptAssemblies/Unity.Collections.DocCodeSamples.dll not valid. Loading of assembly skipped.
Assembly Unity.Collections.PerformanceTests.dll at Library/ScriptAssemblies/Unity.Collections.PerformanceTests.dll not valid. Loading of assembly skipped.
Assembly Unity.Collections.Tests.dll at Library/ScriptAssemblies/Unity.Collections.Tests.dll not valid. Loading of assembly skipped.
Assembly Unity.Collections.Tests.Playmode.dll at Library/ScriptAssemblies/Unity.Collections.Tests.Playmode.dll not valid. Loading of assembly skipped.
Assembly Unity.Mathematics.Tests.dll at Library/ScriptAssemblies/Unity.Mathematics.Tests.dll not valid. Loading of assembly skipped.
Assembly Unity.Microsoft.GDK.Discovery.EditModeTests.dll at Library/ScriptAssemblies/Unity.Microsoft.GDK.Discovery.EditModeTests.dll not valid. Loading of assembly skipped.
Assembly Unity.Microsoft.GDK.Tests.dll at Library/ScriptAssemblies/Unity.Microsoft.GDK.Tests.dll not valid. Loading of assembly skipped.
Assembly Unity.Multiplayer.Center.Editor.Tests.dll at Library/ScriptAssemblies/Unity.Multiplayer.Center.Editor.Tests.dll not valid. Loading of assembly skipped.
Assembly Unity.Multiplayer.Center.Tests.dll at Library/ScriptAssemblies/Unity.Multiplayer.Center.Tests.dll not valid. Loading of assembly skipped.
Assembly Unity.Nuget.Mono-Cecil.dll at Library/ScriptAssemblies/Unity.Nuget.Mono-Cecil.dll not valid. Loading of assembly skipped.
Assembly Unity.Postprocessing.Editor.Tests.dll at Library/ScriptAssemblies/Unity.Postprocessing.Editor.Tests.dll not valid. Loading of assembly skipped.
Assembly Unity.Postprocessing.Runtime.Tests.dll at Library/ScriptAssemblies/Unity.Postprocessing.Runtime.Tests.dll not valid. Loading of assembly skipped.
Assembly Unity.Purchasing.Apple.dll at Library/ScriptAssemblies/Unity.Purchasing.Apple.dll not valid. Loading of assembly skipped.
Assembly Unity.Purchasing.AppleMacos.dll at Library/ScriptAssemblies/Unity.Purchasing.AppleMacos.dll not valid. Loading of assembly skipped.
Assembly Unity.Purchasing.Security.dll at Library/ScriptAssemblies/Unity.Purchasing.Security.dll not valid. Loading of assembly skipped.
Assembly Unity.Purchasing.TransactionVerifier.dll at Library/ScriptAssemblies/Unity.Purchasing.TransactionVerifier.dll not valid. Loading of assembly skipped.
Assembly Unity.TextMeshPro.Editor.Tests.dll at Library/ScriptAssemblies/Unity.TextMeshPro.Editor.Tests.dll not valid. Loading of assembly skipped.
Assembly Unity.TextMeshPro.Tests.dll at Library/ScriptAssemblies/Unity.TextMeshPro.Tests.dll not valid. Loading of assembly skipped.
Assembly UnityEditor.Purchasing.Authoring.dll at Library/ScriptAssemblies/UnityEditor.Purchasing.Authoring.dll not valid. Loading of assembly skipped.
Assembly UnityEditor.Purchasing.Editor.Authoring.Core.dll at Library/ScriptAssemblies/UnityEditor.Purchasing.Editor.Authoring.Core.dll not valid. Loading of assembly skipped.
Assembly UnityEditor.UI.Common.Tests.dll at Library/ScriptAssemblies/UnityEditor.UI.Common.Tests.dll not valid. Loading of assembly skipped.
Assembly UnityEditor.UI.EditorTests.dll at Library/ScriptAssemblies/UnityEditor.UI.EditorTests.dll not valid. Loading of assembly skipped.
Assembly UnityEditor.XR.LegacyInputHelpers.Tests.dll at Library/ScriptAssemblies/UnityEditor.XR.LegacyInputHelpers.Tests.dll not valid. Loading of assembly skipped.
Assembly UnityEngine.Advertisements.Editor.Tests.dll at Library/ScriptAssemblies/UnityEngine.Advertisements.Editor.Tests.dll not valid. Loading of assembly skipped.
Assembly UnityEngine.Advertisements.Tests.dll at Library/ScriptAssemblies/UnityEngine.Advertisements.Tests.dll not valid. Loading of assembly skipped.
Assembly UnityEngine.SpatialTracking.Tests.dll at Library/ScriptAssemblies/UnityEngine.SpatialTracking.Tests.dll not valid. Loading of assembly skipped.
Assembly UnityEngine.UI.Tests.dll at Library/ScriptAssemblies/UnityEngine.UI.Tests.dll not valid. Loading of assembly skipped.
Symbol file LoadedFromMemory is not a mono symbol file
Symbol file LoadedFromMemory is not a mono symbol file
Refreshing native plugins compatible for Editor in 27.75 ms, found 6 plugins.
Native extension for WindowsStandalone target not found
Native extension for WebGL target not found
[Package Manager] Failed to launch server process. Reason: Unity was launched with the -noUpm command-line argument
[Package Manager] Unable to send message (not connected to server process).
[Package Manager] Cannot connect to Unity Package Manager local server
Refreshing native plugins compatible for Editor in 41.71 ms, found 6 plugins.
[Package Manager] Failed to launch server process. Reason: Unity was launched with the -noUpm command-line argument
[Package Manager] Unable to send message (not connected to server process).
[Package Manager] Cannot connect to Unity Package Manager local server
[Licensing::Client] Error: Code 404 while processing request (status: Found 0 entitlement groups and 0 free entitlements matching requested entitlement ids)
ScheduleIndexationOnStartup MainProcess:False IndexOnStartup:True
Mono: successfully reloaded assembly
- Finished resetting the current domain, in  4.328 seconds
Domain Reload Profiling: 6392ms
	BeginReloadAssembly (316ms)
		DisableScriptedObjects (10ms)
		CreateAndSetChildDomain (71ms)
	RebuildCommonClasses (69ms)
	RebuildNativeTypeToScriptingClass (26ms)
	initialDomainReloadingComplete (229ms)
	LoadAllAssembliesAndSetupDomain (1424ms)
		LoadAssemblies (880ms)
		AnalyzeDomain (699ms)
			TypeCache.Refresh (563ms)
				TypeCache.ScanAssembly (518ms)
			BuildScriptInfoCaches (123ms)
			ResolveRequiredComponents (11ms)
	FinalizeReload (4328ms)
		SetupLoadedEditorAssemblies (0ms)
			InitializePlatformSupportModulesInManaged (4ms)
			BeforeProcessingInitializeOnLoad (328ms)
			ProcessInitializeOnLoadAttributes (3261ms)
			ProcessInitializeOnLoadMethodAttributes (472ms)
			AfterProcessingInitializeOnLoad (8ms)
		AwakeInstancesAfterBackupRestoration (10ms)
Launched and connected shader compiler UnityShaderCompiler.exe after 0.06 seconds
Refreshing native plugins compatible for Editor in 31.02 ms, found 6 plugins.
Unloading 57 Unused Serialized files (Serialized files now loaded: 0)
Unloading 9062 unused Assets / (19.3 MB). Loaded Objects now: 9643.
Memory consumption went from 191.1 MB to 171.8 MB.
Total: 33.222400 ms (FindLiveObjects: 1.708800 ms CreateObjectMapping: 1.634300 ms MarkObjects: 20.197900 ms  DeleteObjects: 9.673700 ms)

========================================================================
Received Import Request.
  Time since last request: 8429.807229 seconds.
  path: Assets/PrefabInstance/Furnace.prefab
  importAddress: Guid(27621716aba511c4b8d4606f92ac1917) Importer(815301076,1909f56bfc062723c751e8b465ee728b)
Start importing Assets/PrefabInstance/Furnace.prefab using Guid(27621716aba511c4b8d4606f92ac1917) Importer(815301076,1909f56bfc062723c751e8b465ee728b) (PreviewImporter) -> (Import Result ID: 'e0244efac4f0ca05ccc9a332de57a414') in 0.435693 seconds [static and dynamic dependencies]. Details - ImportResultOutputID=5c8bf9f620225647292d8bb6c61b3144 DependenciesID=5386c083600ae62a68bc20cee95f18fb StaticDependenciesID=fd88dae81dc106d4ceda3fb3bba959a4 
Number of updated asset objects reloaded before import = 0Number of asset objects unloaded after import = 166

========================================================================
Received Import Request.
  Time since last request: 0.926260 seconds.
  path: Assets/PrefabInstance/Zone.prefab
  importAddress: Guid(497e57c0cdd74cf4285ce4a9f32fab89) Importer(815301076,1909f56bfc062723c751e8b465ee728b)
Start importing Assets/PrefabInstance/Zone.prefab using Guid(497e57c0cdd74cf4285ce4a9f32fab89) Importer(815301076,1909f56bfc062723c751e8b465ee728b) (PreviewImporter) -> (Import Result ID: 'b893f774c10c53e9e862c5ff9d687c7d') in 0.9797878 seconds [static and dynamic dependencies]. Details - ImportResultOutputID=3152b6f9eac8d4f3d7084a4083789f99 DependenciesID=a59614a9ac69f717076405c5f4d9d420 StaticDependenciesID=89f42d78e3b43d1085d1318ecb4de478 
Number of updated asset objects reloaded before import = 0Number of asset objects unloaded after import = 32

========================================================================
Received Import Request.
  Time since last request: 4.496721 seconds.
  path: Assets/AudioClip/EnemySpawn.wav
  importAddress: Guid(d991801eeda707a4aab056ce84632587) Importer(815301076,1909f56bfc062723c751e8b465ee728b)
Start importing Assets/AudioClip/EnemySpawn.wav using Guid(d991801eeda707a4aab056ce84632587) Importer(815301076,1909f56bfc062723c751e8b465ee728b) (PreviewImporter) -> (Import Result ID: 'b2135398fda7a94b92d73fafd2a9a411') in 0.1341731 seconds [static and dynamic dependencies]. Details - ImportResultOutputID=3d3247e366329eba440f13d038da1cbe DependenciesID=c15b88da4135a396b21ff213c7cc4a60 StaticDependenciesID=ae4e877c01ad6de7faa6190839b63c75 
Number of updated asset objects reloaded before import = 0Number of asset objects unloaded after import = 2

========================================================================
Received Import Request.
  Time since last request: 0.000050 seconds.
  path: Assets/AudioClip/foot_wood2.wav
  importAddress: Guid(4784f2a154149544385abe4c40e97720) Importer(815301076,1909f56bfc062723c751e8b465ee728b)
Start importing Assets/AudioClip/foot_wood2.wav using Guid(4784f2a154149544385abe4c40e97720) Importer(815301076,1909f56bfc062723c751e8b465ee728b) (PreviewImporter) -> (Import Result ID: '07f756c2e791bf3cf25b90ef51698a4c') in 0.0150769 seconds [static and dynamic dependencies]. Details - ImportResultOutputID=39d3b7e30b017d2be9e3ba6134d21f46 DependenciesID=19f7052e80585b61229034efc4991392 StaticDependenciesID=e06628542dd5e8a90b5f5aaa8866deb0 
Number of updated asset objects reloaded before import = 0Number of asset objects unloaded after import = 2

========================================================================
Received Import Request.
  Time since last request: 0.000057 seconds.
  path: Assets/PolygonFantasyKingdom/Prefabs/FX_Prefabs/FX_Arrow_Barrage_Small_01.prefab
  importAddress: Guid(9840b47138bfcc646b7c0cc6dec8b31d) Importer(815301076,1909f56bfc062723c751e8b465ee728b)
Start importing Assets/PolygonFantasyKingdom/Prefabs/FX_Prefabs/FX_Arrow_Barrage_Small_01.prefab using Guid(9840b47138bfcc646b7c0cc6dec8b31d) Importer(815301076,1909f56bfc062723c751e8b465ee728b) (PreviewImporter) -> (Import Result ID: '1df4c257d7feccb7b01e348ef78f0ed2') in 0.0944035 seconds [static and dynamic dependencies]. Details - ImportResultOutputID=e642562d0d70a455df9a9ae574243e4a DependenciesID=62d242fbff513aed8e15f71d5e529a53 StaticDependenciesID=a9ef417b10ffef37c6c0d26cdcad159b 
Number of updated asset objects reloaded before import = 0Number of asset objects unloaded after import = 17

========================================================================
Received Import Request.
  Time since last request: 0.000040 seconds.
  path: Assets/AudioClip/foot_wood5.wav
  importAddress: Guid(26b6366b52c21f445802d66aaefe38d3) Importer(815301076,1909f56bfc062723c751e8b465ee728b)
Start importing Assets/AudioClip/foot_wood5.wav using Guid(26b6366b52c21f445802d66aaefe38d3) Importer(815301076,1909f56bfc062723c751e8b465ee728b) (PreviewImporter) -> (Import Result ID: 'ee79e74507b7b98b2f4dee1f09aa710c') in 0.0154278 seconds [static and dynamic dependencies]. Details - ImportResultOutputID=e9abaea3687460eb7cad203abf494a99 DependenciesID=b2ef411dbccdc24af347811621997dc2 StaticDependenciesID=866d445c52f71a9c49fe06e7cd773ad3 
Number of updated asset objects reloaded before import = 0Number of asset objects unloaded after import = 2

========================================================================
Received Import Request.
  Time since last request: 0.000073 seconds.
  path: Assets/Material/GemYellow.mat
  importAddress: Guid(3da95f84ba9682e4596753d0d7b1e2c0) Importer(815301076,1909f56bfc062723c751e8b465ee728b)
Start importing Assets/Material/GemYellow.mat using Guid(3da95f84ba9682e4596753d0d7b1e2c0) Importer(815301076,1909f56bfc062723c751e8b465ee728b) (PreviewImporter) -> (Import Result ID: '23b4af6d32d392d02c9152f5b0fcd9c7') in 0.1821844 seconds [static and dynamic dependencies]. Details - ImportResultOutputID=0f4d725f0d0ebb0df4414a864be830ac DependenciesID=529919649cee7d87f11bbc6f9a132a2c StaticDependenciesID=3f4b7a11b39a3187d16b9a28fa437c80 
Number of updated asset objects reloaded before import = 0Number of asset objects unloaded after import = 3

========================================================================
Received Import Request.
  Time since last request: 0.499383 seconds.
  path: Assets/PolygonFantasyKingdom/Models/SM_Wep_Catapult_01.fbx
  importAddress: Guid(ef1c973447c779245867fd980a733912) Importer(815301076,1909f56bfc062723c751e8b465ee728b)
Start importing Assets/PolygonFantasyKingdom/Models/SM_Wep_Catapult_01.fbx using Guid(ef1c973447c779245867fd980a733912) Importer(815301076,1909f56bfc062723c751e8b465ee728b) (PreviewImporter) -> (Import Result ID: '2588a2b4f69c4ca10fe97fad3e6ca988') in 0.2795297 seconds [static and dynamic dependencies]. Details - ImportResultOutputID=1f8f932a79de2fe0ec7a2e0dedaf0c9c DependenciesID=ccb093f08a2f824f7953834742919d01 StaticDependenciesID=7287087294d02431810a545f8db137ac 
Number of updated asset objects reloaded before import = 0Number of asset objects unloaded after import = 37

========================================================================
Received Import Request.
  Time since last request: 0.000041 seconds.
  path: Assets/PolygonFantasyKingdom/Models/SM_Wep_Siege_Tower_01.fbx
  importAddress: Guid(f064938462246bb46b7669258d8b0521) Importer(815301076,1909f56bfc062723c751e8b465ee728b)
Start importing Assets/PolygonFantasyKingdom/Models/SM_Wep_Siege_Tower_01.fbx using Guid(f064938462246bb46b7669258d8b0521) Importer(815301076,1909f56bfc062723c751e8b465ee728b) (PreviewImporter) -> (Import Result ID: 'ec810bf5e693b88cd4c9fc0b6d628a10') in 0.1344362 seconds [static and dynamic dependencies]. Details - ImportResultOutputID=d41069d32649efad7c29e8492e3fed79 DependenciesID=a2fb7da318b6557cbef34addefb087ea StaticDependenciesID=77bcd226dca4a205a05faf379f9d580e 
Number of updated asset objects reloaded before import = 0Number of asset objects unloaded after import = 27

========================================================================
Received Import Request.
  Time since last request: 0.228427 seconds.
  path: Assets/PolygonFantasyKingdom/Models/SM_Prop_Wheat_Bunch_01.fbx
  importAddress: Guid(49f2e7624373475419f3a05b9b0f00a2) Importer(815301076,1909f56bfc062723c751e8b465ee728b)
Start importing Assets/PolygonFantasyKingdom/Models/SM_Prop_Wheat_Bunch_01.fbx using Guid(49f2e7624373475419f3a05b9b0f00a2) Importer(815301076,1909f56bfc062723c751e8b465ee728b) (PreviewImporter) -> (Import Result ID: '27626eff36cce1081692d9a5562a29ab') in 0.0413882 seconds [static and dynamic dependencies]. Details - ImportResultOutputID=9075214814f6ac5850cbf7d02c2106e1 DependenciesID=8cb4d665b99aa294c37acfd67a179ecc StaticDependenciesID=a95e6822342bb16fca94d4e5fe82306d 
Number of updated asset objects reloaded before import = 0Number of asset objects unloaded after import = 7

========================================================================
Received Import Request.
  Time since last request: 6.636547 seconds.
  path: Assets/PrefabInstance/Wheat.prefab
  importAddress: Guid(bf9712916c738dd42ac23bc9abb15d42) Importer(815301076,1909f56bfc062723c751e8b465ee728b)
Start importing Assets/PrefabInstance/Wheat.prefab using Guid(bf9712916c738dd42ac23bc9abb15d42) Importer(815301076,1909f56bfc062723c751e8b465ee728b) (PreviewImporter) -> (Import Result ID: '4c8ee9d75853b594869ac1f74cc88825') in 0.4391174 seconds [static and dynamic dependencies]. Details - ImportResultOutputID=3b71bb7ab57e9a53ee8a6061d642b207 DependenciesID=0a2fcaf18155ddad520d1273368c1b2e StaticDependenciesID=8a8ce131e363302acfc6d72e5841784c 
Number of updated asset objects reloaded before import = 0Number of asset objects unloaded after import = 215

========================================================================
Received Import Request.
  Time since last request: 0.869359 seconds.
  path: Assets/PrefabInstance/Wheat.prefab
  importAddress: Guid(bf9712916c738dd42ac23bc9abb15d42) Importer(815301076,1909f56bfc062723c751e8b465ee728b)
Start importing Assets/PrefabInstance/Wheat.prefab using Guid(bf9712916c738dd42ac23bc9abb15d42) Importer(815301076,1909f56bfc062723c751e8b465ee728b) (PreviewImporter) -> (Import Result ID: 'c4ba8858a30fe8f8dc40624e65bd9f7e') in 0.2886327 seconds [static and dynamic dependencies]. Details - ImportResultOutputID=c56fb488016a2b77ef639b8dcec903de DependenciesID=7c614f25dafd40c166c1f00d81598baa StaticDependenciesID=578f477a984e080987564c562803c152 
Number of updated asset objects reloaded before import = 0Number of asset objects unloaded after import = 197

========================================================================
Received Import Request.
  Time since last request: 1.960697 seconds.
  path: Assets/PrefabInstance/Wheat.prefab
  importAddress: Guid(bf9712916c738dd42ac23bc9abb15d42) Importer(815301076,1909f56bfc062723c751e8b465ee728b)
Start importing Assets/PrefabInstance/Wheat.prefab using Guid(bf9712916c738dd42ac23bc9abb15d42) Importer(815301076,1909f56bfc062723c751e8b465ee728b) (PreviewImporter) -> (Import Result ID: '48b51c6b3acd9b07d60e7f46c2068f26') in 0.3032823 seconds [static and dynamic dependencies]. Details - ImportResultOutputID=37b55f5bbad8f05ee60b32a25bbe8ee1 DependenciesID=e2724ad4f8db3a2b05b9c15e58d692bd StaticDependenciesID=161ece567bae88c6eafda1b7a1aa56b6 
Number of updated asset objects reloaded before import = 0Number of asset objects unloaded after import = 215

========================================================================
Received Import Request.
  Time since last request: 10.332820 seconds.
  path: Assets/Material/AdamantiteBar.mat
  importAddress: Guid(baef70c730dc9004e9062c33c3edad6a) Importer(815301076,1909f56bfc062723c751e8b465ee728b)
Start importing Assets/Material/AdamantiteBar.mat using Guid(baef70c730dc9004e9062c33c3edad6a) Importer(815301076,1909f56bfc062723c751e8b465ee728b) (PreviewImporter) -> (Import Result ID: 'fd6e841eabdec904cdecd348b0f20c18') in 0.0582518 seconds [static and dynamic dependencies]. Details - ImportResultOutputID=514175e24dfdf7b6fe19e05ceb71d397 DependenciesID=35216b11b9b5ade8cb0e6d9b05d45214 StaticDependenciesID=c16f8bf009a8c4bef5c2ad0950782532 
Number of updated asset objects reloaded before import = 0Number of asset objects unloaded after import = 3

========================================================================
Received Import Request.
  Time since last request: 22.039018 seconds.
  path: Assets/Vehicles/Audio/accel_nico.wav
  importAddress: Guid(398e40f53ee4c2e41a1e33f9b006853c) Importer(815301076,1909f56bfc062723c751e8b465ee728b)
Start importing Assets/Vehicles/Audio/accel_nico.wav using Guid(398e40f53ee4c2e41a1e33f9b006853c) Importer(815301076,1909f56bfc062723c751e8b465ee728b) (PreviewImporter) -> (Import Result ID: '2d96a1271501bfc3cf4b5ddefa6f6cc0') in 0.0315499 seconds [static and dynamic dependencies]. Details - ImportResultOutputID=e09a5dd1fbb8e7b945bd7f077d88ecea DependenciesID=88218eba5fbd5beaa219b93b8b146c44 StaticDependenciesID=473771f3ed0a985fa184d5fd127134ee 
Number of updated asset objects reloaded before import = 0Number of asset objects unloaded after import = 2

========================================================================
Received Import Request.
  Time since last request: 0.000160 seconds.
  path: Assets/TextMesh Pro/Examples & Extras/Fonts/Anton.ttf
  importAddress: Guid(997a43b767814dd0a7642ec9b78cba41) Importer(815301076,1909f56bfc062723c751e8b465ee728b)
Start importing Assets/TextMesh Pro/Examples & Extras/Fonts/Anton.ttf using Guid(997a43b767814dd0a7642ec9b78cba41) Importer(815301076,1909f56bfc062723c751e8b465ee728b) (PreviewImporter) -> (Import Result ID: 'cd97b5b1cef51691226c189e539fa33c') in 0.0957678 seconds [static and dynamic dependencies]. Details - ImportResultOutputID=baf65cdc704cf89b25f62673a1d4cceb DependenciesID=a28244c1ddcdb7c8d243cd7df5b86246 StaticDependenciesID=43edcb317106da6f71bcba4d0097e3b0 
Number of updated asset objects reloaded before import = 0Number of asset objects unloaded after import = 4

========================================================================
Received Import Request.
  Time since last request: 0.000054 seconds.
  path: Assets/Texture2D/AnvilIcon.png
  importAddress: Guid(03c708abc18626043aa52321ef84eb4c) Importer(815301076,1909f56bfc062723c751e8b465ee728b)
Start importing Assets/Texture2D/AnvilIcon.png using Guid(03c708abc18626043aa52321ef84eb4c) Importer(815301076,1909f56bfc062723c751e8b465ee728b) (PreviewImporter) -> (Import Result ID: '4f9e760a99778eaae22b77c284159c42') in 0.062394 seconds [static and dynamic dependencies]. Details - ImportResultOutputID=5d1f36e1539e49e8c3ffe36e0132461c DependenciesID=a6f2d7eabb9bba77762e1bb1ce9a0427 StaticDependenciesID=c482660aef27ed72b5fb86abdd116ef1 
Number of updated asset objects reloaded before import = 0Number of asset objects unloaded after import = 3

========================================================================
Received Import Request.
  Time since last request: 0.000053 seconds.
  path: Assets/TextMesh Pro/Examples & Extras/Resources/Fonts & Materials/Anton SDF - Outline.mat
  importAddress: Guid(a00013af81304728b2be1f4309ee2433) Importer(815301076,1909f56bfc062723c751e8b465ee728b)
Start importing Assets/TextMesh Pro/Examples & Extras/Resources/Fonts & Materials/Anton SDF - Outline.mat using Guid(a00013af81304728b2be1f4309ee2433) Importer(815301076,1909f56bfc062723c751e8b465ee728b) (PreviewImporter) -> (Import Result ID: '0f534b4f48afc38f14d7230c6e021737') in 0.1260527 seconds [static and dynamic dependencies]. Details - ImportResultOutputID=c92afc72ca42b8a7d28cd3a77c8be810 DependenciesID=cbf5ec37da8c94976eefe08dc505455f StaticDependenciesID=a62ba8cdfd48a999ef328d3881fdbf30 
Number of updated asset objects reloaded before import = 0Number of asset objects unloaded after import = 2

========================================================================
Received Import Request.
  Time since last request: 0.000076 seconds.
  path: Assets/ScriptableObject/Items/Arrow_Adamantite.asset
  importAddress: Guid(582b5b4ac97cbf44198df5d116f2bc1f) Importer(815301076,1909f56bfc062723c751e8b465ee728b)
Start importing Assets/ScriptableObject/Items/Arrow_Adamantite.asset using Guid(582b5b4ac97cbf44198df5d116f2bc1f) Importer(815301076,1909f56bfc062723c751e8b465ee728b) (PreviewImporter) -> (Import Result ID: '8dc90ea98b33a6f5567462e5a668c183') in 0.0772632 seconds [static and dynamic dependencies]. Details - ImportResultOutputID=3256ed9ed1d31d237274872a858695f1 DependenciesID=deb774c36f8e6bd6648e193449de1c9f StaticDependenciesID=8bbcd5470ad71e207db096eae7079665 
Number of updated asset objects reloaded before import = 0Number of asset objects unloaded after import = 196

========================================================================
Received Import Request.
  Time since last request: 0.243932 seconds.
  path: Assets/ScriptableObject/Items/Bow-Oak.asset
  importAddress: Guid(a4bba41c8ae485a4ca0af8c12ab5e806) Importer(815301076,1909f56bfc062723c751e8b465ee728b)
Start importing Assets/ScriptableObject/Items/Bow-Oak.asset using Guid(a4bba41c8ae485a4ca0af8c12ab5e806) Importer(815301076,1909f56bfc062723c751e8b465ee728b) (PreviewImporter) -> (Import Result ID: '98e6f7fbba690c47e57d5de5e7a10782') in 0.0897897 seconds [static and dynamic dependencies]. Details - ImportResultOutputID=b860b1f5c56328240cfaee51d0e363b9 DependenciesID=acbd50afe560c92899034aaf83234f86 StaticDependenciesID=efa493a2fca92de7d4b600974ac7a9c4 
Number of updated asset objects reloaded before import = 0Number of asset objects unloaded after import = 224

========================================================================
Received Import Request.
  Time since last request: 0.000038 seconds.
  path: Assets/Texture2D/Wood_Oak.png
  importAddress: Guid(d85ad4845d317dd46b5615c71aab556e) Importer(815301076,1909f56bfc062723c751e8b465ee728b)
Start importing Assets/Texture2D/Wood_Oak.png using Guid(d85ad4845d317dd46b5615c71aab556e) Importer(815301076,1909f56bfc062723c751e8b465ee728b) (PreviewImporter) -> (Import Result ID: 'a90be321760126ff0f0dfdcd0a5b81cb') in 0.0329776 seconds [static and dynamic dependencies]. Details - ImportResultOutputID=b99905624d8caf4e943d943ab20526d0 DependenciesID=dedbd75a5e500aac9add3ef6abd871bd StaticDependenciesID=98b0586344d3fd5d4757086ef1421469 
Number of updated asset objects reloaded before import = 0Number of asset objects unloaded after import = 3

========================================================================
Received Import Request.
  Time since last request: 3.408924 seconds.
  path: Assets/AnimatorController/Wolf.controller
  importAddress: Guid(39e8db0cf0e05f2489cf593d78b67660) Importer(815301076,1909f56bfc062723c751e8b465ee728b)
Start importing Assets/AnimatorController/Wolf.controller using Guid(39e8db0cf0e05f2489cf593d78b67660) Importer(815301076,1909f56bfc062723c751e8b465ee728b) (PreviewImporter) -> (Import Result ID: '00d4efbef8e924799ff321c7411dd24b') in 0.0189399 seconds [static and dynamic dependencies]. Details - ImportResultOutputID=0233c7c4577e34ad4edf4d7e318dfe94 DependenciesID=986f5dcf1a8a6e7bc3a7db054e3cc91f StaticDependenciesID=56abbc2d08354fc86edcb53d78dfacb8 
Number of updated asset objects reloaded before import = 0Number of asset objects unloaded after import = 12

========================================================================
Received Import Request.
  Time since last request: 0.000038 seconds.
  path: Assets/Nicrom/PolyPacks/Wind/Assets/Materials/LPW_Tree_A1_01.mat
  importAddress: Guid(927609256dc40a34691e6a870845e7f6) Importer(815301076,1909f56bfc062723c751e8b465ee728b)
Start importing Assets/Nicrom/PolyPacks/Wind/Assets/Materials/LPW_Tree_A1_01.mat using Guid(927609256dc40a34691e6a870845e7f6) Importer(815301076,1909f56bfc062723c751e8b465ee728b) (PreviewImporter) -> (Import Result ID: 'f42a4b091aae6c2b64f372104976a731') in 0.04268 seconds [static and dynamic dependencies]. Details - ImportResultOutputID=040c8e90be59e006077c3131115671ba DependenciesID=6786401c900c34acfd323c12c79c7abd StaticDependenciesID=e9e9ef171f67f6a5ad9e65160237eb06 
Number of updated asset objects reloaded before import = 0Number of asset objects unloaded after import = 3

========================================================================
Received Import Request.
  Time since last request: 0.000046 seconds.
  path: Assets/AnimatorController/Wyvern.controller
  importAddress: Guid(749e5ab0c51cb6e4fb12233887a9bac1) Importer(815301076,1909f56bfc062723c751e8b465ee728b)
Start importing Assets/AnimatorController/Wyvern.controller using Guid(749e5ab0c51cb6e4fb12233887a9bac1) Importer(815301076,1909f56bfc062723c751e8b465ee728b) (PreviewImporter) -> (Import Result ID: '3119ad0b203b527e87616e0e71d991cb') in 0.0075156 seconds [static and dynamic dependencies]. Details - ImportResultOutputID=e3903c067a6b9bec54cc17c0ed72691e DependenciesID=5bfc7c79c74845815b47d84b66567b78 StaticDependenciesID=68c54c11ae5a0ce3a5ac38a4da614e9b 
Number of updated asset objects reloaded before import = 0Number of asset objects unloaded after import = 15

========================================================================
Received Import Request.
  Time since last request: 0.000051 seconds.
  path: Assets/Nicrom/PolyPacks/Wind/Assets/Models/LPW_Tree_A1_6.5m_01.fbx
  importAddress: Guid(394ff57e6222f6a49b8053a8947975ff) Importer(815301076,1909f56bfc062723c751e8b465ee728b)
Start importing Assets/Nicrom/PolyPacks/Wind/Assets/Models/LPW_Tree_A1_6.5m_01.fbx using Guid(394ff57e6222f6a49b8053a8947975ff) Importer(815301076,1909f56bfc062723c751e8b465ee728b) (PreviewImporter) -> (Import Result ID: '8286ca42b8fdef3ddfd5250519ddd7e1') in 0.0345213 seconds [static and dynamic dependencies]. Details - ImportResultOutputID=c0b44f75f996655adeeeb502f48c2280 DependenciesID=ff3eb5aaddd58a07cffe80185c17a95b StaticDependenciesID=dfe0714b38ef0a69c25a7f02368245fc 
Number of updated asset objects reloaded before import = 0Number of asset objects unloaded after import = 7

========================================================================
Received Import Request.
  Time since last request: 5.096865 seconds.
  path: Assets/PolygonFantasyKingdom/Prefabs/Environments/SM_Env_Big_Tree_01.prefab
  importAddress: Guid(1847aa3ec5e8b29468675ceacfd7f8e6) Importer(815301076,1909f56bfc062723c751e8b465ee728b)
Start importing Assets/PolygonFantasyKingdom/Prefabs/Environments/SM_Env_Big_Tree_01.prefab using Guid(1847aa3ec5e8b29468675ceacfd7f8e6) Importer(815301076,1909f56bfc062723c751e8b465ee728b) (PreviewImporter) -> (Import Result ID: '7f44412b754fdb67c1c496037393ebb8') in 0.1903035 seconds [static and dynamic dependencies]. Details - ImportResultOutputID=0e5e94b8478662c9e454d5c91ea19896 DependenciesID=668d63fe66d7ec33d39febea5c53ebb9 StaticDependenciesID=ef139160e02b62cf8db272bf5b72e9d3 
Number of updated asset objects reloaded before import = 0Number of asset objects unloaded after import = 28

========================================================================
Received Import Request.
  Time since last request: 0.000065 seconds.
  path: Assets/PolygonFantasyKingdom/Prefabs/Props/SM_Prop_Street_Lamp_02.prefab
  importAddress: Guid(08fbd81b18b8c4949b0f5b250596657a) Importer(815301076,1909f56bfc062723c751e8b465ee728b)
Start importing Assets/PolygonFantasyKingdom/Prefabs/Props/SM_Prop_Street_Lamp_02.prefab using Guid(08fbd81b18b8c4949b0f5b250596657a) Importer(815301076,1909f56bfc062723c751e8b465ee728b) (PreviewImporter) -> (Import Result ID: '03ab87c88e5014457f664fda084c38fe') in 0.1086165 seconds [static and dynamic dependencies]. Details - ImportResultOutputID=ede90fc5b6bb775d4f73ef178d284e57 DependenciesID=016e85337edc678dd5f059cd9f975686 StaticDependenciesID=76bbc17f6d4f0ba9c6aa118a41c5b07b 
Number of updated asset objects reloaded before import = 0Number of asset objects unloaded after import = 12

========================================================================
Received Import Request.
  Time since last request: 0.000082 seconds.
  path: Assets/PolygonFantasyKingdom/Prefabs/Environments/SM_Env_Tree_Pine_Cluster_02.prefab
  importAddress: Guid(b134f3b15eaeff041bc28faf7b5dc10c) Importer(815301076,1909f56bfc062723c751e8b465ee728b)
Start importing Assets/PolygonFantasyKingdom/Prefabs/Environments/SM_Env_Tree_Pine_Cluster_02.prefab using Guid(b134f3b15eaeff041bc28faf7b5dc10c) Importer(815301076,1909f56bfc062723c751e8b465ee728b) (PreviewImporter) -> (Import Result ID: '8c46bce309f2b03a2045f0dc200d86b9') in 0.0967323 seconds [static and dynamic dependencies]. Details - ImportResultOutputID=a9c522dc5fdf2193bb290580c6b89a83 DependenciesID=bb903cbf6859cd052bfdec37c7a61f77 StaticDependenciesID=25d3a8d8ace42d1f705c991985cb8cbd 
Number of updated asset objects reloaded before import = 0Number of asset objects unloaded after import = 13

========================================================================
Received Import Request.
  Time since last request: 0.000041 seconds.
  path: Assets/PolygonFantasyKingdom/Prefabs/Environments/SM_Env_Tree_Dead_04.prefab
  importAddress: Guid(2f9f7196dbd6f6846bba6eaa7cb39096) Importer(815301076,1909f56bfc062723c751e8b465ee728b)
Start importing Assets/PolygonFantasyKingdom/Prefabs/Environments/SM_Env_Tree_Dead_04.prefab using Guid(2f9f7196dbd6f6846bba6eaa7cb39096) Importer(815301076,1909f56bfc062723c751e8b465ee728b) (PreviewImporter) -> (Import Result ID: 'bc8a99179ecf449696dad575ac98d9bf') in 0.0860093 seconds [static and dynamic dependencies]. Details - ImportResultOutputID=da505aac2014db239e20e04191ae2b0e DependenciesID=8eb46e7fe561a17568a435f8910e4414 StaticDependenciesID=2920a4a7bc1d4c88ce7f8b3c158bdebe 
Number of updated asset objects reloaded before import = 0Number of asset objects unloaded after import = 21

========================================================================
Received Import Request.
  Time since last request: 0.000042 seconds.
  path: Assets/PolygonFantasyKingdom/Prefabs/Props/SM_Prop_Street_Lamp_01.prefab
  importAddress: Guid(bac41e063fe0fec4dae7fc7740141d27) Importer(815301076,1909f56bfc062723c751e8b465ee728b)
Start importing Assets/PolygonFantasyKingdom/Prefabs/Props/SM_Prop_Street_Lamp_01.prefab using Guid(bac41e063fe0fec4dae7fc7740141d27) Importer(815301076,1909f56bfc062723c751e8b465ee728b) (PreviewImporter) -> (Import Result ID: '89cd21550892fda8aebec2186b327bdd') in 0.0753209 seconds [static and dynamic dependencies]. Details - ImportResultOutputID=cd10daebee95e39a095e2774bc1b5165 DependenciesID=a360121d4fe1926420df4a607d4b88bb StaticDependenciesID=86c7170c3a63cd269964ac55650b1a51 
Number of updated asset objects reloaded before import = 0Number of asset objects unloaded after import = 12

========================================================================
Received Import Request.
  Time since last request: 0.000057 seconds.
  path: Assets/PolygonFantasyKingdom/Prefabs/Environments/SM_Env_Tree_Dead_02.prefab
  importAddress: Guid(ef619b5970133f2458367dda94962cd1) Importer(815301076,1909f56bfc062723c751e8b465ee728b)
Start importing Assets/PolygonFantasyKingdom/Prefabs/Environments/SM_Env_Tree_Dead_02.prefab using Guid(ef619b5970133f2458367dda94962cd1) Importer(815301076,1909f56bfc062723c751e8b465ee728b) (PreviewImporter) -> (Import Result ID: '7f9fd70808c12f9511d5b1965077753e') in 0.0707465 seconds [static and dynamic dependencies]. Details - ImportResultOutputID=a001e67dd9ca068d9220faad4187176e DependenciesID=9f94f31343cc83178d890b040cf646fe StaticDependenciesID=b309e8ffcdc29edaa566941d30951578 
Number of updated asset objects reloaded before import = 0Number of asset objects unloaded after import = 12

========================================================================
Received Import Request.
  Time since last request: 0.000046 seconds.
  path: Assets/PolygonFantasyKingdom/Prefabs/Environments/SM_Env_Tree_Dead_01.prefab
  importAddress: Guid(083e710e1692a3a49ab0410e22780f8a) Importer(815301076,1909f56bfc062723c751e8b465ee728b)
Start importing Assets/PolygonFantasyKingdom/Prefabs/Environments/SM_Env_Tree_Dead_01.prefab using Guid(083e710e1692a3a49ab0410e22780f8a) Importer(815301076,1909f56bfc062723c751e8b465ee728b) (PreviewImporter) -> (Import Result ID: '4024408a089cc76ad221719f0f42afed') in 0.0751733 seconds [static and dynamic dependencies]. Details - ImportResultOutputID=77c9418c40180029b348136533b0e69e DependenciesID=3867ef0deb796843f659e95092ad8122 StaticDependenciesID=756c8603e7f0799b20989ee7d872d577 
Number of updated asset objects reloaded before import = 0Number of asset objects unloaded after import = 12

Editor requested this worker to shutdown with reason: Scaling down because of idle timeout
AssetImportWorker is now disconnected from the server
Process exiting
Exiting without the bug reporter. Application will terminate with return code 0