[Licensing::Module] Trying to connect to existing licensing client channel...
Built from '6000.4/staging' branch; Version is '6000.4.10f1 (feeafc12a938) revision 16706300'; Using compiler version '194234433'; Build Type 'Release'
[Licensing::IpcConnector] Successfully connected to: "LicenseClient-chris" at "2026-09-12T15:23:50.909462Z"
OS: 'Windows 11  (10.0.26200) Core' Language: 'en' Physical Memory: 32189 MB
BatchMode: 1, IsHumanControllingUs: 0, StartBugReporterOnCrash: 0, Is64bit: 1
System  architecture: x64
Process architecture: x64
Date: 2026-09-12T15:23:50Z

COMMAND LINE ARGUMENTS:
C:\Program Files\Unity\Hub\Editor\6000.4.10f1\Editor\Unity.exe
-adb2
-batchMode
-noUpm
-name
AssetImportWorker4
-projectPath
C:/Users/chris/Documents/VSCODEPROJECTS/REPOS/MuckedUp
-logFile
Logs/AssetImportWorker4.log
-srvPort
58741
-licensingIpc
LicenseClient-chris
-force-d3d12
-job-worker-count
7
-background-job-worker-count
8
-gc-helper-count
1
-name
AssetImport
Successfully changed project path to: C:/Users/chris/Documents/VSCODEPROJECTS/REPOS/MuckedUp
C:/Users/chris/Documents/VSCODEPROJECTS/REPOS/MuckedUp
[UnityMemory] Configuration Parameters - Can be set up in boot.config
    "memorysetup-temp-allocator-size-gi-baking-worker=262144"
    "memorysetup-temp-allocator-size-gi-baking-worker=262144"
    "memorysetup-temp-allocator-size-gi-baking-worker=262144"
    "memorysetup-temp-allocator-size-gi-baking-worker=262144"
    "memorysetup-temp-allocator-size-gi-baking-worker=262144"
    "memorysetup-temp-allocator-size-nav-mesh-worker=65536"
    "memorysetup-temp-allocator-size-audio-worker=65536"
    "memorysetup-temp-allocator-size-cloud-worker=32768"
    "memorysetup-temp-allocator-size-gfx=262144"
    "memorysetup-temp-allocator-size-preload-manager=33554432"
    "memorysetup-temp-allocator-size-job-worker=262144"
    "memorysetup-temp-allocator-size-background-worker=32768"
    "memorysetup-allocator-temp-initial-block-size-main=262144"
    "memorysetup-allocator-temp-initial-block-size-worker=262144"
    "memorysetup-bucket-allocator-granularity=16"
    "memorysetup-bucket-allocator-bucket-count=8"
    "memorysetup-bucket-allocator-block-size=33554432"
    "memorysetup-bucket-allocator-block-count=8"
    "memorysetup-main-allocator-block-size=16777216"
    "memorysetup-thread-allocator-block-size=16777216"
    "memorysetup-gfx-main-allocator-block-size=16777216"
    "memorysetup-gfx-thread-allocator-block-size=16777216"
    "memorysetup-cache-allocator-block-size=4194304"
    "memorysetup-typetree-allocator-block-size=2097152"
    "memorysetup-profiler-bucket-allocator-granularity=16"
    "memorysetup-profiler-bucket-allocator-bucket-count=8"
    "memorysetup-profiler-bucket-allocator-block-size=33554432"
    "memorysetup-profiler-bucket-allocator-block-count=8"
    "memorysetup-profiler-allocator-block-size=16777216"
    "memorysetup-profiler-editor-allocator-block-size=1048576"
    "memorysetup-temp-allocator-size-main=16777216"
    "memorysetup-job-temp-allocator-block-size=2097152"
    "memorysetup-job-temp-allocator-block-size-background=1048576"
    "memorysetup-job-temp-allocator-reduction-small-platforms=262144"
Player connection [27256]  Target information:

Player connection [27256]  * "[IP] 192.168.4.28 [Port] 0 [Flags] 2 [Guid] 2791113636 [EditorId] 2791113636 [Version] 1048832 [Id] WindowsEditor(7,Asus-Z-2) [Debug] 1 [PackageName] WindowsEditor [ProjectName] Editor" 

Player connection [27256] Host joined multi-casting on [225.0.0.222:54997]...
Player connection [27256] Host joined alternative multi-casting on [225.0.0.222:34997]...
JobSystem: Creating JobQueue using job-worker-count value 7
Input System module state changed to: Initialized.
[Physics::Module] Initialized fallback backend.
[Physics::Module] Id: 0xdecafbad
Library Redirect Path: Library/
[Physics::Module] Selected backend.
[Physics::Module] Name: PhysX
[Physics::Module] Id: 0xf2b8ea05
[Physics::Module] SDK Version: 4.1.2
[Physics::Module] Integration Version: 1.0.0
[Physics::Module] Threading Mode: Multi-Threaded
Refreshing native plugins compatible for Editor in 23.45 ms, found 6 plugins.
Preloading 1 native plugins for Editor in 4.02 ms.
Initialize engine version: 6000.4.10f1 (feeafc12a938)
[Subsystems] Discovering subsystems at path C:/Program Files/Unity/Hub/Editor/6000.4.10f1/Editor/Data/Resources/UnitySubsystems
[Subsystems] Discovering subsystems at path C:/Users/chris/Documents/VSCODEPROJECTS/REPOS/MuckedUp/Assets
Forcing GfxDevice: Direct3D 12
GfxDevice: creating device client; kGfxThreadingModeNonThreaded
d3d12: failed to query info queue interface (0x80004002).
Direct3D:
    Version:         Direct3D 12 [level 12.2]
    Renderer:        NVIDIA GeForce RTX 5080 Laptop GPU (ID=0x2c59)
    Vendor:          NVIDIA
    VRAM:            16003 MB
    App VRAM Budget: 15235 MB
    Driver:          32.0.16.1088
Initialize mono
Mono path[0] = 'C:/Program Files/Unity/Hub/Editor/6000.4.10f1/Editor/Data/Managed'
Mono path[1] = 'C:/Program Files/Unity/Hub/Editor/6000.4.10f1/Editor/Data/MonoBleedingEdge/lib/mono/unityjit-win32'
Mono config path = 'C:/Program Files/Unity/Hub/Editor/6000.4.10f1/Editor/Data/MonoBleedingEdge/etc'
Using monoOptions --debugger-agent=transport=dt_socket,embedding=1,server=y,suspend=n,address=127.0.0.1:56792
CodeReloadManager initialized
Begin MonoManager ReloadAssembly
[Licensing::Client] Error: HandshakeResponse reported an error:
	ResponseCode: 505
	ResponseStatus: Unsupported protocol version '1.18.1'.
[Licensing::Module] Error: Failed to handshake to channel: "LicenseClient-chris"
[Licensing::IpcConnector] LicenseClient-chris channel disconnected successfully.
[Licensing::IpcConnector] Successfully connected to: "LicenseClient-chris-6000.4.10" at "2026-09-12T15:23:53.1284962Z"
[Licensing::Client] Code 10 while verifying Licensing Client signature (process Id: 1772, path: "C:/Program Files/Unity/Hub/Editor/6000.4.10f1/Editor/Data/Resources/Licensing/Client/Unity.Licensing.Client.exe")
[Licensing::Module] LicensingClient has failed validation; ignoring
[Licensing::Client] Handshaking with LicensingClient:
  Version:                 1.18.1+9fbee8e
  Session Id:              410bbc8298a943faa11378ffe6cf20f6
  Correlation Id:          fd51f5d1309bfe5155c680cfca751b39
  External correlation Id: 1384231898622030465
  Machine Id:              qjKs8DFrk8EBF4sOshQ983V5ek0=
[Licensing::Module] Successfully connected to LicensingClient on channel: "LicenseClient-chris-6000.4.10" (connect: 0.00s, validation: 0.00s, handshake: 0.01s)
[Licensing::IpcConnector] Successfully connected to: "LicenseClient-chris-6000.4.10-notifications" at "2026-09-12T15:23:53.1407375Z"
[Licensing::Module] Licensing Background thread has ended after 2.23s
Registering precompiled unity dll's ...
Register platform support module: C:/Program Files/Unity/Hub/Editor/6000.4.10f1/Editor/Data/PlaybackEngines/WebGLSupport/UnityEditor.WebGL.Extensions.dll
Register platform support module: C:/Program Files/Unity/Hub/Editor/6000.4.10f1/Editor/Data/PlaybackEngines/WindowsStandaloneSupport/UnityEditor.WindowsStandalone.Extensions.dll
Registered in 0.002685 seconds.
Native extension for WindowsStandalone target not found
Native extension for WebGL target not found
Package Manager log level set to [2]
[Package Manager] Failed to launch server process. Reason: Unity was launched with the -noUpm command-line argument
[Package Manager] Unable to send message (not connected to server process).
[Package Manager] Cannot connect to Unity Package Manager local server
ScheduleIndexationOnStartup MainProcess:False IndexOnStartup:True
Mono: successfully reloaded assembly
- Finished resetting the current domain, in  0.632 seconds
Domain Reload Profiling: 1345ms
	BeginReloadAssembly (204ms)
	RebuildCommonClasses (58ms)
	RebuildNativeTypeToScriptingClass (20ms)
	initialDomainReloadingComplete (100ms)
	LoadAllAssembliesAndSetupDomain (330ms)
		LoadAssemblies (198ms)
		AnalyzeDomain (317ms)
			TypeCache.Refresh (316ms)
				TypeCache.ScanAssembly (295ms)
	FinalizeReload (634ms)
		SetupLoadedEditorAssemblies (0ms)
			InitializePlatformSupportModulesInManaged (75ms)
			BeforeProcessingInitializeOnLoad (128ms)
			ProcessInitializeOnLoadAttributes (177ms)
			ProcessInitializeOnLoadMethodAttributes (137ms)
========================================================================
Worker process is ready to serve import requests
Import Worker Mode flag is 0x00
Begin MonoManager ReloadAssembly
[Licensing::Client] Successfully resolved entitlement details
[Licensing::Module] License group:
  Id: 1374564138397-UnityPersXXXX
  Product: Unity Personal
  Type: Assigned
  Expiration: Unlimited
Assembly Assembly-CSharp-Editor-firstpass.dll at Library/ScriptAssemblies/Assembly-CSharp-Editor-firstpass.dll not valid. Loading of assembly skipped.
Assembly Assembly-CSharp-firstpass.dll at Library/ScriptAssemblies/Assembly-CSharp-firstpass.dll not valid. Loading of assembly skipped.
Assembly DocCodeExamples.dll at Library/ScriptAssemblies/DocCodeExamples.dll not valid. Loading of assembly skipped.
Assembly GdkToolsEditModeTests.dll at Library/ScriptAssemblies/GdkToolsEditModeTests.dll not valid. Loading of assembly skipped.
Assembly TestNewCustomAssembly.dll at Library/ScriptAssemblies/TestNewCustomAssembly.dll not valid. Loading of assembly skipped.
Assembly Unity.2D.Sprite.Package.EditorTests.dll at Library/ScriptAssemblies/Unity.2D.Sprite.Package.EditorTests.dll not valid. Loading of assembly skipped.
Assembly Unity.2D.Tilemap.Package.EditorTests.dll at Library/ScriptAssemblies/Unity.2D.Tilemap.Package.EditorTests.dll not valid. Loading of assembly skipped.
Assembly Unity.AI.Assistant.Integrations.Sample.Editor.dll at Library/ScriptAssemblies/Unity.AI.Assistant.Integrations.Sample.Editor.dll not valid. Loading of assembly skipped.
Assembly Unity.Analytics.DataPrivacy.Tests.dll at Library/ScriptAssemblies/Unity.Analytics.DataPrivacy.Tests.dll not valid. Loading of assembly skipped.
Assembly Unity.Analytics.StandardEvents.EditorTests.dll at Library/ScriptAssemblies/Unity.Analytics.StandardEvents.EditorTests.dll not valid. Loading of assembly skipped.
Assembly Unity.AppUI.Editor.Tests.dll at Library/ScriptAssemblies/Unity.AppUI.Editor.Tests.dll not valid. Loading of assembly skipped.
Assembly Unity.AppUI.Tests.dll at Library/ScriptAssemblies/Unity.AppUI.Tests.dll not valid. Loading of assembly skipped.
Assembly Unity.Collections.BurstCompatibilityGen.dll at Library/ScriptAssemblies/Unity.Collections.BurstCompatibilityGen.dll not valid. Loading of assembly skipped.
Assembly Unity.Collections.DocCodeSamples.dll at Library/ScriptAssemblies/Unity.Collections.DocCodeSamples.dll not valid. Loading of assembly skipped.
Assembly Unity.Collections.PerformanceTests.dll at Library/ScriptAssemblies/Unity.Collections.PerformanceTests.dll not valid. Loading of assembly skipped.
Assembly Unity.Collections.Tests.dll at Library/ScriptAssemblies/Unity.Collections.Tests.dll not valid. Loading of assembly skipped.
Assembly Unity.Collections.Tests.Playmode.dll at Library/ScriptAssemblies/Unity.Collections.Tests.Playmode.dll not valid. Loading of assembly skipped.
Assembly Unity.Mathematics.Tests.dll at Library/ScriptAssemblies/Unity.Mathematics.Tests.dll not valid. Loading of assembly skipped.
Assembly Unity.Microsoft.GDK.Discovery.EditModeTests.dll at Library/ScriptAssemblies/Unity.Microsoft.GDK.Discovery.EditModeTests.dll not valid. Loading of assembly skipped.
Assembly Unity.Microsoft.GDK.Tests.dll at Library/ScriptAssemblies/Unity.Microsoft.GDK.Tests.dll not valid. Loading of assembly skipped.
Assembly Unity.Multiplayer.Center.Editor.Tests.dll at Library/ScriptAssemblies/Unity.Multiplayer.Center.Editor.Tests.dll not valid. Loading of assembly skipped.
Assembly Unity.Multiplayer.Center.Tests.dll at Library/ScriptAssemblies/Unity.Multiplayer.Center.Tests.dll not valid. Loading of assembly skipped.
Assembly Unity.Nuget.Mono-Cecil.dll at Library/ScriptAssemblies/Unity.Nuget.Mono-Cecil.dll not valid. Loading of assembly skipped.
Assembly Unity.Postprocessing.Editor.Tests.dll at Library/ScriptAssemblies/Unity.Postprocessing.Editor.Tests.dll not valid. Loading of assembly skipped.
Assembly Unity.Postprocessing.Runtime.Tests.dll at Library/ScriptAssemblies/Unity.Postprocessing.Runtime.Tests.dll not valid. Loading of assembly skipped.
Assembly Unity.Purchasing.Apple.dll at Library/ScriptAssemblies/Unity.Purchasing.Apple.dll not valid. Loading of assembly skipped.
Assembly Unity.Purchasing.AppleMacos.dll at Library/ScriptAssemblies/Unity.Purchasing.AppleMacos.dll not valid. Loading of assembly skipped.
Assembly Unity.Purchasing.Security.dll at Library/ScriptAssemblies/Unity.Purchasing.Security.dll not valid. Loading of assembly skipped.
Assembly Unity.Purchasing.TransactionVerifier.dll at Library/ScriptAssemblies/Unity.Purchasing.TransactionVerifier.dll not valid. Loading of assembly skipped.
Assembly Unity.TextMeshPro.Editor.Tests.dll at Library/ScriptAssemblies/Unity.TextMeshPro.Editor.Tests.dll not valid. Loading of assembly skipped.
Assembly Unity.TextMeshPro.Tests.dll at Library/ScriptAssemblies/Unity.TextMeshPro.Tests.dll not valid. Loading of assembly skipped.
Assembly UnityEditor.Purchasing.Authoring.dll at Library/ScriptAssemblies/UnityEditor.Purchasing.Authoring.dll not valid. Loading of assembly skipped.
Assembly UnityEditor.Purchasing.Editor.Authoring.Core.dll at Library/ScriptAssemblies/UnityEditor.Purchasing.Editor.Authoring.Core.dll not valid. Loading of assembly skipped.
Assembly UnityEditor.UI.Common.Tests.dll at Library/ScriptAssemblies/UnityEditor.UI.Common.Tests.dll not valid. Loading of assembly skipped.
Assembly UnityEditor.UI.EditorTests.dll at Library/ScriptAssemblies/UnityEditor.UI.EditorTests.dll not valid. Loading of assembly skipped.
Assembly UnityEditor.XR.LegacyInputHelpers.Tests.dll at Library/ScriptAssemblies/UnityEditor.XR.LegacyInputHelpers.Tests.dll not valid. Loading of assembly skipped.
Assembly UnityEngine.Advertisements.Editor.Tests.dll at Library/ScriptAssemblies/UnityEngine.Advertisements.Editor.Tests.dll not valid. Loading of assembly skipped.
Assembly UnityEngine.Advertisements.Tests.dll at Library/ScriptAssemblies/UnityEngine.Advertisements.Tests.dll not valid. Loading of assembly skipped.
Assembly UnityEngine.SpatialTracking.Tests.dll at Library/ScriptAssemblies/UnityEngine.SpatialTracking.Tests.dll not valid. Loading of assembly skipped.
Assembly UnityEngine.UI.Tests.dll at Library/ScriptAssemblies/UnityEngine.UI.Tests.dll not valid. Loading of assembly skipped.
Symbol file LoadedFromMemory is not a mono symbol file
Symbol file LoadedFromMemory is not a mono symbol file
Refreshing native plugins compatible for Editor in 15.71 ms, found 6 plugins.
Native extension for WindowsStandalone target not found
Native extension for WebGL target not found
[Package Manager] Failed to launch server process. Reason: Unity was launched with the -noUpm command-line argument
[Package Manager] Unable to send message (not connected to server process).
[Package Manager] Cannot connect to Unity Package Manager local server
Refreshing native plugins compatible for Editor in 21.47 ms, found 6 plugins.
[Package Manager] Failed to launch server process. Reason: Unity was launched with the -noUpm command-line argument
[Package Manager] Unable to send message (not connected to server process).
[Package Manager] Cannot connect to Unity Package Manager local server
[Licensing::Client] Error: Code 404 while processing request (status: Found 0 entitlement groups and 0 free entitlements matching requested entitlement ids)
ScheduleIndexationOnStartup MainProcess:False IndexOnStartup:True
Mono: successfully reloaded assembly
- Finished resetting the current domain, in  2.973 seconds
Domain Reload Profiling: 5513ms
	BeginReloadAssembly (354ms)
		DisableScriptedObjects (11ms)
		CreateAndSetChildDomain (58ms)
	RebuildCommonClasses (83ms)
	RebuildNativeTypeToScriptingClass (29ms)
	initialDomainReloadingComplete (270ms)
	LoadAllAssembliesAndSetupDomain (1805ms)
		LoadAssemblies (1189ms)
		AnalyzeDomain (807ms)
			TypeCache.Refresh (651ms)
				TypeCache.ScanAssembly (610ms)
			BuildScriptInfoCaches (138ms)
			ResolveRequiredComponents (14ms)
	FinalizeReload (2973ms)
		SetupLoadedEditorAssemblies (0ms)
			InitializePlatformSupportModulesInManaged (5ms)
			BeforeProcessingInitializeOnLoad (321ms)
			ProcessInitializeOnLoadAttributes (1859ms)
			ProcessInitializeOnLoadMethodAttributes (491ms)
			AfterProcessingInitializeOnLoad (10ms)
		AwakeInstancesAfterBackupRestoration (10ms)
Launched and connected shader compiler UnityShaderCompiler.exe after 0.12 seconds
Refreshing native plugins compatible for Editor in 20.20 ms, found 6 plugins.
Unloading 57 Unused Serialized files (Serialized files now loaded: 0)
Unloading 9062 unused Assets / (19.0 MB). Loaded Objects now: 9643.
Memory consumption went from 193.0 MB to 173.9 MB.
Total: 40.980100 ms (FindLiveObjects: 1.627800 ms CreateObjectMapping: 2.734800 ms MarkObjects: 23.821700 ms  DeleteObjects: 12.785200 ms)

========================================================================
Received Import Request.
  Time since last request: 2466.354800 seconds.
  path: Assets/PolygonFantasyKingdom/Prefabs/House/SM_Bld_House_Roof_Tile_End_Half_01.prefab
  importAddress: Guid(ca9a4ab67245537419bade0f415c58ec) Importer(815301076,1909f56bfc062723c751e8b465ee728b)
Start importing Assets/PolygonFantasyKingdom/Prefabs/House/SM_Bld_House_Roof_Tile_End_Half_01.prefab using Guid(ca9a4ab67245537419bade0f415c58ec) Importer(815301076,1909f56bfc062723c751e8b465ee728b) (PreviewImporter) -> (Import Result ID: 'd34226cbf1bb3ff767331483fa1ba314') in 0.5001056 seconds [static and dynamic dependencies]. Details - ImportResultOutputID=0fd7e527732a97acfb99f5c198ce0aad DependenciesID=2ebdc9972de19f67088ebf693f0fb14d StaticDependenciesID=f5c0fab32b177fae33b86bb6dac85c72 
Number of updated asset objects reloaded before import = 0Number of asset objects unloaded after import = 13

========================================================================
Received Import Request.
  Time since last request: 12.404103 seconds.
  path: Assets/PolygonFantasyKingdom/Prefabs/House/SM_Bld_House_Roof_Tile_Peak_Cap_02.prefab
  importAddress: Guid(7832e45d7b0a5cf4ab6057a3cc85762b) Importer(815301076,1909f56bfc062723c751e8b465ee728b)
Start importing Assets/PolygonFantasyKingdom/Prefabs/House/SM_Bld_House_Roof_Tile_Peak_Cap_02.prefab using Guid(7832e45d7b0a5cf4ab6057a3cc85762b) Importer(815301076,1909f56bfc062723c751e8b465ee728b) (PreviewImporter) -> (Import Result ID: 'ef5bb78af6d064cacba093aed097b892') in 0.1837366 seconds [static and dynamic dependencies]. Details - ImportResultOutputID=5b2d781d986450535b07c7952ef1c743 DependenciesID=77d2f458670f9260e8f90886d0814f7c StaticDependenciesID=b137584fc068241b10598caf3a149ea7 
Number of updated asset objects reloaded before import = 0Number of asset objects unloaded after import = 13

========================================================================
Received Import Request.
  Time since last request: 0.000049 seconds.
  path: Assets/PolygonFantasyKingdom/Prefabs/House/SM_Bld_House_Roof_Tile_Window_03.prefab
  importAddress: Guid(61a65c357d829d3469e0de01850943ab) Importer(815301076,1909f56bfc062723c751e8b465ee728b)
Start importing Assets/PolygonFantasyKingdom/Prefabs/House/SM_Bld_House_Roof_Tile_Window_03.prefab using Guid(61a65c357d829d3469e0de01850943ab) Importer(815301076,1909f56bfc062723c751e8b465ee728b) (PreviewImporter) -> (Import Result ID: '1998922548192728a6c145fba0fd9003') in 0.4910667 seconds [static and dynamic dependencies]. Details - ImportResultOutputID=b82f97ad063dae75be76e0a44c02e6a0 DependenciesID=4b0dacff7e6aeb2f442aca13ea2e33aa StaticDependenciesID=2f9997b365c177995353e951da474b59 
Number of updated asset objects reloaded before import = 0Number of asset objects unloaded after import = 19

========================================================================
Received Import Request.
  Time since last request: 0.687069 seconds.
  path: Assets/PolygonFantasyKingdom/Prefabs/House/SM_Bld_House_Stairs_Stone_02.prefab
  importAddress: Guid(e8d8e88c7e58a0648898db1b1effe95e) Importer(815301076,1909f56bfc062723c751e8b465ee728b)
Start importing Assets/PolygonFantasyKingdom/Prefabs/House/SM_Bld_House_Stairs_Stone_02.prefab using Guid(e8d8e88c7e58a0648898db1b1effe95e) Importer(815301076,1909f56bfc062723c751e8b465ee728b) (PreviewImporter) -> (Import Result ID: '16be7f6a3d6fb24a91bfafa374b75d62') in 0.1436514 seconds [static and dynamic dependencies]. Details - ImportResultOutputID=36d5d54823704f4ab2efb78839347fbf DependenciesID=1713e8440dba3c5e793ba4367f034506 StaticDependenciesID=5b3bc459fd6dff8db216ae125d77df05 
Number of updated asset objects reloaded before import = 0Number of asset objects unloaded after import = 13

========================================================================
Received Import Request.
  Time since last request: 0.000087 seconds.
  path: Assets/PolygonFantasyKingdom/Prefabs/House/SM_Bld_House_Tower_Angle_01.prefab
  importAddress: Guid(4ce1433338abf1e45bf6a0a97de6c0a0) Importer(815301076,1909f56bfc062723c751e8b465ee728b)
Start importing Assets/PolygonFantasyKingdom/Prefabs/House/SM_Bld_House_Tower_Angle_01.prefab using Guid(4ce1433338abf1e45bf6a0a97de6c0a0) Importer(815301076,1909f56bfc062723c751e8b465ee728b) (PreviewImporter) -> (Import Result ID: '6cf846eb93705a01b61bffe65877061f') in 0.1157413 seconds [static and dynamic dependencies]. Details - ImportResultOutputID=a5df21ab94056db73001b1b6ef7b8b64 DependenciesID=cb5eb310d30276be4dc74d5bf12465df StaticDependenciesID=a5d4d854090fd2ad2567942e6c3a8197 
Number of updated asset objects reloaded before import = 0Number of asset objects unloaded after import = 21

========================================================================
Received Import Request.
  Time since last request: 0.000071 seconds.
  path: Assets/PolygonFantasyKingdom/Prefabs/House/SM_Bld_House_Tower_Angle_02.prefab
  importAddress: Guid(95c36fc6d5e256141a61eb96fa60ed26) Importer(815301076,1909f56bfc062723c751e8b465ee728b)
Start importing Assets/PolygonFantasyKingdom/Prefabs/House/SM_Bld_House_Tower_Angle_02.prefab using Guid(95c36fc6d5e256141a61eb96fa60ed26) Importer(815301076,1909f56bfc062723c751e8b465ee728b) (PreviewImporter) -> (Import Result ID: '5ed5e3aacbdccc85d0ebad730255e4e4') in 0.0781065 seconds [static and dynamic dependencies]. Details - ImportResultOutputID=0bbc0505446eaf9299d9ba0261b72944 DependenciesID=834daf8ebe42142f605fc751299e81ae StaticDependenciesID=270212610d01b0fbb39bf818f69f94f5 
Number of updated asset objects reloaded before import = 0Number of asset objects unloaded after import = 21

========================================================================
Received Import Request.
  Time since last request: 0.000035 seconds.
  path: Assets/PolygonFantasyKingdom/Prefabs/House/SM_Bld_House_StoneArch_Beam_01.prefab
  importAddress: Guid(f55ef49e6b6fb284c9984d1b7193c138) Importer(815301076,1909f56bfc062723c751e8b465ee728b)
Start importing Assets/PolygonFantasyKingdom/Prefabs/House/SM_Bld_House_StoneArch_Beam_01.prefab using Guid(f55ef49e6b6fb284c9984d1b7193c138) Importer(815301076,1909f56bfc062723c751e8b465ee728b) (PreviewImporter) -> (Import Result ID: 'fe04c2311a8f5877db312d62ae55e134') in 0.0928576 seconds [static and dynamic dependencies]. Details - ImportResultOutputID=531e92f91bc69ef2131f8e04932c253c DependenciesID=2920e494c8b90e5884239647b9bcd011 StaticDependenciesID=06b4d599b621a6e7175818cc8ce0fb22 
Number of updated asset objects reloaded before import = 0Number of asset objects unloaded after import = 13

========================================================================
Received Import Request.
  Time since last request: 0.409979 seconds.
  path: Assets/PolygonFantasyKingdom/Prefabs/House/SM_Bld_House_Tower_Angle_Window_01.prefab
  importAddress: Guid(c0d6659038f6b004fb6d21cbd38504a2) Importer(815301076,1909f56bfc062723c751e8b465ee728b)
Start importing Assets/PolygonFantasyKingdom/Prefabs/House/SM_Bld_House_Tower_Angle_Window_01.prefab using Guid(c0d6659038f6b004fb6d21cbd38504a2) Importer(815301076,1909f56bfc062723c751e8b465ee728b) (PreviewImporter) -> (Import Result ID: 'bb8b16965ba84b7515dff492a37ff931') in 0.1322503 seconds [static and dynamic dependencies]. Details - ImportResultOutputID=bf73f654ea26f0db14f9a9d085a01781 DependenciesID=34f5c002f61057f8133704109b4cdbb4 StaticDependenciesID=c9df4588382736351b571f954bfc88a6 
Number of updated asset objects reloaded before import = 0Number of asset objects unloaded after import = 27

========================================================================
Received Import Request.
  Time since last request: 0.000057 seconds.
  path: Assets/PolygonFantasyKingdom/Prefabs/House/SM_Bld_House_Tower_HeightCap_01.prefab
  importAddress: Guid(d16b4f8dca2bf05449174e24300998cd) Importer(815301076,1909f56bfc062723c751e8b465ee728b)
Start importing Assets/PolygonFantasyKingdom/Prefabs/House/SM_Bld_House_Tower_HeightCap_01.prefab using Guid(d16b4f8dca2bf05449174e24300998cd) Importer(815301076,1909f56bfc062723c751e8b465ee728b) (PreviewImporter) -> (Import Result ID: '07a2b94d65dacc361fa6458c661c71eb') in 0.0977599 seconds [static and dynamic dependencies]. Details - ImportResultOutputID=f86dec8925fe62616ecc1c1015624bf5 DependenciesID=b4c6debc823d6279b635bbcc27a71b6c StaticDependenciesID=299fb680f113c5515971159a0ef0bf5e 
Number of updated asset objects reloaded before import = 0Number of asset objects unloaded after import = 19

========================================================================
Received Import Request.
  Time since last request: 0.803337 seconds.
  path: Assets/PolygonFantasyKingdom/Prefabs/House/SM_Bld_House_Tower_Stone_01.prefab
  importAddress: Guid(215a65a708a2b0442a061bea5b65a5d8) Importer(815301076,1909f56bfc062723c751e8b465ee728b)
Start importing Assets/PolygonFantasyKingdom/Prefabs/House/SM_Bld_House_Tower_Stone_01.prefab using Guid(215a65a708a2b0442a061bea5b65a5d8) Importer(815301076,1909f56bfc062723c751e8b465ee728b) (PreviewImporter) -> (Import Result ID: 'f1027f67be7d71f0e8db399341bd76d9') in 0.1166809 seconds [static and dynamic dependencies]. Details - ImportResultOutputID=1052b4a1e7d22e559acddb9ab51fb44a DependenciesID=ee04d9c90d5dfc4f882748397a953ead StaticDependenciesID=831121226897d44619c2aa8ba0ec84de 
Number of updated asset objects reloaded before import = 0Number of asset objects unloaded after import = 13

========================================================================
Received Import Request.
  Time since last request: 0.000041 seconds.
  path: Assets/PolygonFantasyKingdom/Prefabs/House/SM_Bld_House_Tower_Window_02.prefab
  importAddress: Guid(9e1aa966e14b87a4db9fda20858fe2c8) Importer(815301076,1909f56bfc062723c751e8b465ee728b)
Start importing Assets/PolygonFantasyKingdom/Prefabs/House/SM_Bld_House_Tower_Window_02.prefab using Guid(9e1aa966e14b87a4db9fda20858fe2c8) Importer(815301076,1909f56bfc062723c751e8b465ee728b) (PreviewImporter) -> (Import Result ID: '0075ed18fad6f1e765afcaf32d242962') in 0.0994081 seconds [static and dynamic dependencies]. Details - ImportResultOutputID=e953303442a0f74a123c4f8711b7732e DependenciesID=09f01e372f381276c1b67e8fef3d2db0 StaticDependenciesID=23a394f6d4b3c247c0a98ad87008846d 
Number of updated asset objects reloaded before import = 0Number of asset objects unloaded after import = 27

========================================================================
Received Import Request.
  Time since last request: 0.000049 seconds.
  path: Assets/PolygonFantasyKingdom/Prefabs/House/SM_Bld_House_Wall_07.prefab
  importAddress: Guid(684259a15794f2a4bbb61a46913988ab) Importer(815301076,1909f56bfc062723c751e8b465ee728b)
Start importing Assets/PolygonFantasyKingdom/Prefabs/House/SM_Bld_House_Wall_07.prefab using Guid(684259a15794f2a4bbb61a46913988ab) Importer(815301076,1909f56bfc062723c751e8b465ee728b) (PreviewImporter) -> (Import Result ID: '1752040a87345703a8b4b8730589c554') in 0.0890261 seconds [static and dynamic dependencies]. Details - ImportResultOutputID=4a04e55672a95331f98d3d03648cafdc DependenciesID=1b9e1d8861a4ccfd80dd49480d452749 StaticDependenciesID=ba91d0b379b1dccce5e4df1302ba6296 
Number of updated asset objects reloaded before import = 0Number of asset objects unloaded after import = 13

========================================================================
Received Import Request.
  Time since last request: 0.000052 seconds.
  path: Assets/PolygonFantasyKingdom/Prefabs/House/SM_Bld_House_Wall_09.prefab
  importAddress: Guid(c27ca4186d5d00e4497934c7be49bdb6) Importer(815301076,1909f56bfc062723c751e8b465ee728b)
Start importing Assets/PolygonFantasyKingdom/Prefabs/House/SM_Bld_House_Wall_09.prefab using Guid(c27ca4186d5d00e4497934c7be49bdb6) Importer(815301076,1909f56bfc062723c751e8b465ee728b) (PreviewImporter) -> (Import Result ID: '25ca3477b2181ac7a1a0441efcebf566') in 0.0962024 seconds [static and dynamic dependencies]. Details - ImportResultOutputID=2d616cb52bf18eb437df779f882acf2e DependenciesID=e13afd9e55ab5d94e1703145993e4d7e StaticDependenciesID=721983891bf2847dc2571123889282ea 
Number of updated asset objects reloaded before import = 0Number of asset objects unloaded after import = 13

========================================================================
Received Import Request.
  Time since last request: 0.281857 seconds.
  path: Assets/PolygonFantasyKingdom/Prefabs/House/SM_Bld_House_Wall_Cut_Window_01.prefab
  importAddress: Guid(f018124b8d76f2941b2078d67bb8d8a6) Importer(815301076,1909f56bfc062723c751e8b465ee728b)
Start importing Assets/PolygonFantasyKingdom/Prefabs/House/SM_Bld_House_Wall_Cut_Window_01.prefab using Guid(f018124b8d76f2941b2078d67bb8d8a6) Importer(815301076,1909f56bfc062723c751e8b465ee728b) (PreviewImporter) -> (Import Result ID: '1304870ae53db13e4933cd0b55e6dd3b') in 0.1194538 seconds [static and dynamic dependencies]. Details - ImportResultOutputID=d9145cc814ad9f74767d24774061dd42 DependenciesID=9c6f50ff78e1b8a2034337c37072e918 StaticDependenciesID=63d19608af5fd180d8292485bf85bfd9 
Number of updated asset objects reloaded before import = 0Number of asset objects unloaded after import = 19

========================================================================
Received Import Request.
  Time since last request: 0.000042 seconds.
  path: Assets/PolygonFantasyKingdom/Prefabs/House/SM_Bld_House_Wall_Half_Height_01.prefab
  importAddress: Guid(efcb24d0856ebd54597844da5f2c654d) Importer(815301076,1909f56bfc062723c751e8b465ee728b)
Start importing Assets/PolygonFantasyKingdom/Prefabs/House/SM_Bld_House_Wall_Half_Height_01.prefab using Guid(efcb24d0856ebd54597844da5f2c654d) Importer(815301076,1909f56bfc062723c751e8b465ee728b) (PreviewImporter) -> (Import Result ID: '53f0b77bb67b81e4715aa21ca9d899ae') in 0.1026203 seconds [static and dynamic dependencies]. Details - ImportResultOutputID=683de6ade6ca54922fc277800aaa912d DependenciesID=aaf3a7bb5149050862cb2b6098f09bcd StaticDependenciesID=38b4211870cb22ebb045cc14255d65da 
Number of updated asset objects reloaded before import = 0Number of asset objects unloaded after import = 13

========================================================================
Received Import Request.
  Time since last request: 0.000082 seconds.
  path: Assets/PolygonFantasyKingdom/Prefabs/House/SM_Bld_House_Wall_Door_03.prefab
  importAddress: Guid(294b0158cc836ea4a8086a70b6ea3407) Importer(815301076,1909f56bfc062723c751e8b465ee728b)
Start importing Assets/PolygonFantasyKingdom/Prefabs/House/SM_Bld_House_Wall_Door_03.prefab using Guid(294b0158cc836ea4a8086a70b6ea3407) Importer(815301076,1909f56bfc062723c751e8b465ee728b) (PreviewImporter) -> (Import Result ID: 'd6fd57ed0d0a81b3d5b26145d5e85508') in 0.0834025 seconds [static and dynamic dependencies]. Details - ImportResultOutputID=d29afded8e06a8438d8f982fc0bcc53f DependenciesID=362333d630f14cbeab088daef5dfb13b StaticDependenciesID=e3d76dcfeae61deb5bb280505083305d 
Number of updated asset objects reloaded before import = 0Number of asset objects unloaded after import = 19

========================================================================
Received Import Request.
  Time since last request: 0.751590 seconds.
  path: Assets/PolygonFantasyKingdom/Prefabs/House/SM_Bld_House_Wall_Half_Height_02.prefab
  importAddress: Guid(b9ee502ba0f3e2845866cf5f7cee3804) Importer(815301076,1909f56bfc062723c751e8b465ee728b)
Start importing Assets/PolygonFantasyKingdom/Prefabs/House/SM_Bld_House_Wall_Half_Height_02.prefab using Guid(b9ee502ba0f3e2845866cf5f7cee3804) Importer(815301076,1909f56bfc062723c751e8b465ee728b) (PreviewImporter) -> (Import Result ID: 'e6ed313ace1b3f6fe2589fbd56e514be') in 0.0979053 seconds [static and dynamic dependencies]. Details - ImportResultOutputID=0b93f90fd8d9ed36bc90bd33a428f68b DependenciesID=bf1a770effb77cd4d0f4720ae172a21a StaticDependenciesID=c4d764d4a4bd1792e574a301220f89ca 
Number of updated asset objects reloaded before import = 0Number of asset objects unloaded after import = 13

========================================================================
Received Import Request.
  Time since last request: 0.000050 seconds.
  path: Assets/PolygonFantasyKingdom/Prefabs/House/SM_Bld_House_Wall_Peak_01.prefab
  importAddress: Guid(7f45e3a1f54810147abe84119dc5b840) Importer(815301076,1909f56bfc062723c751e8b465ee728b)
Start importing Assets/PolygonFantasyKingdom/Prefabs/House/SM_Bld_House_Wall_Peak_01.prefab using Guid(7f45e3a1f54810147abe84119dc5b840) Importer(815301076,1909f56bfc062723c751e8b465ee728b) (PreviewImporter) -> (Import Result ID: '21720a93abd7458c0d5422b4d217e195') in 0.0852363 seconds [static and dynamic dependencies]. Details - ImportResultOutputID=b30329899fd1babcb9aadedcbe654428 DependenciesID=851b8c6b57bb138cd8291367febe7ad1 StaticDependenciesID=11ff369b2db3b312fcbca9706822e2c2 
Number of updated asset objects reloaded before import = 0Number of asset objects unloaded after import = 13

========================================================================
Received Import Request.
  Time since last request: 0.000055 seconds.
  path: Assets/PolygonFantasyKingdom/Prefabs/House/SM_Bld_House_Wall_HeightCap_01.prefab
  importAddress: Guid(b20b04833c488d148a3e3317b4054c0b) Importer(815301076,1909f56bfc062723c751e8b465ee728b)
Start importing Assets/PolygonFantasyKingdom/Prefabs/House/SM_Bld_House_Wall_HeightCap_01.prefab using Guid(b20b04833c488d148a3e3317b4054c0b) Importer(815301076,1909f56bfc062723c751e8b465ee728b) (PreviewImporter) -> (Import Result ID: '7e01afe1d3988f19aee49723edde207f') in 0.0630902 seconds [static and dynamic dependencies]. Details - ImportResultOutputID=4ef0586051a7de742ba30a4b45697b98 DependenciesID=a6e541d36c612c422a8c20ea771546df StaticDependenciesID=f711ae33c4f99a2611866a218949b903 
Number of updated asset objects reloaded before import = 0Number of asset objects unloaded after import = 13

========================================================================
Received Import Request.
  Time since last request: 0.229999 seconds.
  path: Assets/PolygonFantasyKingdom/Prefabs/House/SM_Bld_House_Wall_Peak_04.prefab
  importAddress: Guid(e53768259ff8bfb4b909d6c081f3d121) Importer(815301076,1909f56bfc062723c751e8b465ee728b)
Start importing Assets/PolygonFantasyKingdom/Prefabs/House/SM_Bld_House_Wall_Peak_04.prefab using Guid(e53768259ff8bfb4b909d6c081f3d121) Importer(815301076,1909f56bfc062723c751e8b465ee728b) (PreviewImporter) -> (Import Result ID: '1afe844a73e0d50addfc8392034db012') in 0.1061002 seconds [static and dynamic dependencies]. Details - ImportResultOutputID=6be5fc56d51bc7facc0926664cc342f2 DependenciesID=4ed85bad2ea1a33288f59231f265fa3f StaticDependenciesID=e884fa58c02a1942c17fff6963f1e130 
Number of updated asset objects reloaded before import = 0Number of asset objects unloaded after import = 13

========================================================================
Received Import Request.
  Time since last request: 0.000038 seconds.
  path: Assets/PolygonFantasyKingdom/Prefabs/House/SM_Bld_House_Wall_Window_03.prefab
  importAddress: Guid(a70a8efb2bb17534a8d6a35a72bcfff9) Importer(815301076,1909f56bfc062723c751e8b465ee728b)
Start importing Assets/PolygonFantasyKingdom/Prefabs/House/SM_Bld_House_Wall_Window_03.prefab using Guid(a70a8efb2bb17534a8d6a35a72bcfff9) Importer(815301076,1909f56bfc062723c751e8b465ee728b) (PreviewImporter) -> (Import Result ID: '442c9ddf49c45f6d452c3d05bc6b66b4') in 0.0819192 seconds [static and dynamic dependencies]. Details - ImportResultOutputID=77b1c787463736587b2e2ae5dc9f172e DependenciesID=4eedd48c469e4a95416301c18ca5280a StaticDependenciesID=52b75df1fca1f117e62122c01c7cd849 
Number of updated asset objects reloaded before import = 0Number of asset objects unloaded after import = 19

========================================================================
Received Import Request.
  Time since last request: 0.000039 seconds.
  path: Assets/PolygonFantasyKingdom/Prefabs/House/SM_Bld_House_Wall_Peak_Window_05.prefab
  importAddress: Guid(40f402f64a9a59a4da5cd78a84dbf03f) Importer(815301076,1909f56bfc062723c751e8b465ee728b)
Start importing Assets/PolygonFantasyKingdom/Prefabs/House/SM_Bld_House_Wall_Peak_Window_05.prefab using Guid(40f402f64a9a59a4da5cd78a84dbf03f) Importer(815301076,1909f56bfc062723c751e8b465ee728b) (PreviewImporter) -> (Import Result ID: 'afc3ba938051242dc64a784244789dfb') in 0.0788337 seconds [static and dynamic dependencies]. Details - ImportResultOutputID=eaa281dd8586fe1762a0b72b7476120a DependenciesID=e6bdbbb771d25d834c60a509bd05e6fe StaticDependenciesID=214e8a0d978c0838fd9bba86f631a5ea 
Number of updated asset objects reloaded before import = 0Number of asset objects unloaded after import = 19

========================================================================
Received Import Request.
  Time since last request: 0.000081 seconds.
  path: Assets/PolygonFantasyKingdom/Prefabs/House/SM_Bld_House_Wall_Window_05.prefab
  importAddress: Guid(760755dd25f4e264a8d4fdb58310cd83) Importer(815301076,1909f56bfc062723c751e8b465ee728b)
Start importing Assets/PolygonFantasyKingdom/Prefabs/House/SM_Bld_House_Wall_Window_05.prefab using Guid(760755dd25f4e264a8d4fdb58310cd83) Importer(815301076,1909f56bfc062723c751e8b465ee728b) (PreviewImporter) -> (Import Result ID: '79355c4b7ed3e1abcffeafea5740cb68') in 0.0744276 seconds [static and dynamic dependencies]. Details - ImportResultOutputID=6141a9dd9f238821870626e46fee8024 DependenciesID=dc122300264fa181234433e252f3c966 StaticDependenciesID=253acc1a253c9c204316c879a4ef8d47 
Number of updated asset objects reloaded before import = 0Number of asset objects unloaded after import = 19

========================================================================
Received Import Request.
  Time since last request: 0.000052 seconds.
  path: Assets/PolygonFantasyKingdom/Prefabs/House/SM_Bld_House_Wall_Peak_Window_06.prefab
  importAddress: Guid(2e90d99cf4dac674c81d171e4e52ed87) Importer(815301076,1909f56bfc062723c751e8b465ee728b)
Start importing Assets/PolygonFantasyKingdom/Prefabs/House/SM_Bld_House_Wall_Peak_Window_06.prefab using Guid(2e90d99cf4dac674c81d171e4e52ed87) Importer(815301076,1909f56bfc062723c751e8b465ee728b) (PreviewImporter) -> (Import Result ID: '663c9fdc3e01b1620b59bdd22952523c') in 0.0778311 seconds [static and dynamic dependencies]. Details - ImportResultOutputID=7af4f292ce1982aab101b84d2a6ad1ab DependenciesID=8606d4211ce26b5ab4cb5e82a15912de StaticDependenciesID=d216a53951ccd1372091b602ff6e0f0a 
Number of updated asset objects reloaded before import = 0Number of asset objects unloaded after import = 19

========================================================================
Received Import Request.
  Time since last request: 0.142406 seconds.
  path: Assets/PolygonFantasyKingdom/Prefabs/House/SM_Bld_House_Wall_Window_08.prefab
  importAddress: Guid(40700f076f7b0ea46b29e545ab23cb39) Importer(815301076,1909f56bfc062723c751e8b465ee728b)
Start importing Assets/PolygonFantasyKingdom/Prefabs/House/SM_Bld_House_Wall_Window_08.prefab using Guid(40700f076f7b0ea46b29e545ab23cb39) Importer(815301076,1909f56bfc062723c751e8b465ee728b) (PreviewImporter) -> (Import Result ID: 'd088867e9643594732f30b75d40dcfca') in 0.1051771 seconds [static and dynamic dependencies]. Details - ImportResultOutputID=d635d2105d2d82d17f96b266d45224ec DependenciesID=5a2cd4285b0ba85c6bdfad87075d5bd8 StaticDependenciesID=a6ba8ca3535090a9eb420042eb0f5d10 
Number of updated asset objects reloaded before import = 0Number of asset objects unloaded after import = 28

========================================================================
Received Import Request.
  Time since last request: 0.000042 seconds.
  path: Assets/PolygonFantasyKingdom/Prefabs/House/SM_Bld_House_WoodArch_01.prefab
  importAddress: Guid(60de4c0e54821c840ba9d5cbb66a1910) Importer(815301076,1909f56bfc062723c751e8b465ee728b)
Start importing Assets/PolygonFantasyKingdom/Prefabs/House/SM_Bld_House_WoodArch_01.prefab using Guid(60de4c0e54821c840ba9d5cbb66a1910) Importer(815301076,1909f56bfc062723c751e8b465ee728b) (PreviewImporter) -> (Import Result ID: '7abbd124a153ef14d8fc2703df7d6ef8') in 0.0956222 seconds [static and dynamic dependencies]. Details - ImportResultOutputID=9b2f7ce2c98f61d58ea12910e76c40f1 DependenciesID=d7bceaa36f65aa90d43a68265cc342ed StaticDependenciesID=34d2dcb722e6bc9dba7cfdef89569f54 
Number of updated asset objects reloaded before import = 0Number of asset objects unloaded after import = 15

========================================================================
Received Import Request.
  Time since last request: 0.000060 seconds.
  path: Assets/PolygonFantasyKingdom/Prefabs/House/SM_Bld_House_WoodArch_02.prefab
  importAddress: Guid(db79f07c6e035c7458228f502f72a952) Importer(815301076,1909f56bfc062723c751e8b465ee728b)
Start importing Assets/PolygonFantasyKingdom/Prefabs/House/SM_Bld_House_WoodArch_02.prefab using Guid(db79f07c6e035c7458228f502f72a952) Importer(815301076,1909f56bfc062723c751e8b465ee728b) (PreviewImporter) -> (Import Result ID: 'f6cdbdf93daa74a446ddaec0bccacf84') in 0.0785114 seconds [static and dynamic dependencies]. Details - ImportResultOutputID=f30fd21078bdc43cb7ebb751c543cc95 DependenciesID=131faefb88deaa438b428d4dea99affb StaticDependenciesID=a4e856dd7d9567671acc82bf8e3663e6 
Number of updated asset objects reloaded before import = 0Number of asset objects unloaded after import = 13

========================================================================
Received Import Request.
  Time since last request: 0.198416 seconds.
  path: Assets/PolygonFantasyKingdom/Prefabs/House/SM_Bld_House_WoodArch_Beam_02.prefab
  importAddress: Guid(bbf710bed53ef5641baf1aea5a6d990a) Importer(815301076,1909f56bfc062723c751e8b465ee728b)
Start importing Assets/PolygonFantasyKingdom/Prefabs/House/SM_Bld_House_WoodArch_Beam_02.prefab using Guid(bbf710bed53ef5641baf1aea5a6d990a) Importer(815301076,1909f56bfc062723c751e8b465ee728b) (PreviewImporter) -> (Import Result ID: '7628adc4cbbacaf2d0f8d0703326c10c') in 0.1170004 seconds [static and dynamic dependencies]. Details - ImportResultOutputID=4fae544336b228340bfec666500b6d44 DependenciesID=22c911b4df3767670d6ade39e932aa5e StaticDependenciesID=c02f3d69304867f604fc3a7dc5272938 
Number of updated asset objects reloaded before import = 0Number of asset objects unloaded after import = 13

========================================================================
Received Import Request.
  Time since last request: 0.000053 seconds.
  path: Assets/PolygonFantasyKingdom/Prefabs/House/SM_Bld_House_WoodBeam_05.prefab
  importAddress: Guid(77d61f4a8b5fdea45aad6f3cba14d5b4) Importer(815301076,1909f56bfc062723c751e8b465ee728b)
Start importing Assets/PolygonFantasyKingdom/Prefabs/House/SM_Bld_House_WoodBeam_05.prefab using Guid(77d61f4a8b5fdea45aad6f3cba14d5b4) Importer(815301076,1909f56bfc062723c751e8b465ee728b) (PreviewImporter) -> (Import Result ID: 'c8645134ff71f60fa77fae035c09ac07') in 0.0902242 seconds [static and dynamic dependencies]. Details - ImportResultOutputID=9677f83d7390dfb81381032d24c6cce6 DependenciesID=834f51ddb620c482d78f9edf486ead7b StaticDependenciesID=058358c1425e03bb6468642838b5a6f6 
Number of updated asset objects reloaded before import = 0Number of asset objects unloaded after import = 13

========================================================================
Received Import Request.
  Time since last request: 208.569411 seconds.
  path: Assets/PolygonFantasyKingdom/Prefabs/Characters/SM_Chr_Bartender_01.prefab
  importAddress: Guid(624582b3b65da9a45bc1d204b8a69122) Importer(815301076,1909f56bfc062723c751e8b465ee728b)
Start importing Assets/PolygonFantasyKingdom/Prefabs/Characters/SM_Chr_Bartender_01.prefab using Guid(624582b3b65da9a45bc1d204b8a69122) Importer(815301076,1909f56bfc062723c751e8b465ee728b) (PreviewImporter) -> (Import Result ID: 'c6bc04e0675509213fd01229af6fc00f') in 0.3130398 seconds [static and dynamic dependencies]. Details - ImportResultOutputID=aa2ebecae4fd2db34ad3f0c48a70153b DependenciesID=69cd45700945f39538826c38f4193f02 StaticDependenciesID=387120ea57122237d63a6a067757ea03 
Number of updated asset objects reloaded before import = 0Number of asset objects unloaded after import = 198

========================================================================
Received Import Request.
  Time since last request: 0.000046 seconds.
  path: Assets/PolygonFantasyKingdom/Prefabs/Characters/SM_Chr_Soldier_Male_01.prefab
  importAddress: Guid(767b276e5b6e4b14bbcd51b5a6e78ca8) Importer(815301076,1909f56bfc062723c751e8b465ee728b)
Start importing Assets/PolygonFantasyKingdom/Prefabs/Characters/SM_Chr_Soldier_Male_01.prefab using Guid(767b276e5b6e4b14bbcd51b5a6e78ca8) Importer(815301076,1909f56bfc062723c751e8b465ee728b) (PreviewImporter) -> (Import Result ID: '7a85817c6a578ee16b4bc14b4a67d8c4') in 0.0653751 seconds [static and dynamic dependencies]. Details - ImportResultOutputID=34a35ddd7cfe79f86a8a62b4dee74868 DependenciesID=7973b7d4ac57cee140e57b08d6dcd5f0 StaticDependenciesID=ab344954f040b052a9dd2ca36f7a4132 
Number of updated asset objects reloaded before import = 0Number of asset objects unloaded after import = 203

========================================================================
Received Import Request.
  Time since last request: 0.000051 seconds.
  path: Assets/PolygonFantasyKingdom/Prefabs/Characters/SM_Chr_Headsman_01.prefab
  importAddress: Guid(dc6170fded71bf944b115160ab2cae64) Importer(815301076,1909f56bfc062723c751e8b465ee728b)
Start importing Assets/PolygonFantasyKingdom/Prefabs/Characters/SM_Chr_Headsman_01.prefab using Guid(dc6170fded71bf944b115160ab2cae64) Importer(815301076,1909f56bfc062723c751e8b465ee728b) (PreviewImporter) -> (Import Result ID: '6332b7fe5cf1fa959070f8a2e51b3576') in 0.0679382 seconds [static and dynamic dependencies]. Details - ImportResultOutputID=26b626aeb9368d4f304e130b9247c360 DependenciesID=8e96056f2c7b7e4ff5c8f7a20f577c2a StaticDependenciesID=186fcc119aeb1f4bf664b4aeec36f54f 
Number of updated asset objects reloaded before import = 0Number of asset objects unloaded after import = 198

========================================================================
Received Import Request.
  Time since last request: 0.000043 seconds.
  path: Assets/PolygonFantasyKingdom/Prefabs/Characters/SM_Chr_Blacksmith_Male_01.prefab
  importAddress: Guid(f9d0bec09311bef48aa1fb044570e5de) Importer(815301076,1909f56bfc062723c751e8b465ee728b)
Start importing Assets/PolygonFantasyKingdom/Prefabs/Characters/SM_Chr_Blacksmith_Male_01.prefab using Guid(f9d0bec09311bef48aa1fb044570e5de) Importer(815301076,1909f56bfc062723c751e8b465ee728b) (PreviewImporter) -> (Import Result ID: 'cbcd9ede7d4719eba120741103d4a451') in 0.0815801 seconds [static and dynamic dependencies]. Details - ImportResultOutputID=98462a7b8fd3cf2f96ebda8458aef004 DependenciesID=32179a6195375740dbd8c337c95920c8 StaticDependenciesID=0733af23f269d14cfcf4aa40009fc035 
Number of updated asset objects reloaded before import = 0Number of asset objects unloaded after import = 203

========================================================================
Received Import Request.
  Time since last request: 0.000034 seconds.
  path: Assets/PolygonFantasyKingdom/Prefabs/Characters/SM_Chr_Rider_01.prefab
  importAddress: Guid(e11051163540ebf4884417f50c226d1c) Importer(815301076,1909f56bfc062723c751e8b465ee728b)
Start importing Assets/PolygonFantasyKingdom/Prefabs/Characters/SM_Chr_Rider_01.prefab using Guid(e11051163540ebf4884417f50c226d1c) Importer(815301076,1909f56bfc062723c751e8b465ee728b) (PreviewImporter) -> (Import Result ID: 'ce461e23820e32f9e492c0401b09d7fa') in 0.0762748 seconds [static and dynamic dependencies]. Details - ImportResultOutputID=7e8152679ece212d4d819d20c0af45c3 DependenciesID=670bbdfc6c8e4eb16245d2a02fdf0b42 StaticDependenciesID=1af740e510b0f723a7fd9a09d3a55283 
Number of updated asset objects reloaded before import = 0Number of asset objects unloaded after import = 198

========================================================================
Received Import Request.
  Time since last request: 0.000053 seconds.
  path: Assets/PolygonFantasyKingdom/Prefabs/Characters/SM_Chr_Mage_01.prefab
  importAddress: Guid(e0331453113676149a9c0b2bc03e60de) Importer(815301076,1909f56bfc062723c751e8b465ee728b)
Start importing Assets/PolygonFantasyKingdom/Prefabs/Characters/SM_Chr_Mage_01.prefab using Guid(e0331453113676149a9c0b2bc03e60de) Importer(815301076,1909f56bfc062723c751e8b465ee728b) (PreviewImporter) -> (Import Result ID: 'eaaccf3de7918aad4dc505df828062b7') in 0.0875068 seconds [static and dynamic dependencies]. Details - ImportResultOutputID=b368ef7c9a9395e7d35ddaece3f7120c DependenciesID=018159c0690d385ee105ca147e9c419c StaticDependenciesID=31cfbc48d4603f710fc3365b6bad48e3 
Number of updated asset objects reloaded before import = 0Number of asset objects unloaded after import = 224

========================================================================
Received Import Request.
  Time since last request: 0.000073 seconds.
  path: Assets/PolygonFantasyKingdom/Prefabs/Characters/SM_Chr_Priest_01.prefab
  importAddress: Guid(f30534c3df593c848ab209d140941eb4) Importer(815301076,1909f56bfc062723c751e8b465ee728b)
Start importing Assets/PolygonFantasyKingdom/Prefabs/Characters/SM_Chr_Priest_01.prefab using Guid(f30534c3df593c848ab209d140941eb4) Importer(815301076,1909f56bfc062723c751e8b465ee728b) (PreviewImporter) -> (Import Result ID: '0d325150391a0ef30c75d1e360291cd3') in 0.0802345 seconds [static and dynamic dependencies]. Details - ImportResultOutputID=9ad643a5c28a118b63d22c99e75a9d1b DependenciesID=2dcd1814e5f60faeed90087f1b4a8114 StaticDependenciesID=8927a93cf684f1e731c2be567529737b 
Number of updated asset objects reloaded before import = 0Number of asset objects unloaded after import = 203

========================================================================
Received Import Request.
  Time since last request: 0.000039 seconds.
  path: Assets/PolygonFantasyKingdom/Prefabs/Characters/SM_Chr_FortuneTeller_01.prefab
  importAddress: Guid(8549abe3859269745a95380e270df83e) Importer(815301076,1909f56bfc062723c751e8b465ee728b)
Start importing Assets/PolygonFantasyKingdom/Prefabs/Characters/SM_Chr_FortuneTeller_01.prefab using Guid(8549abe3859269745a95380e270df83e) Importer(815301076,1909f56bfc062723c751e8b465ee728b) (PreviewImporter) -> (Import Result ID: '1232a6dda6cb570b431ca95b64f3b240') in 0.0817057 seconds [static and dynamic dependencies]. Details - ImportResultOutputID=74805f986ee393f540c9e6a83d4ab774 DependenciesID=da5536dc1953fdd77b94e28f4b7215c0 StaticDependenciesID=a3ea941ea59a57c0ef892dd605e3adbc 
Number of updated asset objects reloaded before import = 0Number of asset objects unloaded after import = 198

========================================================================
Received Import Request.
  Time since last request: 0.000046 seconds.
  path: Assets/PolygonFantasyKingdom/Prefabs/Characters/SM_Chr_Soldier_Female_01.prefab
  importAddress: Guid(128d74125a472834991824f3f72198b5) Importer(815301076,1909f56bfc062723c751e8b465ee728b)
Start importing Assets/PolygonFantasyKingdom/Prefabs/Characters/SM_Chr_Soldier_Female_01.prefab using Guid(128d74125a472834991824f3f72198b5) Importer(815301076,1909f56bfc062723c751e8b465ee728b) (PreviewImporter) -> (Import Result ID: 'b0d7d59fecd4d2b89e83cd5816f45e3c') in 0.0827779 seconds [static and dynamic dependencies]. Details - ImportResultOutputID=f77aa6cb624803ad20138c1c5861cec4 DependenciesID=8bcc2b4772100ecd41f875ba3e413d37 StaticDependenciesID=8e7dad07049fb0fe64cebfbc77d54a39 
Number of updated asset objects reloaded before import = 0Number of asset objects unloaded after import = 203

========================================================================
Received Import Request.
  Time since last request: 0.000048 seconds.
  path: Assets/PolygonFantasyKingdom/Prefabs/Characters/SM_Chr_Jester_01.prefab
  importAddress: Guid(24e2f7a008fde164698a13a05b6918f5) Importer(815301076,1909f56bfc062723c751e8b465ee728b)
Start importing Assets/PolygonFantasyKingdom/Prefabs/Characters/SM_Chr_Jester_01.prefab using Guid(24e2f7a008fde164698a13a05b6918f5) Importer(815301076,1909f56bfc062723c751e8b465ee728b) (PreviewImporter) -> (Import Result ID: '8f0a0175030d674c09f5f8b285a830c3') in 0.0789975 seconds [static and dynamic dependencies]. Details - ImportResultOutputID=c277a028f954a5d1a60e699c4b0a2cc1 DependenciesID=b426e5721105a82c4bcbab3b2728461f StaticDependenciesID=3b0c46c73b822c453a034ec390ec29ae 
Number of updated asset objects reloaded before import = 0Number of asset objects unloaded after import = 198

========================================================================
Received Import Request.
  Time since last request: 0.000064 seconds.
  path: Assets/PolygonFantasyKingdom/Prefabs/Characters/SM_Chr_Nun_01.prefab
  importAddress: Guid(2154df2b1029fce44a5ed87edcaa0546) Importer(815301076,1909f56bfc062723c751e8b465ee728b)
Start importing Assets/PolygonFantasyKingdom/Prefabs/Characters/SM_Chr_Nun_01.prefab using Guid(2154df2b1029fce44a5ed87edcaa0546) Importer(815301076,1909f56bfc062723c751e8b465ee728b) (PreviewImporter) -> (Import Result ID: '3611796e9ac0da1a306d931fdb555982') in 0.0753486 seconds [static and dynamic dependencies]. Details - ImportResultOutputID=d5983b307357d0ef25910ada36c42f5a DependenciesID=472bf006a22c591d0b9dc5acbaafcf6f StaticDependenciesID=f4c0a217c9643debbf07427963cc0dea 
Number of updated asset objects reloaded before import = 0Number of asset objects unloaded after import = 198

========================================================================
Received Import Request.
  Time since last request: 0.000043 seconds.
  path: Assets/PolygonFantasyKingdom/Prefabs/Characters/SM_Chr_Fairy_01.prefab
  importAddress: Guid(978a5cdcbd88a2b46903dec8fab90da9) Importer(815301076,1909f56bfc062723c751e8b465ee728b)
Start importing Assets/PolygonFantasyKingdom/Prefabs/Characters/SM_Chr_Fairy_01.prefab using Guid(978a5cdcbd88a2b46903dec8fab90da9) Importer(815301076,1909f56bfc062723c751e8b465ee728b) (PreviewImporter) -> (Import Result ID: '27f6e0f1b3e09e462cae4937e0107581') in 0.0976005 seconds [static and dynamic dependencies]. Details - ImportResultOutputID=dd79997b6f3bcd97f699733462e08f2d DependenciesID=1985422a4bfb30eec133ce3189379b34 StaticDependenciesID=3d5b562ecfe67093e7bc0ceddb409eac 
Number of updated asset objects reloaded before import = 0Number of asset objects unloaded after import = 216

========================================================================
Received Import Request.
  Time since last request: 22.878228 seconds.
  path: Assets/PrefabInstance/=====NetworkControllerTEST=====.prefab
  importAddress: Guid(2c8d0cde7675d8d46bd7b20790651616) Importer(815301076,1909f56bfc062723c751e8b465ee728b)
Start importing Assets/PrefabInstance/=====NetworkControllerTEST=====.prefab using Guid(2c8d0cde7675d8d46bd7b20790651616) Importer(815301076,1909f56bfc062723c751e8b465ee728b) (PreviewImporter) -> (Import Result ID: 'e6995748262799cd1c6949602c839c37') in 0.3649964 seconds [static and dynamic dependencies]. Details - ImportResultOutputID=54802341969dda45d7e935d77cca53ab DependenciesID=454e72c26c3fd6a9271fe04aa57e363c StaticDependenciesID=574c5d6597d4d7b4630df36503c6dd3d 
Number of updated asset objects reloaded before import = 0Number of asset objects unloaded after import = 1494

========================================================================
Received Import Request.
  Time since last request: 0.000057 seconds.
  path: Assets/PrefabInstance/BossShrineGuardian.prefab
  importAddress: Guid(dc1fc9aab3082b344a5c2ea80ca5e421) Importer(815301076,1909f56bfc062723c751e8b465ee728b)
Start importing Assets/PrefabInstance/BossShrineGuardian.prefab using Guid(dc1fc9aab3082b344a5c2ea80ca5e421) Importer(815301076,1909f56bfc062723c751e8b465ee728b) (PreviewImporter) -> (Import Result ID: '5444104eaa57bb2876c3094138063b72') in 0.8589942 seconds [static and dynamic dependencies]. Details - ImportResultOutputID=a921d21cc1486a145bf219c2f18a04c7 DependenciesID=7f170b5be7d39e3a96964ce7b54911e9 StaticDependenciesID=3e1331c29b40df8bc7f86db749a9ae21 
Number of updated asset objects reloaded before import = 0Number of asset objects unloaded after import = 746

========================================================================
Received Import Request.
  Time since last request: 0.000089 seconds.
  path: Assets/PrefabInstance/DestroyShrine (1).prefab
  importAddress: Guid(302e02ae422dfda4f90ffd8678446afb) Importer(815301076,1909f56bfc062723c751e8b465ee728b)
Start importing Assets/PrefabInstance/DestroyShrine (1).prefab using Guid(302e02ae422dfda4f90ffd8678446afb) Importer(815301076,1909f56bfc062723c751e8b465ee728b) (PreviewImporter) -> (Import Result ID: '7211f88e53dc3fef1416a07bfd91928c') in 0.262092 seconds [static and dynamic dependencies]. Details - ImportResultOutputID=443333757de7075d09c96e8893694184 DependenciesID=663324f5b72c782dcf0c4ee858d2f854 StaticDependenciesID=8365aae8959fe2617eefa05d56d5a973 
Number of updated asset objects reloaded before import = 0Number of asset objects unloaded after import = 33

========================================================================
Received Import Request.
  Time since last request: 0.000056 seconds.
  path: Assets/PrefabInstance/Cave.prefab
  importAddress: Guid(7eb212b28c384014399c629cb04e1b81) Importer(815301076,1909f56bfc062723c751e8b465ee728b)
Start importing Assets/PrefabInstance/Cave.prefab using Guid(7eb212b28c384014399c629cb04e1b81) Importer(815301076,1909f56bfc062723c751e8b465ee728b) (PreviewImporter) -> (Import Result ID: 'c14fbd8ba3b21c574c34055cf6dfb6df') in 0.7937134 seconds [static and dynamic dependencies]. Details - ImportResultOutputID=a841fa440af03e89886734def8497412 DependenciesID=1ad82f9b92edff7078419c94a8429086 StaticDependenciesID=ebc50b9b42848a772c4b90db655f0c56 
Number of updated asset objects reloaded before import = 0Number of asset objects unloaded after import = 495

========================================================================
Received Import Request.
  Time since last request: 0.000074 seconds.
  path: Assets/PrefabInstance/Dragon.prefab
  importAddress: Guid(7cded08ba65a0a342ad3259d863ce516) Importer(815301076,1909f56bfc062723c751e8b465ee728b)
Start importing Assets/PrefabInstance/Dragon.prefab using Guid(7cded08ba65a0a342ad3259d863ce516) Importer(815301076,1909f56bfc062723c751e8b465ee728b) (PreviewImporter) -> (Import Result ID: 'c9226add2b77e76fde3ed5beb3110825') in 0.4116982 seconds [static and dynamic dependencies]. Details - ImportResultOutputID=890a9a639d4888eded4c3ced9084278c DependenciesID=bce0824e170ae2722cdd221bf497acf6 StaticDependenciesID=c7265887d73135fec7c04d7078fcbdae 
Number of updated asset objects reloaded before import = 0Number of asset objects unloaded after import = 527

========================================================================
Received Import Request.
  Time since last request: 2.732858 seconds.
  path: Assets/PrefabInstance/Fir.prefab
  importAddress: Guid(8d6771c72210a904ea71704b822a7b27) Importer(815301076,1909f56bfc062723c751e8b465ee728b)
Start importing Assets/PrefabInstance/Fir.prefab using Guid(8d6771c72210a904ea71704b822a7b27) Importer(815301076,1909f56bfc062723c751e8b465ee728b) (PreviewImporter) -> (Import Result ID: 'a989fa45966664c5a701e6d7f5479b27') in 0.5273989 seconds [static and dynamic dependencies]. Details - ImportResultOutputID=d3de27ab314b64def2fe9341e9120b79 DependenciesID=786d4701d481ba9e2629386493d4582e StaticDependenciesID=1eb2a25ecf6026670930e6320576ad46 
Number of updated asset objects reloaded before import = 0Number of asset objects unloaded after import = 213

========================================================================
Received Import Request.
  Time since last request: 0.000060 seconds.
  path: Assets/PrefabInstance/Goblin.prefab
  importAddress: Guid(1997b19faee19b740949750e02c50273) Importer(815301076,1909f56bfc062723c751e8b465ee728b)
Start importing Assets/PrefabInstance/Goblin.prefab using Guid(1997b19faee19b740949750e02c50273) Importer(815301076,1909f56bfc062723c751e8b465ee728b) (PreviewImporter) -> (Import Result ID: '2b0ad5e60aa254a04f0f56ed8f2dd839') in 0.3061662 seconds [static and dynamic dependencies]. Details - ImportResultOutputID=c91251fe1494db8cd98905ffc448f6d4 DependenciesID=e5347e7f7ab9cb85f399524707a8089a StaticDependenciesID=45ab95870136e0c1e31565da5562a4ed 
Number of updated asset objects reloaded before import = 0Number of asset objects unloaded after import = 393

========================================================================
Received Import Request.
  Time since last request: 7.471149 seconds.
  path: Assets/PrefabInstance/GridCellCrafting.prefab
  importAddress: Guid(e49dc964da76aa54bb9f19b936cc5217) Importer(815301076,1909f56bfc062723c751e8b465ee728b)
Start importing Assets/PrefabInstance/GridCellCrafting.prefab using Guid(e49dc964da76aa54bb9f19b936cc5217) Importer(815301076,1909f56bfc062723c751e8b465ee728b) (PreviewImporter) -> (Import Result ID: 'd4ce9268dd6a7c4e2f0b9f181c4f0962') in 0.0857808 seconds [static and dynamic dependencies]. Details - ImportResultOutputID=eba3847da509c95f3d9e4f8e277cffd3 DependenciesID=3fd56dbae36f32459e3beaf7191c82f5 StaticDependenciesID=0e4f4ab75fb19774d1a6559b49b1841b 
Number of updated asset objects reloaded before import = 0Number of asset objects unloaded after import = 46

========================================================================
Received Import Request.
  Time since last request: 0.000042 seconds.
  path: Assets/PrefabInstance/GuardianSpikes.prefab
  importAddress: Guid(b577cf889f7219e498be0337e4df91b3) Importer(815301076,1909f56bfc062723c751e8b465ee728b)
Start importing Assets/PrefabInstance/GuardianSpikes.prefab using Guid(b577cf889f7219e498be0337e4df91b3) Importer(815301076,1909f56bfc062723c751e8b465ee728b) (PreviewImporter) -> (Import Result ID: '0a601c5450f6c089fdfee8a009d216b6') in 0.0175918 seconds [static and dynamic dependencies]. Details - ImportResultOutputID=9d0d65e7402c63fac7fb3a24e5c378f3 DependenciesID=6288843ea74cc968c9c86e95c879df55 StaticDependenciesID=d113254f3c105616bf1b6764c651bdb3 
Number of updated asset objects reloaded before import = 0Number of asset objects unloaded after import = 39

========================================================================
Received Import Request.
  Time since last request: 0.000029 seconds.
  path: Assets/PrefabInstance/HitNumbers.prefab
  importAddress: Guid(b7996cc3a224b6349b170766238e67b7) Importer(815301076,1909f56bfc062723c751e8b465ee728b)
Start importing Assets/PrefabInstance/HitNumbers.prefab using Guid(b7996cc3a224b6349b170766238e67b7) Importer(815301076,1909f56bfc062723c751e8b465ee728b) (PreviewImporter) -> (Import Result ID: 'af47cde3172254619c5f51f91070d53d') in 0.020834 seconds [static and dynamic dependencies]. Details - ImportResultOutputID=d62253b6cdb460384c1b1a4364f86db3 DependenciesID=67c3350461d4a8149c520b3c14fa39fa StaticDependenciesID=8274893a434d927df07877523eb98fff 
Number of updated asset objects reloaded before import = 0Number of asset objects unloaded after import = 19

========================================================================
Received Import Request.
  Time since last request: 0.000042 seconds.
  path: Assets/PrefabInstance/GronkSwordAttack.prefab
  importAddress: Guid(3fb9fd200affbdc4cb0f557fa4d5b3d4) Importer(815301076,1909f56bfc062723c751e8b465ee728b)
Start importing Assets/PrefabInstance/GronkSwordAttack.prefab using Guid(3fb9fd200affbdc4cb0f557fa4d5b3d4) Importer(815301076,1909f56bfc062723c751e8b465ee728b) (PreviewImporter) -> (Import Result ID: '1539f78c78117036c2d2e134327cb810') in 0.3069573 seconds [static and dynamic dependencies]. Details - ImportResultOutputID=f2e20542fe3f490d6a0a81021eef55f5 DependenciesID=0fb162aad0cd43f01a0585585ff47c62 StaticDependenciesID=a3779d42de7c637eec55e794a0b62126 
Number of updated asset objects reloaded before import = 0Number of asset objects unloaded after import = 264

========================================================================
Received Import Request.
  Time since last request: 0.000114 seconds.
  path: Assets/PrefabInstance/GuardianHit.prefab
  importAddress: Guid(6f3d17385e86c2143a8bc09d812ce3c1) Importer(815301076,1909f56bfc062723c751e8b465ee728b)
Start importing Assets/PrefabInstance/GuardianHit.prefab using Guid(6f3d17385e86c2143a8bc09d812ce3c1) Importer(815301076,1909f56bfc062723c751e8b465ee728b) (PreviewImporter) -> (Import Result ID: '14c1e6c036dbcece01fce32e8c39db3e') in 0.0501888 seconds [static and dynamic dependencies]. Details - ImportResultOutputID=f65b01a69ee83f7cff9472bec4fced9c DependenciesID=349ef7ba410c5d68141ee59a075e194b StaticDependenciesID=3cf98362fc106944c791ea3f1350b606 
Number of updated asset objects reloaded before import = 0Number of asset objects unloaded after import = 48

========================================================================
Received Import Request.
  Time since last request: 0.000039 seconds.
  path: Assets/PrefabInstance/House_Smith.prefab
  importAddress: Guid(d162301321bc37245ad46e69efe0b26a) Importer(815301076,1909f56bfc062723c751e8b465ee728b)
Start importing Assets/PrefabInstance/House_Smith.prefab using Guid(d162301321bc37245ad46e69efe0b26a) Importer(815301076,1909f56bfc062723c751e8b465ee728b) (PreviewImporter) -> (Import Result ID: 'cadcc828d22d7dcc124921635e0c8cbc') in 0.7611371 seconds [static and dynamic dependencies]. Details - ImportResultOutputID=3abf6d8bca05433a2543e40d5d5f519c DependenciesID=fe40897b74c023fe1a12cb131866524a StaticDependenciesID=1ef4de3902bf0e9ee650e1a20420327c 
Number of updated asset objects reloaded before import = 0Number of asset objects unloaded after import = 352

========================================================================
Received Import Request.
  Time since last request: 9.739099 seconds.
  path: Assets/PrefabInstance/House_Wood.prefab
  importAddress: Guid(c2fabd4187624ce4f897f08f693316ba) Importer(815301076,1909f56bfc062723c751e8b465ee728b)
Start importing Assets/PrefabInstance/House_Wood.prefab using Guid(c2fabd4187624ce4f897f08f693316ba) Importer(815301076,1909f56bfc062723c751e8b465ee728b) (PreviewImporter) -> (Import Result ID: '3d54fdc04bf4025b4b9503b88e634270') in 0.52023 seconds [static and dynamic dependencies]. Details - ImportResultOutputID=d6e13c69e8e41a5ea6dfee7892f81f30 DependenciesID=3b23b1979247b23060422759f3c8151b StaticDependenciesID=9f93f6e1c04f71ab13bf058571ac108e 
Number of updated asset objects reloaded before import = 0Number of asset objects unloaded after import = 409

========================================================================
Received Import Request.
  Time since last request: 1.485294 seconds.
  path: Assets/PrefabInstance/LightningHitFx.prefab
  importAddress: Guid(7b7d567a75e62c54c920d0bd35afbcc2) Importer(815301076,1909f56bfc062723c751e8b465ee728b)
Start importing Assets/PrefabInstance/LightningHitFx.prefab using Guid(7b7d567a75e62c54c920d0bd35afbcc2) Importer(815301076,1909f56bfc062723c751e8b465ee728b) (PreviewImporter) -> (Import Result ID: 'ae9b2e1bf080470a2abc0692c2f9c0bf') in 0.0387021 seconds [static and dynamic dependencies]. Details - ImportResultOutputID=9a89a850367b82cf48f5a94c2bf2737e DependenciesID=6aae232185448a180937186085b8579d StaticDependenciesID=be60cf662eb7272d2d0e41691eee4fc7 
Number of updated asset objects reloaded before import = 0Number of asset objects unloaded after import = 22

========================================================================
Received Import Request.
  Time since last request: 0.000105 seconds.
  path: Assets/PrefabInstance/LootChestWhite.prefab
  importAddress: Guid(9d572929b0b239c4b849b4852e26c87b) Importer(815301076,1909f56bfc062723c751e8b465ee728b)
Start importing Assets/PrefabInstance/LootChestWhite.prefab using Guid(9d572929b0b239c4b849b4852e26c87b) Importer(815301076,1909f56bfc062723c751e8b465ee728b) (PreviewImporter) -> (Import Result ID: 'be964dfa6115b9891972708e14478454') in 0.3996778 seconds [static and dynamic dependencies]. Details - ImportResultOutputID=d512d6d88da6192ad2950416ec9d51df DependenciesID=33ac5a088ba5818d9a2370b414541021 StaticDependenciesID=8e4bb1c37d04d020e3302e25b5f0c825 
Number of updated asset objects reloaded before import = 0Number of asset objects unloaded after import = 226

========================================================================
Received Import Request.
  Time since last request: 6.108604 seconds.
  path: Assets/PrefabInstance/MushroomOrange.prefab
  importAddress: Guid(c2fbbdd128081bf4382039b59f170f8f) Importer(815301076,1909f56bfc062723c751e8b465ee728b)
Start importing Assets/PrefabInstance/MushroomOrange.prefab using Guid(c2fbbdd128081bf4382039b59f170f8f) Importer(815301076,1909f56bfc062723c751e8b465ee728b) (PreviewImporter) -> (Import Result ID: '0e7f5d7ebe00655169b4f9d36c3f374d') in 0.34314 seconds [static and dynamic dependencies]. Details - ImportResultOutputID=b7a3a7f55c85bfbd42df1f59c518ec9a DependenciesID=c72b7fb48106cb9b5c89a89baa462b5b StaticDependenciesID=827da5e1dcfb49fb249ae0e5ab627cc4 
Number of updated asset objects reloaded before import = 0Number of asset objects unloaded after import = 197

========================================================================
Received Import Request.
  Time since last request: 0.000039 seconds.
  path: Assets/PrefabInstance/Obamium.prefab
  importAddress: Guid(bf37038fe48cb2048891aa943b151231) Importer(815301076,1909f56bfc062723c751e8b465ee728b)
Start importing Assets/PrefabInstance/Obamium.prefab using Guid(bf37038fe48cb2048891aa943b151231) Importer(815301076,1909f56bfc062723c751e8b465ee728b) (PreviewImporter) -> (Import Result ID: '2f70f1efc3b3a6e67c3ff7b757acffd5') in 0.1989588 seconds [static and dynamic dependencies]. Details - ImportResultOutputID=e1bc2db35ae4f8a665435558025bf902 DependenciesID=bcbe34aec3604df258716c5ab85bb3ae StaticDependenciesID=6e031f864de1bbdb4e10a95e3ac5153f 
Number of updated asset objects reloaded before import = 0Number of asset objects unloaded after import = 200

========================================================================
Received Import Request.
  Time since last request: 2.242745 seconds.
  path: Assets/PrefabInstance/Ping.prefab
  importAddress: Guid(714fc422606bdc94a83f884eea38366b) Importer(815301076,1909f56bfc062723c751e8b465ee728b)
Start importing Assets/PrefabInstance/Ping.prefab using Guid(714fc422606bdc94a83f884eea38366b) Importer(815301076,1909f56bfc062723c751e8b465ee728b) (PreviewImporter) -> (Import Result ID: '8187138bd20bdb1600876a66256cc8cd') in 0.0194932 seconds [static and dynamic dependencies]. Details - ImportResultOutputID=9d5ecde4eb0014fe24e9dfd0842d0a8d DependenciesID=c104ce38bedee11fe42f5f3b08f59eb6 StaticDependenciesID=261403dd8dc7373eceb9486892a43943 
Number of updated asset objects reloaded before import = 0Number of asset objects unloaded after import = 21

========================================================================
Received Import Request.
  Time since last request: 0.000046 seconds.
  path: Assets/PrefabInstance/Planks_Tilt.prefab
  importAddress: Guid(716629edf3bc3624b8e3f7ff6be5da88) Importer(815301076,1909f56bfc062723c751e8b465ee728b)
Start importing Assets/PrefabInstance/Planks_Tilt.prefab using Guid(716629edf3bc3624b8e3f7ff6be5da88) Importer(815301076,1909f56bfc062723c751e8b465ee728b) (PreviewImporter) -> (Import Result ID: 'f55e683e3e6e31cd608c75384adc574a') in 0.1807369 seconds [static and dynamic dependencies]. Details - ImportResultOutputID=d125dc56ae944278418762a6d7279623 DependenciesID=909d83eb8627287a896813591aeac519 StaticDependenciesID=83cdd92412c2f57ba26901f51f337acb 
Number of updated asset objects reloaded before import = 0Number of asset objects unloaded after import = 97

========================================================================
Received Import Request.
  Time since last request: 5.822180 seconds.
  path: Assets/PrefabInstance/Planks_Wall.prefab
  importAddress: Guid(dccc29868800b484fa94281eeb669951) Importer(815301076,1909f56bfc062723c751e8b465ee728b)
Start importing Assets/PrefabInstance/Planks_Wall.prefab using Guid(dccc29868800b484fa94281eeb669951) Importer(815301076,1909f56bfc062723c751e8b465ee728b) (PreviewImporter) -> (Import Result ID: 'ec032a95ecd1022e783c0cc70ffae4bb') in 0.1910484 seconds [static and dynamic dependencies]. Details - ImportResultOutputID=16928bb99e89d4db5138dba73c7c3765 DependenciesID=1e3f0f5ac42e48ae90ca45b3b023a270 StaticDependenciesID=1a4fac06a6cd8b110d5f7630a1dfafbb 
Number of updated asset objects reloaded before import = 0Number of asset objects unloaded after import = 97

========================================================================
Received Import Request.
  Time since last request: 0.000057 seconds.
  path: Assets/PrefabInstance/PlayerHitFx.prefab
  importAddress: Guid(5eb1136b5828c8d48bfe2dac3ff03fa5) Importer(815301076,1909f56bfc062723c751e8b465ee728b)
Start importing Assets/PrefabInstance/PlayerHitFx.prefab using Guid(5eb1136b5828c8d48bfe2dac3ff03fa5) Importer(815301076,1909f56bfc062723c751e8b465ee728b) (PreviewImporter) -> (Import Result ID: '1f75706cf522b07af765f03dee929d69') in 0.0680516 seconds [static and dynamic dependencies]. Details - ImportResultOutputID=c01b399f41138899e96481ef2b364533 DependenciesID=9ffae2a9e0983c928ac80d54a8c6858b StaticDependenciesID=b336a42d6572ca5b6d10a5f23a04cdea 
Number of updated asset objects reloaded before import = 0Number of asset objects unloaded after import = 40

========================================================================
Received Import Request.
  Time since last request: 0.000076 seconds.
  path: Assets/PrefabInstance/PowerupParticles.prefab
  importAddress: Guid(8ad7d0faa4c78c24d9f300b165a95a49) Importer(815301076,1909f56bfc062723c751e8b465ee728b)
Start importing Assets/PrefabInstance/PowerupParticles.prefab using Guid(8ad7d0faa4c78c24d9f300b165a95a49) Importer(815301076,1909f56bfc062723c751e8b465ee728b) (PreviewImporter) -> (Import Result ID: 'b067bd2559275297417d6eb16bdd74a7') in 0.0182795 seconds [static and dynamic dependencies]. Details - ImportResultOutputID=f9fdccc68bc0f6dba2bdaa3f4a6ad54a DependenciesID=c18ae64369fd1137845f8558ecf0e78b StaticDependenciesID=03aac5fa114015f0f681d95d512226aa 
Number of updated asset objects reloaded before import = 0Number of asset objects unloaded after import = 9

========================================================================
Received Import Request.
  Time since last request: 0.000030 seconds.
  path: Assets/PrefabInstance/RequirementPrefab.prefab
  importAddress: Guid(9712c4bf4e595994298e08126c62d7e9) Importer(815301076,1909f56bfc062723c751e8b465ee728b)
Start importing Assets/PrefabInstance/RequirementPrefab.prefab using Guid(9712c4bf4e595994298e08126c62d7e9) Importer(815301076,1909f56bfc062723c751e8b465ee728b) (PreviewImporter) -> (Import Result ID: '185bc608db5b2f03bd7bf17c7e0d0b78') in 0.0028161 seconds [static and dynamic dependencies]. Details - ImportResultOutputID=13875f2071b3da6f1985f9dba69296ed DependenciesID=2b110c4589e0945fe19ab6035487df05 StaticDependenciesID=98c9b6e0385f16e2adc1dfa09c67c08c 
Number of updated asset objects reloaded before import = 0Number of asset objects unloaded after import = 6

========================================================================
Received Import Request.
  Time since last request: 0.000023 seconds.
  path: Assets/PrefabInstance/PlayerStep.prefab
  importAddress: Guid(d21e75213e64ecf4896dd88684b90587) Importer(815301076,1909f56bfc062723c751e8b465ee728b)
Start importing Assets/PrefabInstance/PlayerStep.prefab using Guid(d21e75213e64ecf4896dd88684b90587) Importer(815301076,1909f56bfc062723c751e8b465ee728b) (PreviewImporter) -> (Import Result ID: '5c7f2d0bb5f71ec4c517c8a360202c02') in 0.0176302 seconds [static and dynamic dependencies]. Details - ImportResultOutputID=2106d13d39a449188d6d966119cdf723 DependenciesID=8dcd3494e5f26f3a7c22769af10c565a StaticDependenciesID=4172bd21a5332900b3cd691587f77b76 
Number of updated asset objects reloaded before import = 0Number of asset objects unloaded after import = 20

Editor requested this worker to shutdown with reason: Scaling down because of idle timeout
AssetImportWorker is now disconnected from the server
Process exiting
Exiting without the bug reporter. Application will terminate with return code 0