[Licensing::Module] Trying to connect to existing licensing client channel...
Built from '6000.4/staging' branch; Version is '6000.4.10f1 (feeafc12a938) revision 16706300'; Using compiler version '194234433'; Build Type 'Release'
[Licensing::IpcConnector] Successfully connected to: "LicenseClient-chris" at "2026-09-12T17:10:38.728857Z"
OS: 'Windows 11  (10.0.26200) Core' Language: 'en' Physical Memory: 32189 MB
BatchMode: 1, IsHumanControllingUs: 0, StartBugReporterOnCrash: 0, Is64bit: 1
System  architecture: x64
Process architecture: x64
Date: 2026-09-12T17:10:38Z

COMMAND LINE ARGUMENTS:
C:\Program Files\Unity\Hub\Editor\6000.4.10f1\Editor\Unity.exe
-adb2
-batchMode
-noUpm
-name
AssetImportWorker22
-projectPath
C:/Users/chris/Documents/VSCODEPROJECTS/REPOS/MuckedUp
-logFile
Logs/AssetImportWorker22.log
-srvPort
58741
-licensingIpc
LicenseClient-chris
-force-d3d12
-job-worker-count
7
-background-job-worker-count
8
-gc-helper-count
1
-name
AssetImport
Successfully changed project path to: C:/Users/chris/Documents/VSCODEPROJECTS/REPOS/MuckedUp
C:/Users/chris/Documents/VSCODEPROJECTS/REPOS/MuckedUp
[UnityMemory] Configuration Parameters - Can be set up in boot.config
    "memorysetup-temp-allocator-size-gi-baking-worker=262144"
    "memorysetup-temp-allocator-size-gi-baking-worker=262144"
    "memorysetup-temp-allocator-size-gi-baking-worker=262144"
    "memorysetup-temp-allocator-size-gi-baking-worker=262144"
    "memorysetup-temp-allocator-size-gi-baking-worker=262144"
    "memorysetup-temp-allocator-size-nav-mesh-worker=65536"
    "memorysetup-temp-allocator-size-audio-worker=65536"
    "memorysetup-temp-allocator-size-cloud-worker=32768"
    "memorysetup-temp-allocator-size-gfx=262144"
    "memorysetup-temp-allocator-size-preload-manager=33554432"
    "memorysetup-temp-allocator-size-job-worker=262144"
    "memorysetup-temp-allocator-size-background-worker=32768"
    "memorysetup-allocator-temp-initial-block-size-main=262144"
    "memorysetup-allocator-temp-initial-block-size-worker=262144"
    "memorysetup-bucket-allocator-granularity=16"
    "memorysetup-bucket-allocator-bucket-count=8"
    "memorysetup-bucket-allocator-block-size=33554432"
    "memorysetup-bucket-allocator-block-count=8"
    "memorysetup-main-allocator-block-size=16777216"
    "memorysetup-thread-allocator-block-size=16777216"
    "memorysetup-gfx-main-allocator-block-size=16777216"
    "memorysetup-gfx-thread-allocator-block-size=16777216"
    "memorysetup-cache-allocator-block-size=4194304"
    "memorysetup-typetree-allocator-block-size=2097152"
    "memorysetup-profiler-bucket-allocator-granularity=16"
    "memorysetup-profiler-bucket-allocator-bucket-count=8"
    "memorysetup-profiler-bucket-allocator-block-size=33554432"
    "memorysetup-profiler-bucket-allocator-block-count=8"
    "memorysetup-profiler-allocator-block-size=16777216"
    "memorysetup-profiler-editor-allocator-block-size=1048576"
    "memorysetup-temp-allocator-size-main=16777216"
    "memorysetup-job-temp-allocator-block-size=2097152"
    "memorysetup-job-temp-allocator-block-size-background=1048576"
    "memorysetup-job-temp-allocator-reduction-small-platforms=262144"
Player connection [29016]  Target information:

Player connection [29016]  * "[IP] 192.168.4.28 [Port] 0 [Flags] 2 [Guid] 2983919296 [EditorId] 2983919296 [Version] 1048832 [Id] WindowsEditor(7,Asus-Z-2) [Debug] 1 [PackageName] WindowsEditor [ProjectName] Editor" 

Player connection [29016] Host joined multi-casting on [225.0.0.222:54997]...
Player connection [29016] Host joined alternative multi-casting on [225.0.0.222:34997]...
JobSystem: Creating JobQueue using job-worker-count value 7
Input System module state changed to: Initialized.
[Physics::Module] Initialized fallback backend.
[Physics::Module] Id: 0xdecafbad
Library Redirect Path: Library/
[Physics::Module] Selected backend.
[Physics::Module] Name: PhysX
[Physics::Module] Id: 0xf2b8ea05
[Physics::Module] SDK Version: 4.1.2
[Physics::Module] Integration Version: 1.0.0
[Physics::Module] Threading Mode: Multi-Threaded
Refreshing native plugins compatible for Editor in 32.45 ms, found 6 plugins.
Preloading 1 native plugins for Editor in 4.13 ms.
Initialize engine version: 6000.4.10f1 (feeafc12a938)
[Subsystems] Discovering subsystems at path C:/Program Files/Unity/Hub/Editor/6000.4.10f1/Editor/Data/Resources/UnitySubsystems
[Subsystems] Discovering subsystems at path C:/Users/chris/Documents/VSCODEPROJECTS/REPOS/MuckedUp/Assets
Forcing GfxDevice: Direct3D 12
GfxDevice: creating device client; kGfxThreadingModeNonThreaded
d3d12: failed to query info queue interface (0x80004002).
Direct3D:
    Version:         Direct3D 12 [level 12.2]
    Renderer:        NVIDIA GeForce RTX 5080 Laptop GPU (ID=0x2c59)
    Vendor:          NVIDIA
    VRAM:            16003 MB
    App VRAM Budget: 15235 MB
    Driver:          32.0.16.1088
Initialize mono
Mono path[0] = 'C:/Program Files/Unity/Hub/Editor/6000.4.10f1/Editor/Data/Managed'
Mono path[1] = 'C:/Program Files/Unity/Hub/Editor/6000.4.10f1/Editor/Data/MonoBleedingEdge/lib/mono/unityjit-win32'
Mono config path = 'C:/Program Files/Unity/Hub/Editor/6000.4.10f1/Editor/Data/MonoBleedingEdge/etc'
Using monoOptions --debugger-agent=transport=dt_socket,embedding=1,server=y,suspend=n,address=127.0.0.1:56988
CodeReloadManager initialized
Begin MonoManager ReloadAssembly
Registering precompiled unity dll's ...
Register platform support module: C:/Program Files/Unity/Hub/Editor/6000.4.10f1/Editor/Data/PlaybackEngines/WebGLSupport/UnityEditor.WebGL.Extensions.dll
Register platform support module: C:/Program Files/Unity/Hub/Editor/6000.4.10f1/Editor/Data/PlaybackEngines/WindowsStandaloneSupport/UnityEditor.WindowsStandalone.Extensions.dll
Registered in 0.003578 seconds.
[Licensing::Client] Error: HandshakeResponse reported an error:
	ResponseCode: 505
	ResponseStatus: Unsupported protocol version '1.18.1'.
[Licensing::Module] Error: Failed to handshake to channel: "LicenseClient-chris"
[Licensing::IpcConnector] LicenseClient-chris channel disconnected successfully.
[Licensing::IpcConnector] Successfully connected to: "LicenseClient-chris-6000.4.10" at "2026-09-12T17:10:40.9687094Z"
[Licensing::Client] Code 10 while verifying Licensing Client signature (process Id: 1772, path: "C:/Program Files/Unity/Hub/Editor/6000.4.10f1/Editor/Data/Resources/Licensing/Client/Unity.Licensing.Client.exe")
[Licensing::Module] LicensingClient has failed validation; ignoring
[Licensing::Client] Handshaking with LicensingClient:
  Version:                 1.18.1+9fbee8e
  Session Id:              397d5adffe9049009267cd5c310c92aa
  Correlation Id:          fd51f5d1309bfe5155c680cfca751b39
  External correlation Id: 2105642760505886407
  Machine Id:              qjKs8DFrk8EBF4sOshQ983V5ek0=
[Licensing::Module] Successfully connected to LicensingClient on channel: "LicenseClient-chris-6000.4.10" (connect: 0.00s, validation: 0.00s, handshake: 0.01s)
[Licensing::IpcConnector] Successfully connected to: "LicenseClient-chris-6000.4.10-notifications" at "2026-09-12T17:10:40.9824938Z"
[Licensing::Module] Licensing Background thread has ended after 2.25s
Native extension for WindowsStandalone target not found
Native extension for WebGL target not found
Package Manager log level set to [2]
[Package Manager] Failed to launch server process. Reason: Unity was launched with the -noUpm command-line argument
[Package Manager] Unable to send message (not connected to server process).
[Package Manager] Cannot connect to Unity Package Manager local server
ScheduleIndexationOnStartup MainProcess:False IndexOnStartup:True
Mono: successfully reloaded assembly
- Finished resetting the current domain, in  0.707 seconds
Domain Reload Profiling: 1442ms
	BeginReloadAssembly (202ms)
	RebuildCommonClasses (58ms)
	RebuildNativeTypeToScriptingClass (18ms)
	initialDomainReloadingComplete (105ms)
	LoadAllAssembliesAndSetupDomain (350ms)
		LoadAssemblies (196ms)
		AnalyzeDomain (337ms)
			TypeCache.Refresh (336ms)
				TypeCache.ScanAssembly (314ms)
	FinalizeReload (709ms)
		SetupLoadedEditorAssemblies (0ms)
			InitializePlatformSupportModulesInManaged (66ms)
			BeforeProcessingInitializeOnLoad (133ms)
			ProcessInitializeOnLoadAttributes (217ms)
			ProcessInitializeOnLoadMethodAttributes (153ms)
========================================================================
Worker process is ready to serve import requests
Import Worker Mode flag is 0x00
Begin MonoManager ReloadAssembly
[Licensing::Client] Successfully resolved entitlement details
[Licensing::Module] License group:
  Id: 1374564138397-UnityPersXXXX
  Product: Unity Personal
  Type: Assigned
  Expiration: Unlimited
Assembly Assembly-CSharp-Editor-firstpass.dll at Library/ScriptAssemblies/Assembly-CSharp-Editor-firstpass.dll not valid. Loading of assembly skipped.
Assembly Assembly-CSharp-firstpass.dll at Library/ScriptAssemblies/Assembly-CSharp-firstpass.dll not valid. Loading of assembly skipped.
Assembly DocCodeExamples.dll at Library/ScriptAssemblies/DocCodeExamples.dll not valid. Loading of assembly skipped.
Assembly GdkToolsEditModeTests.dll at Library/ScriptAssemblies/GdkToolsEditModeTests.dll not valid. Loading of assembly skipped.
Assembly TestNewCustomAssembly.dll at Library/ScriptAssemblies/TestNewCustomAssembly.dll not valid. Loading of assembly skipped.
Assembly Unity.2D.Sprite.Package.EditorTests.dll at Library/ScriptAssemblies/Unity.2D.Sprite.Package.EditorTests.dll not valid. Loading of assembly skipped.
Assembly Unity.2D.Tilemap.Package.EditorTests.dll at Library/ScriptAssemblies/Unity.2D.Tilemap.Package.EditorTests.dll not valid. Loading of assembly skipped.
Assembly Unity.AI.Assistant.Integrations.Sample.Editor.dll at Library/ScriptAssemblies/Unity.AI.Assistant.Integrations.Sample.Editor.dll not valid. Loading of assembly skipped.
Assembly Unity.Analytics.DataPrivacy.Tests.dll at Library/ScriptAssemblies/Unity.Analytics.DataPrivacy.Tests.dll not valid. Loading of assembly skipped.
Assembly Unity.Analytics.StandardEvents.EditorTests.dll at Library/ScriptAssemblies/Unity.Analytics.StandardEvents.EditorTests.dll not valid. Loading of assembly skipped.
Assembly Unity.AppUI.Editor.Tests.dll at Library/ScriptAssemblies/Unity.AppUI.Editor.Tests.dll not valid. Loading of assembly skipped.
Assembly Unity.AppUI.Tests.dll at Library/ScriptAssemblies/Unity.AppUI.Tests.dll not valid. Loading of assembly skipped.
Assembly Unity.Collections.BurstCompatibilityGen.dll at Library/ScriptAssemblies/Unity.Collections.BurstCompatibilityGen.dll not valid. Loading of assembly skipped.
Assembly Unity.Collections.DocCodeSamples.dll at Library/ScriptAssemblies/Unity.Collections.DocCodeSamples.dll not valid. Loading of assembly skipped.
Assembly Unity.Collections.PerformanceTests.dll at Library/ScriptAssemblies/Unity.Collections.PerformanceTests.dll not valid. Loading of assembly skipped.
Assembly Unity.Collections.Tests.dll at Library/ScriptAssemblies/Unity.Collections.Tests.dll not valid. Loading of assembly skipped.
Assembly Unity.Collections.Tests.Playmode.dll at Library/ScriptAssemblies/Unity.Collections.Tests.Playmode.dll not valid. Loading of assembly skipped.
Assembly Unity.Mathematics.Tests.dll at Library/ScriptAssemblies/Unity.Mathematics.Tests.dll not valid. Loading of assembly skipped.
Assembly Unity.Microsoft.GDK.Discovery.EditModeTests.dll at Library/ScriptAssemblies/Unity.Microsoft.GDK.Discovery.EditModeTests.dll not valid. Loading of assembly skipped.
Assembly Unity.Microsoft.GDK.Tests.dll at Library/ScriptAssemblies/Unity.Microsoft.GDK.Tests.dll not valid. Loading of assembly skipped.
Assembly Unity.Multiplayer.Center.Editor.Tests.dll at Library/ScriptAssemblies/Unity.Multiplayer.Center.Editor.Tests.dll not valid. Loading of assembly skipped.
Assembly Unity.Multiplayer.Center.Tests.dll at Library/ScriptAssemblies/Unity.Multiplayer.Center.Tests.dll not valid. Loading of assembly skipped.
Assembly Unity.Nuget.Mono-Cecil.dll at Library/ScriptAssemblies/Unity.Nuget.Mono-Cecil.dll not valid. Loading of assembly skipped.
Assembly Unity.Postprocessing.Editor.Tests.dll at Library/ScriptAssemblies/Unity.Postprocessing.Editor.Tests.dll not valid. Loading of assembly skipped.
Assembly Unity.Postprocessing.Runtime.Tests.dll at Library/ScriptAssemblies/Unity.Postprocessing.Runtime.Tests.dll not valid. Loading of assembly skipped.
Assembly Unity.Purchasing.Apple.dll at Library/ScriptAssemblies/Unity.Purchasing.Apple.dll not valid. Loading of assembly skipped.
Assembly Unity.Purchasing.AppleMacos.dll at Library/ScriptAssemblies/Unity.Purchasing.AppleMacos.dll not valid. Loading of assembly skipped.
Assembly Unity.Purchasing.Security.dll at Library/ScriptAssemblies/Unity.Purchasing.Security.dll not valid. Loading of assembly skipped.
Assembly Unity.Purchasing.TransactionVerifier.dll at Library/ScriptAssemblies/Unity.Purchasing.TransactionVerifier.dll not valid. Loading of assembly skipped.
Assembly Unity.TextMeshPro.Editor.Tests.dll at Library/ScriptAssemblies/Unity.TextMeshPro.Editor.Tests.dll not valid. Loading of assembly skipped.
Assembly Unity.TextMeshPro.Tests.dll at Library/ScriptAssemblies/Unity.TextMeshPro.Tests.dll not valid. Loading of assembly skipped.
Assembly UnityEditor.Purchasing.Authoring.dll at Library/ScriptAssemblies/UnityEditor.Purchasing.Authoring.dll not valid. Loading of assembly skipped.
Assembly UnityEditor.Purchasing.Editor.Authoring.Core.dll at Library/ScriptAssemblies/UnityEditor.Purchasing.Editor.Authoring.Core.dll not valid. Loading of assembly skipped.
Assembly UnityEditor.UI.Common.Tests.dll at Library/ScriptAssemblies/UnityEditor.UI.Common.Tests.dll not valid. Loading of assembly skipped.
Assembly UnityEditor.UI.EditorTests.dll at Library/ScriptAssemblies/UnityEditor.UI.EditorTests.dll not valid. Loading of assembly skipped.
Assembly UnityEditor.XR.LegacyInputHelpers.Tests.dll at Library/ScriptAssemblies/UnityEditor.XR.LegacyInputHelpers.Tests.dll not valid. Loading of assembly skipped.
Assembly UnityEngine.Advertisements.Editor.Tests.dll at Library/ScriptAssemblies/UnityEngine.Advertisements.Editor.Tests.dll not valid. Loading of assembly skipped.
Assembly UnityEngine.Advertisements.Tests.dll at Library/ScriptAssemblies/UnityEngine.Advertisements.Tests.dll not valid. Loading of assembly skipped.
Assembly UnityEngine.SpatialTracking.Tests.dll at Library/ScriptAssemblies/UnityEngine.SpatialTracking.Tests.dll not valid. Loading of assembly skipped.
Assembly UnityEngine.UI.Tests.dll at Library/ScriptAssemblies/UnityEngine.UI.Tests.dll not valid. Loading of assembly skipped.
Symbol file LoadedFromMemory is not a mono symbol file
Symbol file LoadedFromMemory is not a mono symbol file
Refreshing native plugins compatible for Editor in 29.38 ms, found 6 plugins.
Native extension for WindowsStandalone target not found
Native extension for WebGL target not found
[Package Manager] Failed to launch server process. Reason: Unity was launched with the -noUpm command-line argument
[Package Manager] Unable to send message (not connected to server process).
[Package Manager] Cannot connect to Unity Package Manager local server
Refreshing native plugins compatible for Editor in 35.25 ms, found 6 plugins.
[Package Manager] Failed to launch server process. Reason: Unity was launched with the -noUpm command-line argument
[Package Manager] Unable to send message (not connected to server process).
[Package Manager] Cannot connect to Unity Package Manager local server
[Licensing::Client] Error: Code 404 while processing request (status: Found 0 entitlement groups and 0 free entitlements matching requested entitlement ids)
ScheduleIndexationOnStartup MainProcess:False IndexOnStartup:True
Mono: successfully reloaded assembly
- Finished resetting the current domain, in  3.342 seconds
Domain Reload Profiling: 5342ms
	BeginReloadAssembly (324ms)
		DisableScriptedObjects (11ms)
		CreateAndSetChildDomain (60ms)
	RebuildCommonClasses (60ms)
	RebuildNativeTypeToScriptingClass (21ms)
	initialDomainReloadingComplete (185ms)
	LoadAllAssembliesAndSetupDomain (1408ms)
		LoadAssemblies (828ms)
		AnalyzeDomain (734ms)
			TypeCache.Refresh (580ms)
				TypeCache.ScanAssembly (538ms)
			BuildScriptInfoCaches (137ms)
			ResolveRequiredComponents (13ms)
	FinalizeReload (3343ms)
		SetupLoadedEditorAssemblies (0ms)
			InitializePlatformSupportModulesInManaged (6ms)
			BeforeProcessingInitializeOnLoad (334ms)
			ProcessInitializeOnLoadAttributes (2074ms)
			ProcessInitializeOnLoadMethodAttributes (600ms)
			AfterProcessingInitializeOnLoad (8ms)
		AwakeInstancesAfterBackupRestoration (14ms)
Launched and connected shader compiler UnityShaderCompiler.exe after 0.06 seconds
Refreshing native plugins compatible for Editor in 30.23 ms, found 6 plugins.
Unloading 57 Unused Serialized files (Serialized files now loaded: 0)
Unloading 9062 unused Assets / (18.6 MB). Loaded Objects now: 9643.
Memory consumption went from 191.2 MB to 172.6 MB.
Total: 36.359400 ms (FindLiveObjects: 1.688700 ms CreateObjectMapping: 1.664500 ms MarkObjects: 23.685300 ms  DeleteObjects: 9.313400 ms)

========================================================================
Received Import Request.
  Time since last request: 8843.643840 seconds.
  path: Assets/PolygonFantasyKingdom/Models/SM_Prop_Candle_Flame_01.fbx
  importAddress: Guid(6f9115bd4317a23498b706a4cc7bc5ed) Importer(815301076,1909f56bfc062723c751e8b465ee728b)
Start importing Assets/PolygonFantasyKingdom/Models/SM_Prop_Candle_Flame_01.fbx using Guid(6f9115bd4317a23498b706a4cc7bc5ed) Importer(815301076,1909f56bfc062723c751e8b465ee728b) (PreviewImporter) -> (Import Result ID: '7c067bca7253808d63819be41773d78b') in 0.262308 seconds [static and dynamic dependencies]. Details - ImportResultOutputID=6971cef125d40169d1f15b2fe9521765 DependenciesID=5e5f2574d8c591298b126a911010b54e StaticDependenciesID=61886ac1b8d268c72014dda40c21c0dc 
Number of updated asset objects reloaded before import = 0Number of asset objects unloaded after import = 7

========================================================================
Received Import Request.
  Time since last request: 0.047674 seconds.
  path: Assets/PolygonFantasyKingdom/Models/SM_Prop_Candle_Flame_01.fbx
  importAddress: Guid(6f9115bd4317a23498b706a4cc7bc5ed) Importer(815301076,1909f56bfc062723c751e8b465ee728b)
Start importing Assets/PolygonFantasyKingdom/Models/SM_Prop_Candle_Flame_01.fbx using Guid(6f9115bd4317a23498b706a4cc7bc5ed) Importer(815301076,1909f56bfc062723c751e8b465ee728b) (PreviewImporter) -> (Import Result ID: '7c067bca7253808d63819be41773d78b') in 0.0269802 seconds [static and dynamic dependencies]. Details - ImportResultOutputID=6971cef125d40169d1f15b2fe9521765 DependenciesID=5e5f2574d8c591298b126a911010b54e StaticDependenciesID=61886ac1b8d268c72014dda40c21c0dc 
Number of updated asset objects reloaded before import = 0Number of asset objects unloaded after import = 7

========================================================================
Received Prepare
Begin MonoManager ReloadAssembly
[Licensing::Client] Successfully resolved entitlement details
Assembly Assembly-CSharp-Editor-firstpass.dll at Library/ScriptAssemblies/Assembly-CSharp-Editor-firstpass.dll not valid. Loading of assembly skipped.
Assembly Assembly-CSharp-firstpass.dll at Library/ScriptAssemblies/Assembly-CSharp-firstpass.dll not valid. Loading of assembly skipped.
Assembly DocCodeExamples.dll at Library/ScriptAssemblies/DocCodeExamples.dll not valid. Loading of assembly skipped.
Assembly GdkToolsEditModeTests.dll at Library/ScriptAssemblies/GdkToolsEditModeTests.dll not valid. Loading of assembly skipped.
Assembly TestNewCustomAssembly.dll at Library/ScriptAssemblies/TestNewCustomAssembly.dll not valid. Loading of assembly skipped.
Assembly Unity.2D.Sprite.Package.EditorTests.dll at Library/ScriptAssemblies/Unity.2D.Sprite.Package.EditorTests.dll not valid. Loading of assembly skipped.
Assembly Unity.2D.Tilemap.Package.EditorTests.dll at Library/ScriptAssemblies/Unity.2D.Tilemap.Package.EditorTests.dll not valid. Loading of assembly skipped.
Assembly Unity.AI.Assistant.Integrations.Sample.Editor.dll at Library/ScriptAssemblies/Unity.AI.Assistant.Integrations.Sample.Editor.dll not valid. Loading of assembly skipped.
Assembly Unity.Analytics.DataPrivacy.Tests.dll at Library/ScriptAssemblies/Unity.Analytics.DataPrivacy.Tests.dll not valid. Loading of assembly skipped.
Assembly Unity.Analytics.StandardEvents.EditorTests.dll at Library/ScriptAssemblies/Unity.Analytics.StandardEvents.EditorTests.dll not valid. Loading of assembly skipped.
Assembly Unity.AppUI.Editor.Tests.dll at Library/ScriptAssemblies/Unity.AppUI.Editor.Tests.dll not valid. Loading of assembly skipped.
Assembly Unity.AppUI.Tests.dll at Library/ScriptAssemblies/Unity.AppUI.Tests.dll not valid. Loading of assembly skipped.
Assembly Unity.Collections.BurstCompatibilityGen.dll at Library/ScriptAssemblies/Unity.Collections.BurstCompatibilityGen.dll not valid. Loading of assembly skipped.
Assembly Unity.Collections.DocCodeSamples.dll at Library/ScriptAssemblies/Unity.Collections.DocCodeSamples.dll not valid. Loading of assembly skipped.
Assembly Unity.Collections.PerformanceTests.dll at Library/ScriptAssemblies/Unity.Collections.PerformanceTests.dll not valid. Loading of assembly skipped.
Assembly Unity.Collections.Tests.dll at Library/ScriptAssemblies/Unity.Collections.Tests.dll not valid. Loading of assembly skipped.
Assembly Unity.Collections.Tests.Playmode.dll at Library/ScriptAssemblies/Unity.Collections.Tests.Playmode.dll not valid. Loading of assembly skipped.
Assembly Unity.Mathematics.Tests.dll at Library/ScriptAssemblies/Unity.Mathematics.Tests.dll not valid. Loading of assembly skipped.
Assembly Unity.Microsoft.GDK.Discovery.EditModeTests.dll at Library/ScriptAssemblies/Unity.Microsoft.GDK.Discovery.EditModeTests.dll not valid. Loading of assembly skipped.
Assembly Unity.Microsoft.GDK.Tests.dll at Library/ScriptAssemblies/Unity.Microsoft.GDK.Tests.dll not valid. Loading of assembly skipped.
Assembly Unity.Multiplayer.Center.Editor.Tests.dll at Library/ScriptAssemblies/Unity.Multiplayer.Center.Editor.Tests.dll not valid. Loading of assembly skipped.
Assembly Unity.Multiplayer.Center.Tests.dll at Library/ScriptAssemblies/Unity.Multiplayer.Center.Tests.dll not valid. Loading of assembly skipped.
Assembly Unity.Nuget.Mono-Cecil.dll at Library/ScriptAssemblies/Unity.Nuget.Mono-Cecil.dll not valid. Loading of assembly skipped.
Assembly Unity.Postprocessing.Editor.Tests.dll at Library/ScriptAssemblies/Unity.Postprocessing.Editor.Tests.dll not valid. Loading of assembly skipped.
Assembly Unity.Postprocessing.Runtime.Tests.dll at Library/ScriptAssemblies/Unity.Postprocessing.Runtime.Tests.dll not valid. Loading of assembly skipped.
Assembly Unity.Purchasing.Apple.dll at Library/ScriptAssemblies/Unity.Purchasing.Apple.dll not valid. Loading of assembly skipped.
Assembly Unity.Purchasing.AppleMacos.dll at Library/ScriptAssemblies/Unity.Purchasing.AppleMacos.dll not valid. Loading of assembly skipped.
Assembly Unity.Purchasing.Security.dll at Library/ScriptAssemblies/Unity.Purchasing.Security.dll not valid. Loading of assembly skipped.
Assembly Unity.Purchasing.TransactionVerifier.dll at Library/ScriptAssemblies/Unity.Purchasing.TransactionVerifier.dll not valid. Loading of assembly skipped.
Assembly Unity.TextMeshPro.Editor.Tests.dll at Library/ScriptAssemblies/Unity.TextMeshPro.Editor.Tests.dll not valid. Loading of assembly skipped.
Assembly Unity.TextMeshPro.Tests.dll at Library/ScriptAssemblies/Unity.TextMeshPro.Tests.dll not valid. Loading of assembly skipped.
Assembly UnityEditor.Purchasing.Authoring.dll at Library/ScriptAssemblies/UnityEditor.Purchasing.Authoring.dll not valid. Loading of assembly skipped.
Assembly UnityEditor.Purchasing.Editor.Authoring.Core.dll at Library/ScriptAssemblies/UnityEditor.Purchasing.Editor.Authoring.Core.dll not valid. Loading of assembly skipped.
Assembly UnityEditor.UI.Common.Tests.dll at Library/ScriptAssemblies/UnityEditor.UI.Common.Tests.dll not valid. Loading of assembly skipped.
Assembly UnityEditor.UI.EditorTests.dll at Library/ScriptAssemblies/UnityEditor.UI.EditorTests.dll not valid. Loading of assembly skipped.
Assembly UnityEditor.XR.LegacyInputHelpers.Tests.dll at Library/ScriptAssemblies/UnityEditor.XR.LegacyInputHelpers.Tests.dll not valid. Loading of assembly skipped.
Assembly UnityEngine.Advertisements.Editor.Tests.dll at Library/ScriptAssemblies/UnityEngine.Advertisements.Editor.Tests.dll not valid. Loading of assembly skipped.
Assembly UnityEngine.Advertisements.Tests.dll at Library/ScriptAssemblies/UnityEngine.Advertisements.Tests.dll not valid. Loading of assembly skipped.
Assembly UnityEngine.SpatialTracking.Tests.dll at Library/ScriptAssemblies/UnityEngine.SpatialTracking.Tests.dll not valid. Loading of assembly skipped.
Assembly UnityEngine.UI.Tests.dll at Library/ScriptAssemblies/UnityEngine.UI.Tests.dll not valid. Loading of assembly skipped.
Symbol file LoadedFromMemory is not a mono symbol file
Symbol file LoadedFromMemory is not a mono symbol file
Refreshing native plugins compatible for Editor in 31.95 ms, found 6 plugins.
Native extension for WindowsStandalone target not found
Native extension for WebGL target not found
[Package Manager] Failed to launch server process. Reason: Unity was launched with the -noUpm command-line argument
[Package Manager] Unable to send message (not connected to server process).
[Package Manager] Cannot connect to Unity Package Manager local server
Refreshing native plugins compatible for Editor in 29.27 ms, found 6 plugins.
[Package Manager] Failed to launch server process. Reason: Unity was launched with the -noUpm command-line argument
[Package Manager] Unable to send message (not connected to server process).
[Package Manager] Cannot connect to Unity Package Manager local server
[Licensing::Client] Error: Code 404 while processing request (status: Found 0 entitlement groups and 0 free entitlements matching requested entitlement ids)
ScheduleIndexationOnStartup MainProcess:False IndexOnStartup:True
Mono: successfully reloaded assembly
- Finished resetting the current domain, in  2.440 seconds
Domain Reload Profiling: 4019ms
	BeginReloadAssembly (402ms)
		DisableScriptedObjects (9ms)
		CreateAndSetChildDomain (158ms)
	RebuildCommonClasses (46ms)
	RebuildNativeTypeToScriptingClass (18ms)
	initialDomainReloadingComplete (149ms)
	LoadAllAssembliesAndSetupDomain (964ms)
		LoadAssemblies (688ms)
		AnalyzeDomain (407ms)
			TypeCache.Refresh (18ms)
			BuildScriptInfoCaches (372ms)
			ResolveRequiredComponents (13ms)
	FinalizeReload (2440ms)
		SetupLoadedEditorAssemblies (0ms)
			InitializePlatformSupportModulesInManaged (6ms)
			BeforeProcessingInitializeOnLoad (299ms)
			ProcessInitializeOnLoadAttributes (1295ms)
			ProcessInitializeOnLoadMethodAttributes (566ms)
			AfterProcessingInitializeOnLoad (9ms)
		AwakeInstancesAfterBackupRestoration (15ms)
Refreshing native plugins compatible for Editor in 37.32 ms, found 6 plugins.
Unloading 57 Unused Serialized files (Serialized files now loaded: 0)
Unloading 9061 unused Assets / (19.1 MB). Loaded Objects now: 9659.
Memory consumption went from 192.1 MB to 173.0 MB.
Total: 36.122000 ms (FindLiveObjects: 2.638100 ms CreateObjectMapping: 1.705800 ms MarkObjects: 22.747600 ms  DeleteObjects: 9.026800 ms)

Prepare: number of updated asset objects reloaded= 0
========================================================================
Received Import Request.
  Time since last request: 55.052108 seconds.
  path: Assets/PrefabInstance/BossShrineChunk.prefab
  importAddress: Guid(207f38655ca215d4cb4eef49deae6bb3) Importer(815301076,1909f56bfc062723c751e8b465ee728b)
Start importing Assets/PrefabInstance/BossShrineChunk.prefab using Guid(207f38655ca215d4cb4eef49deae6bb3) Importer(815301076,1909f56bfc062723c751e8b465ee728b) (PreviewImporter) -> (Import Result ID: '6de5d957a7d43bb7c090e4354a261d3b') in 0.8593377 seconds [static and dynamic dependencies]. Details - ImportResultOutputID=4345f6df65300bc6199fe6f01fd324dd DependenciesID=7208dfa1978634eb1bd7aedfc1c1a7da StaticDependenciesID=fc9af7b26a7129b60fded872cbc61711 
Number of updated asset objects reloaded before import = 0Number of asset objects unloaded after import = 680

========================================================================
Received Import Request.
  Time since last request: 15.912921 seconds.
  path: Assets/ScriptableObject/Items/Anvil.asset
  importAddress: Guid(505a5660e2cc65d4fb891c9edf930725) Importer(815301076,1909f56bfc062723c751e8b465ee728b)
Start importing Assets/ScriptableObject/Items/Anvil.asset using Guid(505a5660e2cc65d4fb891c9edf930725) Importer(815301076,1909f56bfc062723c751e8b465ee728b) (PreviewImporter) -> (Import Result ID: 'e62a07e9f2984ca8682059dde7d7c5bb') in 0.0649623 seconds [static and dynamic dependencies]. Details - ImportResultOutputID=2bc64a0deee547d213426a640c7561ee DependenciesID=e12f7e359d26074c154f313ecf0db659 StaticDependenciesID=ff1b42a643c73b9250832422caab271e 
Number of updated asset objects reloaded before import = 0Number of asset objects unloaded after import = 141

========================================================================
Received Import Request.
  Time since last request: 0.000043 seconds.
  path: Assets/PolygonFantasyKingdom/Models/SM_Prop_Anvil_02.fbx
  importAddress: Guid(e1d000f12cb4c8b43aca2266d717795c) Importer(815301076,1909f56bfc062723c751e8b465ee728b)
Start importing Assets/PolygonFantasyKingdom/Models/SM_Prop_Anvil_02.fbx using Guid(e1d000f12cb4c8b43aca2266d717795c) Importer(815301076,1909f56bfc062723c751e8b465ee728b) (PreviewImporter) -> (Import Result ID: '06e8b5721344b3d31a57b5cf9a211840') in 0.0665341 seconds [static and dynamic dependencies]. Details - ImportResultOutputID=c5c18d62bba894fbc9c846cfa8622bbe DependenciesID=99f0d9332766d80380c38b9d33ad034b StaticDependenciesID=124c956a7af93b74cc2bc794b9e4bd7c 
Number of updated asset objects reloaded before import = 0Number of asset objects unloaded after import = 7

========================================================================
Received Import Request.
  Time since last request: 0.000190 seconds.
  path: Assets/PolygonFantasyKingdom/Prefabs/Props/SM_Prop_Anvil_01.prefab
  importAddress: Guid(f02bab0916b694b4fb39ee47ccb08d9a) Importer(815301076,1909f56bfc062723c751e8b465ee728b)
Start importing Assets/PolygonFantasyKingdom/Prefabs/Props/SM_Prop_Anvil_01.prefab using Guid(f02bab0916b694b4fb39ee47ccb08d9a) Importer(815301076,1909f56bfc062723c751e8b465ee728b) (PreviewImporter) -> (Import Result ID: '613b0badc17a8e134b5bc681fccd8fef') in 0.0936229 seconds [static and dynamic dependencies]. Details - ImportResultOutputID=0a6e165157adae60208292bd64a54fd4 DependenciesID=17f38ebfb111339d5ab3726370a1b887 StaticDependenciesID=b17d280686a3be70b7ab1727b69acf6b 
Number of updated asset objects reloaded before import = 0Number of asset objects unloaded after import = 13

========================================================================
Received Import Request.
  Time since last request: 0.000051 seconds.
  path: Assets/PolygonFantasyKingdom/Models/SM_Prop_Anvil_03.fbx
  importAddress: Guid(4f7b168d8cbd7614fa8c7c1d847a1c29) Importer(815301076,1909f56bfc062723c751e8b465ee728b)
Start importing Assets/PolygonFantasyKingdom/Models/SM_Prop_Anvil_03.fbx using Guid(4f7b168d8cbd7614fa8c7c1d847a1c29) Importer(815301076,1909f56bfc062723c751e8b465ee728b) (PreviewImporter) -> (Import Result ID: 'b9597dd9d16f31ab6cf76052abb495fe') in 0.0321913 seconds [static and dynamic dependencies]. Details - ImportResultOutputID=92d89ae6a6f4f403fa0df5559f8d1cb0 DependenciesID=4eb2621eb9335cb6eab1ae9058035d61 StaticDependenciesID=645a0a7fa4c9dba481b7f55e38da34f9 
Number of updated asset objects reloaded before import = 0Number of asset objects unloaded after import = 7

========================================================================
Received Import Request.
  Time since last request: 0.000081 seconds.
  path: Assets/PolygonFantasyKingdom/Prefabs/Props/SM_Prop_Anvil_02.prefab
  importAddress: Guid(da371e86e4bd6b74dbbaed06d9ae5f75) Importer(815301076,1909f56bfc062723c751e8b465ee728b)
Start importing Assets/PolygonFantasyKingdom/Prefabs/Props/SM_Prop_Anvil_02.prefab using Guid(da371e86e4bd6b74dbbaed06d9ae5f75) Importer(815301076,1909f56bfc062723c751e8b465ee728b) (PreviewImporter) -> (Import Result ID: 'e7cbbd4291d8519ccac08bd0e4b856bc') in 0.1073821 seconds [static and dynamic dependencies]. Details - ImportResultOutputID=5689ca2f1f2ee42abde0ac3249bc9328 DependenciesID=70fd0b3f2a54dba1e7db6ffc163e1b00 StaticDependenciesID=ae6b1f6fbd033490399c4ed23dd4e0fb 
Number of updated asset objects reloaded before import = 0Number of asset objects unloaded after import = 13

========================================================================
Received Import Request.
  Time since last request: 0.000049 seconds.
  path: Assets/PolygonFantasyKingdom/Models/Convex/SM_Prop_Anvil_03_Convex.asset
  importAddress: Guid(0e8234ad9c5458447b4c2870888ddd70) Importer(815301076,1909f56bfc062723c751e8b465ee728b)
Start importing Assets/PolygonFantasyKingdom/Models/Convex/SM_Prop_Anvil_03_Convex.asset using Guid(0e8234ad9c5458447b4c2870888ddd70) Importer(815301076,1909f56bfc062723c751e8b465ee728b) (PreviewImporter) -> (Import Result ID: '93bcb2a7ad22d31e3a973212ab6f0d5e') in 0.0245714 seconds [static and dynamic dependencies]. Details - ImportResultOutputID=13d72cf2badc2481d0c60eb74ff51dde DependenciesID=d18421910eeed1efffe1fe2852c83b6f StaticDependenciesID=323f09aaa109aee01d3d6489d91296e4 
Number of updated asset objects reloaded before import = 0Number of asset objects unloaded after import = 2

========================================================================
Received Import Request.
  Time since last request: 11.215788 seconds.
  path: Assets/PrefabInstance/Anvil.prefab
  importAddress: Guid(f59972d6676695e43b848a36382f3501) Importer(815301076,1909f56bfc062723c751e8b465ee728b)
Start importing Assets/PrefabInstance/Anvil.prefab using Guid(f59972d6676695e43b848a36382f3501) Importer(815301076,1909f56bfc062723c751e8b465ee728b) (PreviewImporter) -> (Import Result ID: 'b18bf6b856e704b6f41c0dbaef92bd40') in 0.2710871 seconds [static and dynamic dependencies]. Details - ImportResultOutputID=7e62d37e52491dc8be117ac7f251149b DependenciesID=412c04a354c96d063214928c9496eadb StaticDependenciesID=930da40387b1b3409c28f4f2089af008 
Number of updated asset objects reloaded before import = 0Number of asset objects unloaded after import = 187

========================================================================
Received Import Request.
  Time since last request: 8.101758 seconds.
  path: Assets/PrefabInstance/Anvil.prefab
  importAddress: Guid(f59972d6676695e43b848a36382f3501) Importer(815301076,1909f56bfc062723c751e8b465ee728b)
Start importing Assets/PrefabInstance/Anvil.prefab using Guid(f59972d6676695e43b848a36382f3501) Importer(815301076,1909f56bfc062723c751e8b465ee728b) (PreviewImporter) -> (Import Result ID: 'f23625a5709022c076f9c21d76ef0cf5') in 0.3016917 seconds [static and dynamic dependencies]. Details - ImportResultOutputID=c9cae7e2f7a0e2d85147ea3e174e646d DependenciesID=49600d3e9cf8b6e64fc5553090bcc267 StaticDependenciesID=2e85cbbc577ea259329813ec4f35be15 
Number of updated asset objects reloaded before import = 0Number of asset objects unloaded after import = 187

========================================================================
Received Import Request.
  Time since last request: 2.133137 seconds.
  path: Assets/PrefabInstance/Anvil.prefab
  importAddress: Guid(f59972d6676695e43b848a36382f3501) Importer(815301076,1909f56bfc062723c751e8b465ee728b)
Start importing Assets/PrefabInstance/Anvil.prefab using Guid(f59972d6676695e43b848a36382f3501) Importer(815301076,1909f56bfc062723c751e8b465ee728b) (PreviewImporter) -> (Import Result ID: '2d682c90a3619a4bd288cc779188f074') in 0.2862584 seconds [static and dynamic dependencies]. Details - ImportResultOutputID=17044cd73bb7ba0a7722fd7a73ea7683 DependenciesID=566de47bbe4373f49d2e0e89d19bef66 StaticDependenciesID=36a044c78ee73a508c2d27bf1ad566e9 
Number of updated asset objects reloaded before import = 0Number of asset objects unloaded after import = 187

========================================================================
Received Import Request.
  Time since last request: 2.421806 seconds.
  path: Assets/PrefabInstance/Anvil.prefab
  importAddress: Guid(f59972d6676695e43b848a36382f3501) Importer(815301076,1909f56bfc062723c751e8b465ee728b)
Start importing Assets/PrefabInstance/Anvil.prefab using Guid(f59972d6676695e43b848a36382f3501) Importer(815301076,1909f56bfc062723c751e8b465ee728b) (PreviewImporter) -> (Import Result ID: '83ffc76ed0097b3ba59e369fa5df6407') in 0.2562284 seconds [static and dynamic dependencies]. Details - ImportResultOutputID=1fa0df4181ce8fd3db92fb2a18922108 DependenciesID=ff2e12ba49b6e339986e539012dfab53 StaticDependenciesID=a7f32b48360772d98dbb8ef489da3b0c 
Number of updated asset objects reloaded before import = 0Number of asset objects unloaded after import = 187

========================================================================
Received Import Request.
  Time since last request: 1.717955 seconds.
  path: Assets/PrefabInstance/Anvil.prefab
  importAddress: Guid(f59972d6676695e43b848a36382f3501) Importer(815301076,1909f56bfc062723c751e8b465ee728b)
Start importing Assets/PrefabInstance/Anvil.prefab using Guid(f59972d6676695e43b848a36382f3501) Importer(815301076,1909f56bfc062723c751e8b465ee728b) (PreviewImporter) -> (Import Result ID: '3b0bdcfbbe65a8f0d2c46c2c1956b0f6') in 0.2609269 seconds [static and dynamic dependencies]. Details - ImportResultOutputID=90b08422b3df5339a8c4d390897f7a80 DependenciesID=f39d29cf9988fb4b836bd9cb29367c6e StaticDependenciesID=2a2ebacf6f0805e403bd4fdccf294718 
Number of updated asset objects reloaded before import = 0Number of asset objects unloaded after import = 187

========================================================================
Received Import Request.
  Time since last request: 0.567261 seconds.
  path: Assets/PrefabInstance/Anvil.prefab
  importAddress: Guid(f59972d6676695e43b848a36382f3501) Importer(815301076,1909f56bfc062723c751e8b465ee728b)
Start importing Assets/PrefabInstance/Anvil.prefab using Guid(f59972d6676695e43b848a36382f3501) Importer(815301076,1909f56bfc062723c751e8b465ee728b) (PreviewImporter) -> (Import Result ID: '59149f68cb5f989f83be40eca92304c1') in 0.270997 seconds [static and dynamic dependencies]. Details - ImportResultOutputID=fa6131fd7fb9e561f34f7a33cbf82052 DependenciesID=3bdd06529d4bcbe14f1ac8b6179f9d6e StaticDependenciesID=2b33ab10736941e5d8d5364d40ec69e0 
Number of updated asset objects reloaded before import = 0Number of asset objects unloaded after import = 187

========================================================================
Received Import Request.
  Time since last request: 1.602444 seconds.
  path: Assets/PrefabInstance/Anvil.prefab
  importAddress: Guid(f59972d6676695e43b848a36382f3501) Importer(815301076,1909f56bfc062723c751e8b465ee728b)
Start importing Assets/PrefabInstance/Anvil.prefab using Guid(f59972d6676695e43b848a36382f3501) Importer(815301076,1909f56bfc062723c751e8b465ee728b) (PreviewImporter) -> (Import Result ID: '026db9c3c5b47b49a3df4d514def7dbe') in 0.2689772 seconds [static and dynamic dependencies]. Details - ImportResultOutputID=362a02f8b53379f4b6cd18e87ff777db DependenciesID=59c5f461b4b1cb9c01fe93cd92a10372 StaticDependenciesID=32a12d892c01612254483370ede21307 
Number of updated asset objects reloaded before import = 0Number of asset objects unloaded after import = 187

========================================================================
Received Import Request.
  Time since last request: 0.750069 seconds.
  path: Assets/PrefabInstance/Anvil.prefab
  importAddress: Guid(f59972d6676695e43b848a36382f3501) Importer(815301076,1909f56bfc062723c751e8b465ee728b)
Start importing Assets/PrefabInstance/Anvil.prefab using Guid(f59972d6676695e43b848a36382f3501) Importer(815301076,1909f56bfc062723c751e8b465ee728b) (PreviewImporter) -> (Import Result ID: 'b99b46f90e566901b980a0389a17532c') in 0.2582895 seconds [static and dynamic dependencies]. Details - ImportResultOutputID=4a51c389efe65cb224328cd5ca09b037 DependenciesID=448012a273d75cf1757bca239cbaa52b StaticDependenciesID=8d32032c5febc5cdfca3a82a37acc03a 
Number of updated asset objects reloaded before import = 0Number of asset objects unloaded after import = 187

========================================================================
Received Import Request.
  Time since last request: 0.827933 seconds.
  path: Assets/PrefabInstance/Anvil.prefab
  importAddress: Guid(f59972d6676695e43b848a36382f3501) Importer(815301076,1909f56bfc062723c751e8b465ee728b)
Start importing Assets/PrefabInstance/Anvil.prefab using Guid(f59972d6676695e43b848a36382f3501) Importer(815301076,1909f56bfc062723c751e8b465ee728b) (PreviewImporter) -> (Import Result ID: '95ff394353a9e8522782964b1cee7948') in 0.2566601 seconds [static and dynamic dependencies]. Details - ImportResultOutputID=870914bf019eff9e9a6faf728df052ef DependenciesID=1b5734f080161c8782eaf2f44b2e34ff StaticDependenciesID=f59a5e5b15859d18dcd788799919505a 
Number of updated asset objects reloaded before import = 0Number of asset objects unloaded after import = 187

========================================================================
Received Import Request.
  Time since last request: 2.084012 seconds.
  path: Assets/PrefabInstance/Anvil.prefab
  importAddress: Guid(f59972d6676695e43b848a36382f3501) Importer(815301076,1909f56bfc062723c751e8b465ee728b)
Start importing Assets/PrefabInstance/Anvil.prefab using Guid(f59972d6676695e43b848a36382f3501) Importer(815301076,1909f56bfc062723c751e8b465ee728b) (PreviewImporter) -> (Import Result ID: 'c8b8d1e865fcb326657c18e94285f79e') in 0.2701773 seconds [static and dynamic dependencies]. Details - ImportResultOutputID=ab58b7aa489259fab8e17f0ebcf1770b DependenciesID=190611576fc57d6a36f68d88027ed3c5 StaticDependenciesID=8a7c1fad9f7d1279fc150d904a0ba7e1 
Number of updated asset objects reloaded before import = 0Number of asset objects unloaded after import = 187

========================================================================
Received Import Request.
  Time since last request: 13.451153 seconds.
  path: Assets/PrefabInstance/Anvil.prefab
  importAddress: Guid(f59972d6676695e43b848a36382f3501) Importer(815301076,1909f56bfc062723c751e8b465ee728b)
Start importing Assets/PrefabInstance/Anvil.prefab using Guid(f59972d6676695e43b848a36382f3501) Importer(815301076,1909f56bfc062723c751e8b465ee728b) (PreviewImporter) -> (Import Result ID: '24e1c9a3661be1381156a51d1ddde64b') in 0.2985411 seconds [static and dynamic dependencies]. Details - ImportResultOutputID=de64c05abbf9e334e893377583fc15f7 DependenciesID=9984119d24cdfc8bf4c0cf6f33bd9817 StaticDependenciesID=d919ed6036d9ee65e2ae9a73c4ffb623 
Number of updated asset objects reloaded before import = 0Number of asset objects unloaded after import = 187

========================================================================
Received Import Request.
  Time since last request: 5.244659 seconds.
  path: Assets/PrefabInstance/Anvil.prefab
  importAddress: Guid(f59972d6676695e43b848a36382f3501) Importer(815301076,1909f56bfc062723c751e8b465ee728b)
Start importing Assets/PrefabInstance/Anvil.prefab using Guid(f59972d6676695e43b848a36382f3501) Importer(815301076,1909f56bfc062723c751e8b465ee728b) (PreviewImporter) -> (Import Result ID: '47062cbeacdc628f1069181659be102d') in 0.2843997 seconds [static and dynamic dependencies]. Details - ImportResultOutputID=de64c05abbf9e334e893377583fc15f7 DependenciesID=be740bf1e41b9d007af54f71352ecb5d StaticDependenciesID=a9315cea30fef62084c7dae836820146 
Number of updated asset objects reloaded before import = 0Number of asset objects unloaded after import = 187

========================================================================
Received Import Request.
  Time since last request: 3.031098 seconds.
  path: Assets/PrefabInstance/Anvil.prefab
  importAddress: Guid(f59972d6676695e43b848a36382f3501) Importer(815301076,1909f56bfc062723c751e8b465ee728b)
Start importing Assets/PrefabInstance/Anvil.prefab using Guid(f59972d6676695e43b848a36382f3501) Importer(815301076,1909f56bfc062723c751e8b465ee728b) (PreviewImporter) -> (Import Result ID: '25884271b5c43c1328076d4fcbe2e998') in 0.2490146 seconds [static and dynamic dependencies]. Details - ImportResultOutputID=de64c05abbf9e334e893377583fc15f7 DependenciesID=256818532063815296984fe77c98c2ca StaticDependenciesID=86d2118006704b00be36e0e221f38724 
Number of updated asset objects reloaded before import = 0Number of asset objects unloaded after import = 187

========================================================================
Received Import Request.
  Time since last request: 6.875221 seconds.
  path: Assets/PrefabInstance/Anvil.prefab
  importAddress: Guid(f59972d6676695e43b848a36382f3501) Importer(815301076,1909f56bfc062723c751e8b465ee728b)
Start importing Assets/PrefabInstance/Anvil.prefab using Guid(f59972d6676695e43b848a36382f3501) Importer(815301076,1909f56bfc062723c751e8b465ee728b) (PreviewImporter) -> (Import Result ID: '7bdeb1f8aad2db752edd928951aef315') in 0.2569156 seconds [static and dynamic dependencies]. Details - ImportResultOutputID=f2888f660b63cb3248b44009a00ce6e2 DependenciesID=17da64a8fcaa345cdd0773d00ed212af StaticDependenciesID=b1c28a40014e4973ee5307dbb26bece7 
Number of updated asset objects reloaded before import = 0Number of asset objects unloaded after import = 187

========================================================================
Received Prepare
Begin MonoManager ReloadAssembly
[Licensing::Client] Successfully resolved entitlement details
Assembly Assembly-CSharp-Editor-firstpass.dll at Library/ScriptAssemblies/Assembly-CSharp-Editor-firstpass.dll not valid. Loading of assembly skipped.
Assembly Assembly-CSharp-firstpass.dll at Library/ScriptAssemblies/Assembly-CSharp-firstpass.dll not valid. Loading of assembly skipped.
Assembly DocCodeExamples.dll at Library/ScriptAssemblies/DocCodeExamples.dll not valid. Loading of assembly skipped.
Assembly GdkToolsEditModeTests.dll at Library/ScriptAssemblies/GdkToolsEditModeTests.dll not valid. Loading of assembly skipped.
Assembly TestNewCustomAssembly.dll at Library/ScriptAssemblies/TestNewCustomAssembly.dll not valid. Loading of assembly skipped.
Assembly Unity.2D.Sprite.Package.EditorTests.dll at Library/ScriptAssemblies/Unity.2D.Sprite.Package.EditorTests.dll not valid. Loading of assembly skipped.
Assembly Unity.2D.Tilemap.Package.EditorTests.dll at Library/ScriptAssemblies/Unity.2D.Tilemap.Package.EditorTests.dll not valid. Loading of assembly skipped.
Assembly Unity.AI.Assistant.Integrations.Sample.Editor.dll at Library/ScriptAssemblies/Unity.AI.Assistant.Integrations.Sample.Editor.dll not valid. Loading of assembly skipped.
Assembly Unity.Analytics.DataPrivacy.Tests.dll at Library/ScriptAssemblies/Unity.Analytics.DataPrivacy.Tests.dll not valid. Loading of assembly skipped.
Assembly Unity.Analytics.StandardEvents.EditorTests.dll at Library/ScriptAssemblies/Unity.Analytics.StandardEvents.EditorTests.dll not valid. Loading of assembly skipped.
Assembly Unity.AppUI.Editor.Tests.dll at Library/ScriptAssemblies/Unity.AppUI.Editor.Tests.dll not valid. Loading of assembly skipped.
Assembly Unity.AppUI.Tests.dll at Library/ScriptAssemblies/Unity.AppUI.Tests.dll not valid. Loading of assembly skipped.
Assembly Unity.Collections.BurstCompatibilityGen.dll at Library/ScriptAssemblies/Unity.Collections.BurstCompatibilityGen.dll not valid. Loading of assembly skipped.
Assembly Unity.Collections.DocCodeSamples.dll at Library/ScriptAssemblies/Unity.Collections.DocCodeSamples.dll not valid. Loading of assembly skipped.
Assembly Unity.Collections.PerformanceTests.dll at Library/ScriptAssemblies/Unity.Collections.PerformanceTests.dll not valid. Loading of assembly skipped.
Assembly Unity.Collections.Tests.dll at Library/ScriptAssemblies/Unity.Collections.Tests.dll not valid. Loading of assembly skipped.
Assembly Unity.Collections.Tests.Playmode.dll at Library/ScriptAssemblies/Unity.Collections.Tests.Playmode.dll not valid. Loading of assembly skipped.
Assembly Unity.Mathematics.Tests.dll at Library/ScriptAssemblies/Unity.Mathematics.Tests.dll not valid. Loading of assembly skipped.
Assembly Unity.Microsoft.GDK.Discovery.EditModeTests.dll at Library/ScriptAssemblies/Unity.Microsoft.GDK.Discovery.EditModeTests.dll not valid. Loading of assembly skipped.
Assembly Unity.Microsoft.GDK.Tests.dll at Library/ScriptAssemblies/Unity.Microsoft.GDK.Tests.dll not valid. Loading of assembly skipped.
Assembly Unity.Multiplayer.Center.Editor.Tests.dll at Library/ScriptAssemblies/Unity.Multiplayer.Center.Editor.Tests.dll not valid. Loading of assembly skipped.
Assembly Unity.Multiplayer.Center.Tests.dll at Library/ScriptAssemblies/Unity.Multiplayer.Center.Tests.dll not valid. Loading of assembly skipped.
Assembly Unity.Nuget.Mono-Cecil.dll at Library/ScriptAssemblies/Unity.Nuget.Mono-Cecil.dll not valid. Loading of assembly skipped.
Assembly Unity.Postprocessing.Editor.Tests.dll at Library/ScriptAssemblies/Unity.Postprocessing.Editor.Tests.dll not valid. Loading of assembly skipped.
Assembly Unity.Postprocessing.Runtime.Tests.dll at Library/ScriptAssemblies/Unity.Postprocessing.Runtime.Tests.dll not valid. Loading of assembly skipped.
Assembly Unity.Purchasing.Apple.dll at Library/ScriptAssemblies/Unity.Purchasing.Apple.dll not valid. Loading of assembly skipped.
Assembly Unity.Purchasing.AppleMacos.dll at Library/ScriptAssemblies/Unity.Purchasing.AppleMacos.dll not valid. Loading of assembly skipped.
Assembly Unity.Purchasing.Security.dll at Library/ScriptAssemblies/Unity.Purchasing.Security.dll not valid. Loading of assembly skipped.
Assembly Unity.Purchasing.TransactionVerifier.dll at Library/ScriptAssemblies/Unity.Purchasing.TransactionVerifier.dll not valid. Loading of assembly skipped.
Assembly Unity.TextMeshPro.Editor.Tests.dll at Library/ScriptAssemblies/Unity.TextMeshPro.Editor.Tests.dll not valid. Loading of assembly skipped.
Assembly Unity.TextMeshPro.Tests.dll at Library/ScriptAssemblies/Unity.TextMeshPro.Tests.dll not valid. Loading of assembly skipped.
Assembly UnityEditor.Purchasing.Authoring.dll at Library/ScriptAssemblies/UnityEditor.Purchasing.Authoring.dll not valid. Loading of assembly skipped.
Assembly UnityEditor.Purchasing.Editor.Authoring.Core.dll at Library/ScriptAssemblies/UnityEditor.Purchasing.Editor.Authoring.Core.dll not valid. Loading of assembly skipped.
Assembly UnityEditor.UI.Common.Tests.dll at Library/ScriptAssemblies/UnityEditor.UI.Common.Tests.dll not valid. Loading of assembly skipped.
Assembly UnityEditor.UI.EditorTests.dll at Library/ScriptAssemblies/UnityEditor.UI.EditorTests.dll not valid. Loading of assembly skipped.
Assembly UnityEditor.XR.LegacyInputHelpers.Tests.dll at Library/ScriptAssemblies/UnityEditor.XR.LegacyInputHelpers.Tests.dll not valid. Loading of assembly skipped.
Assembly UnityEngine.Advertisements.Editor.Tests.dll at Library/ScriptAssemblies/UnityEngine.Advertisements.Editor.Tests.dll not valid. Loading of assembly skipped.
Assembly UnityEngine.Advertisements.Tests.dll at Library/ScriptAssemblies/UnityEngine.Advertisements.Tests.dll not valid. Loading of assembly skipped.
Assembly UnityEngine.SpatialTracking.Tests.dll at Library/ScriptAssemblies/UnityEngine.SpatialTracking.Tests.dll not valid. Loading of assembly skipped.
Assembly UnityEngine.UI.Tests.dll at Library/ScriptAssemblies/UnityEngine.UI.Tests.dll not valid. Loading of assembly skipped.
Symbol file LoadedFromMemory is not a mono symbol file
Symbol file LoadedFromMemory is not a mono symbol file
Refreshing native plugins compatible for Editor in 35.41 ms, found 6 plugins.
Native extension for WindowsStandalone target not found
Native extension for WebGL target not found
[Package Manager] Failed to launch server process. Reason: Unity was launched with the -noUpm command-line argument
[Package Manager] Unable to send message (not connected to server process).
[Package Manager] Cannot connect to Unity Package Manager local server
Refreshing native plugins compatible for Editor in 28.70 ms, found 6 plugins.
[Package Manager] Failed to launch server process. Reason: Unity was launched with the -noUpm command-line argument
[Package Manager] Unable to send message (not connected to server process).
[Package Manager] Cannot connect to Unity Package Manager local server
[Licensing::Client] Error: Code 404 while processing request (status: Found 0 entitlement groups and 0 free entitlements matching requested entitlement ids)
ScheduleIndexationOnStartup MainProcess:False IndexOnStartup:True
Mono: successfully reloaded assembly
- Finished resetting the current domain, in  2.546 seconds
Domain Reload Profiling: 4285ms
	BeginReloadAssembly (389ms)
		DisableScriptedObjects (9ms)
		CreateAndSetChildDomain (140ms)
	RebuildCommonClasses (50ms)
	RebuildNativeTypeToScriptingClass (20ms)
	initialDomainReloadingComplete (157ms)
	LoadAllAssembliesAndSetupDomain (1121ms)
		LoadAssemblies (759ms)
		AnalyzeDomain (508ms)
			TypeCache.Refresh (19ms)
			BuildScriptInfoCaches (472ms)
			ResolveRequiredComponents (13ms)
	FinalizeReload (2547ms)
		SetupLoadedEditorAssemblies (0ms)
			InitializePlatformSupportModulesInManaged (5ms)
			BeforeProcessingInitializeOnLoad (289ms)
			ProcessInitializeOnLoadAttributes (1333ms)
			ProcessInitializeOnLoadMethodAttributes (607ms)
			AfterProcessingInitializeOnLoad (9ms)
		AwakeInstancesAfterBackupRestoration (13ms)
Refreshing native plugins compatible for Editor in 34.34 ms, found 6 plugins.
Unloading 57 Unused Serialized files (Serialized files now loaded: 0)
Unloading 9063 unused Assets / (18.9 MB). Loaded Objects now: 9664.
Memory consumption went from 192.7 MB to 173.8 MB.
Total: 38.159000 ms (FindLiveObjects: 1.846900 ms CreateObjectMapping: 1.832400 ms MarkObjects: 23.480900 ms  DeleteObjects: 10.995300 ms)

Prepare: number of updated asset objects reloaded= 0
========================================================================
Received Import Request.
  Time since last request: 1317.829027 seconds.
  path: Assets/PrefabInstance/Adamantite.prefab
  importAddress: Guid(13c831bc9c646a34bab72a254f3531b0) Importer(815301076,1909f56bfc062723c751e8b465ee728b)
Start importing Assets/PrefabInstance/Adamantite.prefab using Guid(13c831bc9c646a34bab72a254f3531b0) Importer(815301076,1909f56bfc062723c751e8b465ee728b) (PreviewImporter) -> (Import Result ID: '8bd6aebdf0f6ce5d6018367b959cb648') in 0.5710221 seconds [static and dynamic dependencies]. Details - ImportResultOutputID=40a0b07e1b37b21b56c7a1409d7c07fb DependenciesID=152cfb468527db7e0fae5a1cbcf423fa StaticDependenciesID=23610d1d2ec1a4b98cf3d2497f7f344d 
Number of updated asset objects reloaded before import = 0Number of asset objects unloaded after import = 218

========================================================================
Received Import Request.
  Time since last request: 0.000098 seconds.
  path: Assets/PrefabInstance/Birch.prefab
  importAddress: Guid(e5d08adc67551ea499d72c9d560888a7) Importer(815301076,1909f56bfc062723c751e8b465ee728b)
Start importing Assets/PrefabInstance/Birch.prefab using Guid(e5d08adc67551ea499d72c9d560888a7) Importer(815301076,1909f56bfc062723c751e8b465ee728b) (PreviewImporter) -> (Import Result ID: '5bd928b9d50fc1e433ce65b3fe212ec9') in 0.2675754 seconds [static and dynamic dependencies]. Details - ImportResultOutputID=c3940aa4b9ad9e82583c76cd0c703a4f DependenciesID=ce42bcde9c406ef13e2347cfe9ad044b StaticDependenciesID=315803911321c65bee9aa92d495e5759 
Number of updated asset objects reloaded before import = 0Number of asset objects unloaded after import = 231

========================================================================
Received Import Request.
  Time since last request: 0.000073 seconds.
  path: Assets/PrefabInstance/Coal.prefab
  importAddress: Guid(cb48422237396b1429ea94488d724388) Importer(815301076,1909f56bfc062723c751e8b465ee728b)
Start importing Assets/PrefabInstance/Coal.prefab using Guid(cb48422237396b1429ea94488d724388) Importer(815301076,1909f56bfc062723c751e8b465ee728b) (PreviewImporter) -> (Import Result ID: '7df08295f01e4d9b1875652ed8af241a') in 0.3075628 seconds [static and dynamic dependencies]. Details - ImportResultOutputID=8832b7a99aa0cdb5089f9092cb082720 DependenciesID=b6474f4be5e2f43a7fa43becd72d1704 StaticDependenciesID=b03fc45da886dcacb7d7563ced185514 
Number of updated asset objects reloaded before import = 0Number of asset objects unloaded after import = 224

========================================================================
Received Import Request.
  Time since last request: 0.000071 seconds.
  path: Assets/PrefabInstance/Boat.prefab
  importAddress: Guid(7d244ea45777ee649a56668603a9dcf8) Importer(815301076,1909f56bfc062723c751e8b465ee728b)
Start importing Assets/PrefabInstance/Boat.prefab using Guid(7d244ea45777ee649a56668603a9dcf8) Importer(815301076,1909f56bfc062723c751e8b465ee728b) (PreviewImporter) -> (Import Result ID: '77025eee20280da72400d41cf485a0df') in 1.3080553 seconds [static and dynamic dependencies]. Details - ImportResultOutputID=14876ff853795a969a1f534b79558a55 DependenciesID=cd35482a95bea0396ca371e6bb695ec7 StaticDependenciesID=31e17c00c5efdf903a5c30054190789d 
Number of updated asset objects reloaded before import = 0Number of asset objects unloaded after import = 1520

========================================================================
Received Import Request.
  Time since last request: 0.000086 seconds.
  path: Assets/PrefabInstance/Cow.prefab
  importAddress: Guid(bb3cbc48af2f40e409a22ca516f789a4) Importer(815301076,1909f56bfc062723c751e8b465ee728b)
Start importing Assets/PrefabInstance/Cow.prefab using Guid(bb3cbc48af2f40e409a22ca516f789a4) Importer(815301076,1909f56bfc062723c751e8b465ee728b) (PreviewImporter) -> (Import Result ID: 'f22da4181929bf9c369deb1b917768a6') in 0.2263424 seconds [static and dynamic dependencies]. Details - ImportResultOutputID=e750a633ac655a492304d2a74b6b45af DependenciesID=3de29be8a08c93c32a580969c0752e10 StaticDependenciesID=844590b1723727f7b58bcbac2f30ff6a 
Number of updated asset objects reloaded before import = 0Number of asset objects unloaded after import = 287

========================================================================
Received Import Request.
  Time since last request: 0.000048 seconds.
  path: Assets/PrefabInstance/BossShrineChunk.prefab
  importAddress: Guid(207f38655ca215d4cb4eef49deae6bb3) Importer(815301076,1909f56bfc062723c751e8b465ee728b)
Start importing Assets/PrefabInstance/BossShrineChunk.prefab using Guid(207f38655ca215d4cb4eef49deae6bb3) Importer(815301076,1909f56bfc062723c751e8b465ee728b) (PreviewImporter) -> (Import Result ID: 'cdb96ec662d5ad840c4c9b54aba17b81') in 0.4914588 seconds [static and dynamic dependencies]. Details - ImportResultOutputID=4345f6df65300bc6199fe6f01fd324dd DependenciesID=9084b9af23bcc2173f01f2a00ea28fc0 StaticDependenciesID=fc9af7b26a7129b60fded872cbc61711 
Number of updated asset objects reloaded before import = 0Number of asset objects unloaded after import = 694

========================================================================
Received Import Request.
  Time since last request: 7.615666 seconds.
  path: Assets/PrefabInstance/Fir.prefab
  importAddress: Guid(8d6771c72210a904ea71704b822a7b27) Importer(815301076,1909f56bfc062723c751e8b465ee728b)
Start importing Assets/PrefabInstance/Fir.prefab using Guid(8d6771c72210a904ea71704b822a7b27) Importer(815301076,1909f56bfc062723c751e8b465ee728b) (PreviewImporter) -> (Import Result ID: '203fe90f020511d74bef48f804d7f4db') in 0.3108033 seconds [static and dynamic dependencies]. Details - ImportResultOutputID=d3de27ab314b64def2fe9341e9120b79 DependenciesID=0730152034569ed223f4a8f9a2e9e9af StaticDependenciesID=1eb2a25ecf6026670930e6320576ad46 
Number of updated asset objects reloaded before import = 0Number of asset objects unloaded after import = 231

========================================================================
Received Import Request.
  Time since last request: 1.299439 seconds.
  path: Assets/PrefabInstance/Gronk.prefab
  importAddress: Guid(72d8c83a70e490e439b9af67d647d4d4) Importer(815301076,1909f56bfc062723c751e8b465ee728b)
Start importing Assets/PrefabInstance/Gronk.prefab using Guid(72d8c83a70e490e439b9af67d647d4d4) Importer(815301076,1909f56bfc062723c751e8b465ee728b) (PreviewImporter) -> (Import Result ID: 'aa7f044a457555eefe2d038932596653') in 0.5502719 seconds [static and dynamic dependencies]. Details - ImportResultOutputID=2ec8b3a04b815996557852eeb38fa666 DependenciesID=62c45f76502d57d78d0aeda920d60932 StaticDependenciesID=98b51e3459b602ed49a18bdf49050e52 
Number of updated asset objects reloaded before import = 0Number of asset objects unloaded after import = 641

========================================================================
Received Import Request.
  Time since last request: 13.383590 seconds.
  path: Assets/PolygonFantasyKingdom/Models/Convex/SM_Prop_Side_Table_01_Convex.asset
  importAddress: Guid(b4a0968c896fbdc41915396c05eb4fba) Importer(815301076,1909f56bfc062723c751e8b465ee728b)
Start importing Assets/PolygonFantasyKingdom/Models/Convex/SM_Prop_Side_Table_01_Convex.asset using Guid(b4a0968c896fbdc41915396c05eb4fba) Importer(815301076,1909f56bfc062723c751e8b465ee728b) (PreviewImporter) -> (Import Result ID: '51eb9ff80833b625aaab71bf635ae6b5') in 0.0733215 seconds [static and dynamic dependencies]. Details - ImportResultOutputID=215731c4a83adc131cc94706e3409d6a DependenciesID=4e8914745ac77dc11a44a79977297504 StaticDependenciesID=0dc3bb8670bbda693fe47351612913af 
Number of updated asset objects reloaded before import = 0Number of asset objects unloaded after import = 2

========================================================================
Received Import Request.
  Time since last request: 0.000047 seconds.
  path: Assets/PolygonFantasyKingdom/Models/SM_Prop_Side_Table_05.fbx
  importAddress: Guid(9ba1b840225951d4098e809323548913) Importer(815301076,1909f56bfc062723c751e8b465ee728b)
Start importing Assets/PolygonFantasyKingdom/Models/SM_Prop_Side_Table_05.fbx using Guid(9ba1b840225951d4098e809323548913) Importer(815301076,1909f56bfc062723c751e8b465ee728b) (PreviewImporter) -> (Import Result ID: 'e60c6e60d41bc52fe408cd147c82287c') in 0.038125 seconds [static and dynamic dependencies]. Details - ImportResultOutputID=49a838f06490b466b06b7a9f79893907 DependenciesID=78c8a41ea813172607bfad722c9ed0f2 StaticDependenciesID=18ab7baed0585b351c82bcd7df3b245d 
Number of updated asset objects reloaded before import = 0Number of asset objects unloaded after import = 7

========================================================================
Received Import Request.
  Time since last request: 0.000043 seconds.
  path: Assets/PolygonFantasyKingdom/Models/Convex/SM_Prop_Side_Table_05_Convex.asset
  importAddress: Guid(cd69bc590d2c4db4d815cfe07cce1745) Importer(815301076,1909f56bfc062723c751e8b465ee728b)
Start importing Assets/PolygonFantasyKingdom/Models/Convex/SM_Prop_Side_Table_05_Convex.asset using Guid(cd69bc590d2c4db4d815cfe07cce1745) Importer(815301076,1909f56bfc062723c751e8b465ee728b) (PreviewImporter) -> (Import Result ID: '18046a760c21010b649a26f0a83e7961') in 0.0165718 seconds [static and dynamic dependencies]. Details - ImportResultOutputID=997c31803db9619aeb3311cf08960279 DependenciesID=4d2228c429527f7eae9ebcb79f51e597 StaticDependenciesID=e8c985c29be28da99c5b1b39d25b2b32 
Number of updated asset objects reloaded before import = 0Number of asset objects unloaded after import = 2

========================================================================
Received Import Request.
  Time since last request: 0.000038 seconds.
  path: Assets/PolygonFantasyKingdom/Models/SM_Prop_Side_Table_03.fbx
  importAddress: Guid(4d1a584b5f663a84382cc6e534e15acb) Importer(815301076,1909f56bfc062723c751e8b465ee728b)
Start importing Assets/PolygonFantasyKingdom/Models/SM_Prop_Side_Table_03.fbx using Guid(4d1a584b5f663a84382cc6e534e15acb) Importer(815301076,1909f56bfc062723c751e8b465ee728b) (PreviewImporter) -> (Import Result ID: '6b22ad3a46552a3725186e0204ce850e') in 0.0347505 seconds [static and dynamic dependencies]. Details - ImportResultOutputID=a93c25d21a0f2d5398396a85e5e4aed9 DependenciesID=839021fa52f0e1449b25e3e3a0abdfae StaticDependenciesID=0de2b7fde7729775631939203d913913 
Number of updated asset objects reloaded before import = 0Number of asset objects unloaded after import = 7

========================================================================
Received Import Request.
  Time since last request: 0.000044 seconds.
  path: Assets/PolygonFantasyKingdom/Models/SM_Prop_Table_Fancy_04.fbx
  importAddress: Guid(cd0a3ad92f0460e4c8d9e27d3ede7275) Importer(815301076,1909f56bfc062723c751e8b465ee728b)
Start importing Assets/PolygonFantasyKingdom/Models/SM_Prop_Table_Fancy_04.fbx using Guid(cd0a3ad92f0460e4c8d9e27d3ede7275) Importer(815301076,1909f56bfc062723c751e8b465ee728b) (PreviewImporter) -> (Import Result ID: '44ebbf8df82ebd01391d0bed4d52f66d') in 0.0474005 seconds [static and dynamic dependencies]. Details - ImportResultOutputID=742127bcdc4bc44002106f613b5a0e61 DependenciesID=927ca04b04387628424662e4ff83dbf4 StaticDependenciesID=62fca7f33ed2d2846b4c54aa0eb2cf8d 
Number of updated asset objects reloaded before import = 0Number of asset objects unloaded after import = 7

========================================================================
Received Import Request.
  Time since last request: 0.000035 seconds.
  path: Assets/PolygonFantasyKingdom/Prefabs/Props/Furniture/SM_Prop_Side_Table_04.prefab
  importAddress: Guid(f133384f572727c4a8c9894e67d1f212) Importer(815301076,1909f56bfc062723c751e8b465ee728b)
Start importing Assets/PolygonFantasyKingdom/Prefabs/Props/Furniture/SM_Prop_Side_Table_04.prefab using Guid(f133384f572727c4a8c9894e67d1f212) Importer(815301076,1909f56bfc062723c751e8b465ee728b) (PreviewImporter) -> (Import Result ID: '5090f9de4c67c4d197003b5a95c2529b') in 0.107789 seconds [static and dynamic dependencies]. Details - ImportResultOutputID=d6193ed853b911f81b9f5f4859e50ddd DependenciesID=f77b44639e22ca3cf32ce73582256abc StaticDependenciesID=c87da1a3b2ff32450abe350d54347bab 
Number of updated asset objects reloaded before import = 0Number of asset objects unloaded after import = 13

========================================================================
Received Import Request.
  Time since last request: 0.000034 seconds.
  path: Assets/PolygonFantasyKingdom/Models/SM_Prop_Table_Fancy_02.fbx
  importAddress: Guid(b5152ab14c687fb4883e504767a85ac9) Importer(815301076,1909f56bfc062723c751e8b465ee728b)
Start importing Assets/PolygonFantasyKingdom/Models/SM_Prop_Table_Fancy_02.fbx using Guid(b5152ab14c687fb4883e504767a85ac9) Importer(815301076,1909f56bfc062723c751e8b465ee728b) (PreviewImporter) -> (Import Result ID: '8a524f7078992b33698e0e637be8f625') in 0.0287508 seconds [static and dynamic dependencies]. Details - ImportResultOutputID=5a83f9711fd2f7ddb03669184d21af9b DependenciesID=61dc9be803dc3c6f562db87b8ac6e001 StaticDependenciesID=64809c542051fdf9aed53d81707c3f15 
Number of updated asset objects reloaded before import = 0Number of asset objects unloaded after import = 7

========================================================================
Received Import Request.
  Time since last request: 0.000035 seconds.
  path: Assets/PolygonFantasyKingdom/Models/Convex/SM_Prop_Table_Fancy_03_Convex.asset
  importAddress: Guid(b7eebf39299b14848bd6d6c8913595c4) Importer(815301076,1909f56bfc062723c751e8b465ee728b)
Start importing Assets/PolygonFantasyKingdom/Models/Convex/SM_Prop_Table_Fancy_03_Convex.asset using Guid(b7eebf39299b14848bd6d6c8913595c4) Importer(815301076,1909f56bfc062723c751e8b465ee728b) (PreviewImporter) -> (Import Result ID: 'a786d74ae93be83638204c2b1088ac13') in 0.0176217 seconds [static and dynamic dependencies]. Details - ImportResultOutputID=6f018cd8f6fcf227b4c3c39821737862 DependenciesID=2b8d67c2d8b32e0de9dfd14188f33483 StaticDependenciesID=b3088f38ac6f00e9ed8466188031644b 
Number of updated asset objects reloaded before import = 0Number of asset objects unloaded after import = 2

========================================================================
Received Import Request.
  Time since last request: 12.212029 seconds.
  path: Assets/PolygonFantasyKingdom/Scenes/Demo.unity
  importAddress: Guid(23d8661265deed742959416ea58475f7) Importer(815301076,1909f56bfc062723c751e8b465ee728b)
Start importing Assets/PolygonFantasyKingdom/Scenes/Demo.unity using Guid(23d8661265deed742959416ea58475f7) Importer(815301076,1909f56bfc062723c751e8b465ee728b) (PreviewImporter) -> (Import Result ID: 'adac3539dc186c9d79327b81594d67aa') in 0.0013381 seconds [static and dynamic dependencies]. Details - ImportResultOutputID=50b77dd50d5b6a012e65d7477f9c0553 DependenciesID=ac10db8911ca51b6b52d09d26fce6828 StaticDependenciesID=84fa46b637803cd0107a7c8fb80a36f6 
Number of updated asset objects reloaded before import = 0Number of asset objects unloaded after import = 0

========================================================================
Received Import Request.
  Time since last request: 975.355864 seconds.
  path: Assets/Scene/Scenes/GameAfterLobbySettings.lighting
  importAddress: Guid(9939004edd5882c468cebaac1b2b0e2b) Importer(815301076,1909f56bfc062723c751e8b465ee728b)
Start importing Assets/Scene/Scenes/GameAfterLobbySettings.lighting using Guid(9939004edd5882c468cebaac1b2b0e2b) Importer(815301076,1909f56bfc062723c751e8b465ee728b) (PreviewImporter)LightingSettings: switching bake backend from 2 to 1.
 -> (Import Result ID: '0b401514a804b8ab475ee68ea78d0cb7') in 0.003386 seconds [static and dynamic dependencies]. Details - ImportResultOutputID=1f09d42de6da3786f6ec299fcfbbc123 DependenciesID=b07a3e80943f74c7f288d7a78c47a2cc StaticDependenciesID=74bb330a642caab49241a1377ee7d2e9 
Number of updated asset objects reloaded before import = 0Number of asset objects unloaded after import = 1

========================================================================
Received Import Request.
  Time since last request: 5.346321 seconds.
  path: Assets/Scene/Scenes/GameAfterLobby 1.unity
  importAddress: Guid(42a99d21d189f1f4ba22fb172f323c33) Importer(815301076,1909f56bfc062723c751e8b465ee728b)
Start importing Assets/Scene/Scenes/GameAfterLobby 1.unity using Guid(42a99d21d189f1f4ba22fb172f323c33) Importer(815301076,1909f56bfc062723c751e8b465ee728b) (PreviewImporter) -> (Import Result ID: '79067d652e49f1bf7392bd184708aec1') in 0.0014362 seconds [static and dynamic dependencies]. Details - ImportResultOutputID=afbc7608c1c4954b623b59ae3d6042ca DependenciesID=9db2f151c89a6a78c5eb13cd850617d3 StaticDependenciesID=4444b090945e9336704cb2a4c48aff99 
Number of updated asset objects reloaded before import = 0Number of asset objects unloaded after import = 0

========================================================================
Received Import Request.
  Time since last request: 49.290801 seconds.
  path: Assets/Scene/Scenes/MarketSquare.unity
  importAddress: Guid(42a99d21d189f1f4ba22fb172f323c33) Importer(815301076,1909f56bfc062723c751e8b465ee728b)
Start importing Assets/Scene/Scenes/MarketSquare.unity using Guid(42a99d21d189f1f4ba22fb172f323c33) Importer(815301076,1909f56bfc062723c751e8b465ee728b) (PreviewImporter) -> (Import Result ID: '118e2c251e63c65cf77424d0b09115fb') in 0.0012988 seconds [static and dynamic dependencies]. Details - ImportResultOutputID=afbc7608c1c4954b623b59ae3d6042ca DependenciesID=5df3b08f7479290ec7b5140cc0f2b7ae StaticDependenciesID=de2bde2fb696842353bef9bf6340441a 
Number of updated asset objects reloaded before import = 0Number of asset objects unloaded after import = 0

