[Licensing::Module] Trying to connect to existing licensing client channel...
Built from '6000.4/staging' branch; Version is '6000.4.10f1 (feeafc12a938) revision 16706300'; Using compiler version '194234433'; Build Type 'Release'
[Licensing::IpcConnector] Successfully connected to: "LicenseClient-chris" at "2026-09-12T15:23:50.8680303Z"
OS: 'Windows 11  (10.0.26200) Core' Language: 'en' Physical Memory: 32189 MB
BatchMode: 1, IsHumanControllingUs: 0, StartBugReporterOnCrash: 0, Is64bit: 1
System  architecture: x64
Process architecture: x64
Date: 2026-09-12T15:23:50Z

COMMAND LINE ARGUMENTS:
C:\Program Files\Unity\Hub\Editor\6000.4.10f1\Editor\Unity.exe
-adb2
-batchMode
-noUpm
-name
AssetImportWorker5
-projectPath
C:/Users/chris/Documents/VSCODEPROJECTS/REPOS/MuckedUp
-logFile
Logs/AssetImportWorker5.log
-srvPort
58741
-licensingIpc
LicenseClient-chris
-force-d3d12
-job-worker-count
7
-background-job-worker-count
8
-gc-helper-count
1
-name
AssetImport
Successfully changed project path to: C:/Users/chris/Documents/VSCODEPROJECTS/REPOS/MuckedUp
C:/Users/chris/Documents/VSCODEPROJECTS/REPOS/MuckedUp
[UnityMemory] Configuration Parameters - Can be set up in boot.config
    "memorysetup-temp-allocator-size-gi-baking-worker=262144"
    "memorysetup-temp-allocator-size-gi-baking-worker=262144"
    "memorysetup-temp-allocator-size-gi-baking-worker=262144"
    "memorysetup-temp-allocator-size-gi-baking-worker=262144"
    "memorysetup-temp-allocator-size-gi-baking-worker=262144"
    "memorysetup-temp-allocator-size-nav-mesh-worker=65536"
    "memorysetup-temp-allocator-size-audio-worker=65536"
    "memorysetup-temp-allocator-size-cloud-worker=32768"
    "memorysetup-temp-allocator-size-gfx=262144"
    "memorysetup-temp-allocator-size-preload-manager=33554432"
    "memorysetup-temp-allocator-size-job-worker=262144"
    "memorysetup-temp-allocator-size-background-worker=32768"
    "memorysetup-allocator-temp-initial-block-size-main=262144"
    "memorysetup-allocator-temp-initial-block-size-worker=262144"
    "memorysetup-bucket-allocator-granularity=16"
    "memorysetup-bucket-allocator-bucket-count=8"
    "memorysetup-bucket-allocator-block-size=33554432"
    "memorysetup-bucket-allocator-block-count=8"
    "memorysetup-main-allocator-block-size=16777216"
    "memorysetup-thread-allocator-block-size=16777216"
    "memorysetup-gfx-main-allocator-block-size=16777216"
    "memorysetup-gfx-thread-allocator-block-size=16777216"
    "memorysetup-cache-allocator-block-size=4194304"
    "memorysetup-typetree-allocator-block-size=2097152"
    "memorysetup-profiler-bucket-allocator-granularity=16"
    "memorysetup-profiler-bucket-allocator-bucket-count=8"
    "memorysetup-profiler-bucket-allocator-block-size=33554432"
    "memorysetup-profiler-bucket-allocator-block-count=8"
    "memorysetup-profiler-allocator-block-size=16777216"
    "memorysetup-profiler-editor-allocator-block-size=1048576"
    "memorysetup-temp-allocator-size-main=16777216"
    "memorysetup-job-temp-allocator-block-size=2097152"
    "memorysetup-job-temp-allocator-block-size-background=1048576"
    "memorysetup-job-temp-allocator-reduction-small-platforms=262144"
Player connection [25504]  Target information:

Player connection [25504]  * "[IP] 192.168.4.28 [Port] 0 [Flags] 2 [Guid] 2153554278 [EditorId] 2153554278 [Version] 1048832 [Id] WindowsEditor(7,Asus-Z-2) [Debug] 1 [PackageName] WindowsEditor [ProjectName] Editor" 

Player connection [25504] Host joined multi-casting on [225.0.0.222:54997]...
Player connection [25504] Host joined alternative multi-casting on [225.0.0.222:34997]...
JobSystem: Creating JobQueue using job-worker-count value 7
Input System module state changed to: Initialized.
[Physics::Module] Initialized fallback backend.
[Physics::Module] Id: 0xdecafbad
Library Redirect Path: Library/
[Physics::Module] Selected backend.
[Physics::Module] Name: PhysX
[Physics::Module] Id: 0xf2b8ea05
[Physics::Module] SDK Version: 4.1.2
[Physics::Module] Integration Version: 1.0.0
[Physics::Module] Threading Mode: Multi-Threaded
Refreshing native plugins compatible for Editor in 32.71 ms, found 6 plugins.
Preloading 1 native plugins for Editor in 4.80 ms.
Initialize engine version: 6000.4.10f1 (feeafc12a938)
[Subsystems] Discovering subsystems at path C:/Program Files/Unity/Hub/Editor/6000.4.10f1/Editor/Data/Resources/UnitySubsystems
[Subsystems] Discovering subsystems at path C:/Users/chris/Documents/VSCODEPROJECTS/REPOS/MuckedUp/Assets
Forcing GfxDevice: Direct3D 12
GfxDevice: creating device client; kGfxThreadingModeNonThreaded
d3d12: failed to query info queue interface (0x80004002).
Direct3D:
    Version:         Direct3D 12 [level 12.2]
    Renderer:        NVIDIA GeForce RTX 5080 Laptop GPU (ID=0x2c59)
    Vendor:          NVIDIA
    VRAM:            16003 MB
    App VRAM Budget: 15235 MB
    Driver:          32.0.16.1088
Initialize mono
Mono path[0] = 'C:/Program Files/Unity/Hub/Editor/6000.4.10f1/Editor/Data/Managed'
Mono path[1] = 'C:/Program Files/Unity/Hub/Editor/6000.4.10f1/Editor/Data/MonoBleedingEdge/lib/mono/unityjit-win32'
Mono config path = 'C:/Program Files/Unity/Hub/Editor/6000.4.10f1/Editor/Data/MonoBleedingEdge/etc'
Using monoOptions --debugger-agent=transport=dt_socket,embedding=1,server=y,suspend=n,address=127.0.0.1:56924
CodeReloadManager initialized
Begin MonoManager ReloadAssembly
[Licensing::Client] Error: HandshakeResponse reported an error:
	ResponseCode: 505
	ResponseStatus: Unsupported protocol version '1.18.1'.
[Licensing::Module] Error: Failed to handshake to channel: "LicenseClient-chris"
[Licensing::IpcConnector] LicenseClient-chris channel disconnected successfully.
[Licensing::IpcConnector] Successfully connected to: "LicenseClient-chris-6000.4.10" at "2026-09-12T15:23:53.0956075Z"
[Licensing::Client] Code 10 while verifying Licensing Client signature (process Id: 1772, path: "C:/Program Files/Unity/Hub/Editor/6000.4.10f1/Editor/Data/Resources/Licensing/Client/Unity.Licensing.Client.exe")
[Licensing::Module] LicensingClient has failed validation; ignoring
[Licensing::Client] Handshaking with LicensingClient:
  Version:                 1.18.1+9fbee8e
  Session Id:              7f700b0e50f04455a67661e3e8b41010
  Correlation Id:          fd51f5d1309bfe5155c680cfca751b39
  External correlation Id: 2204327545512890178
  Machine Id:              qjKs8DFrk8EBF4sOshQ983V5ek0=
[Licensing::Module] Successfully connected to LicensingClient on channel: "LicenseClient-chris-6000.4.10" (connect: 0.00s, validation: 0.00s, handshake: 0.01s)
[Licensing::IpcConnector] Successfully connected to: "LicenseClient-chris-6000.4.10-notifications" at "2026-09-12T15:23:53.1068551Z"
[Licensing::Module] Licensing Background thread has ended after 2.24s
Registering precompiled unity dll's ...
Register platform support module: C:/Program Files/Unity/Hub/Editor/6000.4.10f1/Editor/Data/PlaybackEngines/WebGLSupport/UnityEditor.WebGL.Extensions.dll
Register platform support module: C:/Program Files/Unity/Hub/Editor/6000.4.10f1/Editor/Data/PlaybackEngines/WindowsStandaloneSupport/UnityEditor.WindowsStandalone.Extensions.dll
Registered in 0.003864 seconds.
Native extension for WindowsStandalone target not found
Native extension for WebGL target not found
Package Manager log level set to [2]
[Package Manager] Failed to launch server process. Reason: Unity was launched with the -noUpm command-line argument
[Package Manager] Unable to send message (not connected to server process).
[Package Manager] Cannot connect to Unity Package Manager local server
ScheduleIndexationOnStartup MainProcess:False IndexOnStartup:True
Mono: successfully reloaded assembly
- Finished resetting the current domain, in  0.642 seconds
Domain Reload Profiling: 1341ms
	BeginReloadAssembly (198ms)
	RebuildCommonClasses (52ms)
	RebuildNativeTypeToScriptingClass (21ms)
	initialDomainReloadingComplete (103ms)
	LoadAllAssembliesAndSetupDomain (323ms)
		LoadAssemblies (194ms)
		AnalyzeDomain (310ms)
			TypeCache.Refresh (308ms)
				TypeCache.ScanAssembly (287ms)
	FinalizeReload (645ms)
		SetupLoadedEditorAssemblies (0ms)
			InitializePlatformSupportModulesInManaged (73ms)
			BeforeProcessingInitializeOnLoad (130ms)
			ProcessInitializeOnLoadAttributes (174ms)
			ProcessInitializeOnLoadMethodAttributes (143ms)
========================================================================
Worker process is ready to serve import requests
Import Worker Mode flag is 0x00
Begin MonoManager ReloadAssembly
[Licensing::Client] Successfully resolved entitlement details
[Licensing::Module] License group:
  Id: 1374564138397-UnityPersXXXX
  Product: Unity Personal
  Type: Assigned
  Expiration: Unlimited
Assembly Assembly-CSharp-Editor-firstpass.dll at Library/ScriptAssemblies/Assembly-CSharp-Editor-firstpass.dll not valid. Loading of assembly skipped.
Assembly Assembly-CSharp-firstpass.dll at Library/ScriptAssemblies/Assembly-CSharp-firstpass.dll not valid. Loading of assembly skipped.
Assembly DocCodeExamples.dll at Library/ScriptAssemblies/DocCodeExamples.dll not valid. Loading of assembly skipped.
Assembly GdkToolsEditModeTests.dll at Library/ScriptAssemblies/GdkToolsEditModeTests.dll not valid. Loading of assembly skipped.
Assembly TestNewCustomAssembly.dll at Library/ScriptAssemblies/TestNewCustomAssembly.dll not valid. Loading of assembly skipped.
Assembly Unity.2D.Sprite.Package.EditorTests.dll at Library/ScriptAssemblies/Unity.2D.Sprite.Package.EditorTests.dll not valid. Loading of assembly skipped.
Assembly Unity.2D.Tilemap.Package.EditorTests.dll at Library/ScriptAssemblies/Unity.2D.Tilemap.Package.EditorTests.dll not valid. Loading of assembly skipped.
Assembly Unity.AI.Assistant.Integrations.Sample.Editor.dll at Library/ScriptAssemblies/Unity.AI.Assistant.Integrations.Sample.Editor.dll not valid. Loading of assembly skipped.
Assembly Unity.Analytics.DataPrivacy.Tests.dll at Library/ScriptAssemblies/Unity.Analytics.DataPrivacy.Tests.dll not valid. Loading of assembly skipped.
Assembly Unity.Analytics.StandardEvents.EditorTests.dll at Library/ScriptAssemblies/Unity.Analytics.StandardEvents.EditorTests.dll not valid. Loading of assembly skipped.
Assembly Unity.AppUI.Editor.Tests.dll at Library/ScriptAssemblies/Unity.AppUI.Editor.Tests.dll not valid. Loading of assembly skipped.
Assembly Unity.AppUI.Tests.dll at Library/ScriptAssemblies/Unity.AppUI.Tests.dll not valid. Loading of assembly skipped.
Assembly Unity.Collections.BurstCompatibilityGen.dll at Library/ScriptAssemblies/Unity.Collections.BurstCompatibilityGen.dll not valid. Loading of assembly skipped.
Assembly Unity.Collections.DocCodeSamples.dll at Library/ScriptAssemblies/Unity.Collections.DocCodeSamples.dll not valid. Loading of assembly skipped.
Assembly Unity.Collections.PerformanceTests.dll at Library/ScriptAssemblies/Unity.Collections.PerformanceTests.dll not valid. Loading of assembly skipped.
Assembly Unity.Collections.Tests.dll at Library/ScriptAssemblies/Unity.Collections.Tests.dll not valid. Loading of assembly skipped.
Assembly Unity.Collections.Tests.Playmode.dll at Library/ScriptAssemblies/Unity.Collections.Tests.Playmode.dll not valid. Loading of assembly skipped.
Assembly Unity.Mathematics.Tests.dll at Library/ScriptAssemblies/Unity.Mathematics.Tests.dll not valid. Loading of assembly skipped.
Assembly Unity.Microsoft.GDK.Discovery.EditModeTests.dll at Library/ScriptAssemblies/Unity.Microsoft.GDK.Discovery.EditModeTests.dll not valid. Loading of assembly skipped.
Assembly Unity.Microsoft.GDK.Tests.dll at Library/ScriptAssemblies/Unity.Microsoft.GDK.Tests.dll not valid. Loading of assembly skipped.
Assembly Unity.Multiplayer.Center.Editor.Tests.dll at Library/ScriptAssemblies/Unity.Multiplayer.Center.Editor.Tests.dll not valid. Loading of assembly skipped.
Assembly Unity.Multiplayer.Center.Tests.dll at Library/ScriptAssemblies/Unity.Multiplayer.Center.Tests.dll not valid. Loading of assembly skipped.
Assembly Unity.Nuget.Mono-Cecil.dll at Library/ScriptAssemblies/Unity.Nuget.Mono-Cecil.dll not valid. Loading of assembly skipped.
Assembly Unity.Postprocessing.Editor.Tests.dll at Library/ScriptAssemblies/Unity.Postprocessing.Editor.Tests.dll not valid. Loading of assembly skipped.
Assembly Unity.Postprocessing.Runtime.Tests.dll at Library/ScriptAssemblies/Unity.Postprocessing.Runtime.Tests.dll not valid. Loading of assembly skipped.
Assembly Unity.Purchasing.Apple.dll at Library/ScriptAssemblies/Unity.Purchasing.Apple.dll not valid. Loading of assembly skipped.
Assembly Unity.Purchasing.AppleMacos.dll at Library/ScriptAssemblies/Unity.Purchasing.AppleMacos.dll not valid. Loading of assembly skipped.
Assembly Unity.Purchasing.Security.dll at Library/ScriptAssemblies/Unity.Purchasing.Security.dll not valid. Loading of assembly skipped.
Assembly Unity.Purchasing.TransactionVerifier.dll at Library/ScriptAssemblies/Unity.Purchasing.TransactionVerifier.dll not valid. Loading of assembly skipped.
Assembly Unity.TextMeshPro.Editor.Tests.dll at Library/ScriptAssemblies/Unity.TextMeshPro.Editor.Tests.dll not valid. Loading of assembly skipped.
Assembly Unity.TextMeshPro.Tests.dll at Library/ScriptAssemblies/Unity.TextMeshPro.Tests.dll not valid. Loading of assembly skipped.
Assembly UnityEditor.Purchasing.Authoring.dll at Library/ScriptAssemblies/UnityEditor.Purchasing.Authoring.dll not valid. Loading of assembly skipped.
Assembly UnityEditor.Purchasing.Editor.Authoring.Core.dll at Library/ScriptAssemblies/UnityEditor.Purchasing.Editor.Authoring.Core.dll not valid. Loading of assembly skipped.
Assembly UnityEditor.UI.Common.Tests.dll at Library/ScriptAssemblies/UnityEditor.UI.Common.Tests.dll not valid. Loading of assembly skipped.
Assembly UnityEditor.UI.EditorTests.dll at Library/ScriptAssemblies/UnityEditor.UI.EditorTests.dll not valid. Loading of assembly skipped.
Assembly UnityEditor.XR.LegacyInputHelpers.Tests.dll at Library/ScriptAssemblies/UnityEditor.XR.LegacyInputHelpers.Tests.dll not valid. Loading of assembly skipped.
Assembly UnityEngine.Advertisements.Editor.Tests.dll at Library/ScriptAssemblies/UnityEngine.Advertisements.Editor.Tests.dll not valid. Loading of assembly skipped.
Assembly UnityEngine.Advertisements.Tests.dll at Library/ScriptAssemblies/UnityEngine.Advertisements.Tests.dll not valid. Loading of assembly skipped.
Assembly UnityEngine.SpatialTracking.Tests.dll at Library/ScriptAssemblies/UnityEngine.SpatialTracking.Tests.dll not valid. Loading of assembly skipped.
Assembly UnityEngine.UI.Tests.dll at Library/ScriptAssemblies/UnityEngine.UI.Tests.dll not valid. Loading of assembly skipped.
Symbol file LoadedFromMemory is not a mono symbol file
Symbol file LoadedFromMemory is not a mono symbol file
Refreshing native plugins compatible for Editor in 16.99 ms, found 6 plugins.
Native extension for WindowsStandalone target not found
Native extension for WebGL target not found
[Package Manager] Failed to launch server process. Reason: Unity was launched with the -noUpm command-line argument
[Package Manager] Unable to send message (not connected to server process).
[Package Manager] Cannot connect to Unity Package Manager local server
Refreshing native plugins compatible for Editor in 26.94 ms, found 6 plugins.
[Package Manager] Failed to launch server process. Reason: Unity was launched with the -noUpm command-line argument
[Package Manager] Unable to send message (not connected to server process).
[Package Manager] Cannot connect to Unity Package Manager local server
[Licensing::Client] Error: Code 404 while processing request (status: Found 0 entitlement groups and 0 free entitlements matching requested entitlement ids)
ScheduleIndexationOnStartup MainProcess:False IndexOnStartup:True
Mono: successfully reloaded assembly
- Finished resetting the current domain, in  3.075 seconds
Domain Reload Profiling: 5612ms
	BeginReloadAssembly (354ms)
		DisableScriptedObjects (10ms)
		CreateAndSetChildDomain (56ms)
	RebuildCommonClasses (87ms)
	RebuildNativeTypeToScriptingClass (29ms)
	initialDomainReloadingComplete (268ms)
	LoadAllAssembliesAndSetupDomain (1800ms)
		LoadAssemblies (1191ms)
		AnalyzeDomain (803ms)
			TypeCache.Refresh (656ms)
				TypeCache.ScanAssembly (613ms)
			BuildScriptInfoCaches (128ms)
			ResolveRequiredComponents (15ms)
	FinalizeReload (3075ms)
		SetupLoadedEditorAssemblies (0ms)
			InitializePlatformSupportModulesInManaged (4ms)
			BeforeProcessingInitializeOnLoad (304ms)
			ProcessInitializeOnLoadAttributes (1937ms)
			ProcessInitializeOnLoadMethodAttributes (533ms)
			AfterProcessingInitializeOnLoad (12ms)
		AwakeInstancesAfterBackupRestoration (10ms)
Launched and connected shader compiler UnityShaderCompiler.exe after 0.06 seconds
Refreshing native plugins compatible for Editor in 24.34 ms, found 6 plugins.
Unloading 57 Unused Serialized files (Serialized files now loaded: 0)
Unloading 9062 unused Assets / (17.5 MB). Loaded Objects now: 9643.
Memory consumption went from 191.0 MB to 173.5 MB.
Total: 35.276900 ms (FindLiveObjects: 2.185700 ms CreateObjectMapping: 2.750100 ms MarkObjects: 21.628900 ms  DeleteObjects: 8.707600 ms)

========================================================================
Received Import Request.
  Time since last request: 2466.370004 seconds.
  path: Assets/PolygonFantasyKingdom/Prefabs/House/SM_Bld_House_Roof_Tile_Half_03.prefab
  importAddress: Guid(6317734c1af7ffb4d90610f88d548b3a) Importer(815301076,1909f56bfc062723c751e8b465ee728b)
Start importing Assets/PolygonFantasyKingdom/Prefabs/House/SM_Bld_House_Roof_Tile_Half_03.prefab using Guid(6317734c1af7ffb4d90610f88d548b3a) Importer(815301076,1909f56bfc062723c751e8b465ee728b) (PreviewImporter) -> (Import Result ID: 'a88f60de6ada592d25d68598c779247e') in 0.4817617 seconds [static and dynamic dependencies]. Details - ImportResultOutputID=cd95528bbf706bbc5a69357e4e8d3145 DependenciesID=829b992939348afad5fcd9f4966c6698 StaticDependenciesID=73f89492c0962d6148f9c78636041824 
Number of updated asset objects reloaded before import = 0Number of asset objects unloaded after import = 13

========================================================================
Received Import Request.
  Time since last request: 12.423623 seconds.
  path: Assets/PolygonFantasyKingdom/Prefabs/House/SM_Bld_House_Roof_Tile_Peak_Cap_Edge_02.prefab
  importAddress: Guid(5c0ce501fbcf58747ae137f7795f4ae1) Importer(815301076,1909f56bfc062723c751e8b465ee728b)
Start importing Assets/PolygonFantasyKingdom/Prefabs/House/SM_Bld_House_Roof_Tile_Peak_Cap_Edge_02.prefab using Guid(5c0ce501fbcf58747ae137f7795f4ae1) Importer(815301076,1909f56bfc062723c751e8b465ee728b) (PreviewImporter) -> (Import Result ID: '342f9c32f22200bda132c8f5de9e072f') in 0.1833672 seconds [static and dynamic dependencies]. Details - ImportResultOutputID=827d9690b59fca1aae41e410e19e0fe3 DependenciesID=a7f6a9b4019c5e543a35ed6b2dfd91b3 StaticDependenciesID=efa83f93dddba338036860f3bdfac704 
Number of updated asset objects reloaded before import = 0Number of asset objects unloaded after import = 13

========================================================================
Received Import Request.
  Time since last request: 0.000064 seconds.
  path: Assets/PolygonFantasyKingdom/Prefabs/House/SM_Bld_House_Stairs_Stone_01.prefab
  importAddress: Guid(2cec3e36c100660409a207648fb52105) Importer(815301076,1909f56bfc062723c751e8b465ee728b)
Start importing Assets/PolygonFantasyKingdom/Prefabs/House/SM_Bld_House_Stairs_Stone_01.prefab using Guid(2cec3e36c100660409a207648fb52105) Importer(815301076,1909f56bfc062723c751e8b465ee728b) (PreviewImporter) -> (Import Result ID: 'e9ba62563a2aa284304e76ec1595a7ae') in 0.0849446 seconds [static and dynamic dependencies]. Details - ImportResultOutputID=79e93756f9f4e573ee70c9e2231de2bc DependenciesID=ea7bd19cd32c816163e0c21159215907 StaticDependenciesID=33ebbc58af7dd143fa8de4dc2e92fb64 
Number of updated asset objects reloaded before import = 0Number of asset objects unloaded after import = 13

========================================================================
Received Import Request.
  Time since last request: 0.000061 seconds.
  path: Assets/PolygonFantasyKingdom/Prefabs/House/SM_Bld_House_Roof_Tile_Window_04.prefab
  importAddress: Guid(42e040f32a6e5854f8269a6af51fdd48) Importer(815301076,1909f56bfc062723c751e8b465ee728b)
Start importing Assets/PolygonFantasyKingdom/Prefabs/House/SM_Bld_House_Roof_Tile_Window_04.prefab using Guid(42e040f32a6e5854f8269a6af51fdd48) Importer(815301076,1909f56bfc062723c751e8b465ee728b) (PreviewImporter) -> (Import Result ID: 'e000154fb19875822932897a8be58106') in 0.4676653 seconds [static and dynamic dependencies]. Details - ImportResultOutputID=4226d789b322525bfff5fb2480cee950 DependenciesID=d9325260ffde8ab7cfa36b55d5cc0866 StaticDependenciesID=0839de234e08c3b8f7870d17753faf4c 
Number of updated asset objects reloaded before import = 0Number of asset objects unloaded after import = 19

========================================================================
Received Import Request.
  Time since last request: 0.620114 seconds.
  path: Assets/PolygonFantasyKingdom/Prefabs/House/SM_Bld_House_Stairs_Tall_Railing_01.prefab
  importAddress: Guid(7fab2f8f70216694e8b919eaf42007ab) Importer(815301076,1909f56bfc062723c751e8b465ee728b)
Start importing Assets/PolygonFantasyKingdom/Prefabs/House/SM_Bld_House_Stairs_Tall_Railing_01.prefab using Guid(7fab2f8f70216694e8b919eaf42007ab) Importer(815301076,1909f56bfc062723c751e8b465ee728b) (PreviewImporter) -> (Import Result ID: '04b6d5372ba3f4e2f71fc08a24be958f') in 0.1137078 seconds [static and dynamic dependencies]. Details - ImportResultOutputID=39fd50f8e1e673ecfa965eed63d2db82 DependenciesID=836bd260c5b5e953bf0a29aada779183 StaticDependenciesID=f6ad4859f6c08ab383aa80e7c40e8595 
Number of updated asset objects reloaded before import = 0Number of asset objects unloaded after import = 13

========================================================================
Received Import Request.
  Time since last request: 0.000048 seconds.
  path: Assets/PolygonFantasyKingdom/Prefabs/House/SM_Bld_House_Tower_Angle_Door_01.prefab
  importAddress: Guid(15742ae441fca344bb06e81356339d2e) Importer(815301076,1909f56bfc062723c751e8b465ee728b)
Start importing Assets/PolygonFantasyKingdom/Prefabs/House/SM_Bld_House_Tower_Angle_Door_01.prefab using Guid(15742ae441fca344bb06e81356339d2e) Importer(815301076,1909f56bfc062723c751e8b465ee728b) (PreviewImporter) -> (Import Result ID: '9930a4ea6ba645e665bf5d32261cece6') in 0.0941404 seconds [static and dynamic dependencies]. Details - ImportResultOutputID=487e2494196a4732a4edc9cdfb202a98 DependenciesID=1c9aa4816ffb6d604d9795f2fd73bc02 StaticDependenciesID=e2bf0f08fa9b0e4a11a36edb2e25157b 
Number of updated asset objects reloaded before import = 0Number of asset objects unloaded after import = 19

========================================================================
Received Import Request.
  Time since last request: 0.000058 seconds.
  path: Assets/PolygonFantasyKingdom/Prefabs/House/SM_Bld_House_StoneArch_02.prefab
  importAddress: Guid(993d80b0f5ae51a478f0a6ccd0a7a488) Importer(815301076,1909f56bfc062723c751e8b465ee728b)
Start importing Assets/PolygonFantasyKingdom/Prefabs/House/SM_Bld_House_StoneArch_02.prefab using Guid(993d80b0f5ae51a478f0a6ccd0a7a488) Importer(815301076,1909f56bfc062723c751e8b465ee728b) (PreviewImporter) -> (Import Result ID: 'b3c54259cc759fd74a3563007937f4b2') in 0.0801795 seconds [static and dynamic dependencies]. Details - ImportResultOutputID=af28d7d42fe235a24bc6a1ae0794f16a DependenciesID=f9635dddf2a2e9e5fe59bb2cffa791c4 StaticDependenciesID=faaa770567e21c35d20647b018102d13 
Number of updated asset objects reloaded before import = 0Number of asset objects unloaded after import = 13

========================================================================
Received Import Request.
  Time since last request: 0.000049 seconds.
  path: Assets/PolygonFantasyKingdom/Prefabs/House/SM_Bld_House_StoneArch_Pillar_01.prefab
  importAddress: Guid(a25d5e7dfabe0044a98711d685b141f9) Importer(815301076,1909f56bfc062723c751e8b465ee728b)
Start importing Assets/PolygonFantasyKingdom/Prefabs/House/SM_Bld_House_StoneArch_Pillar_01.prefab using Guid(a25d5e7dfabe0044a98711d685b141f9) Importer(815301076,1909f56bfc062723c751e8b465ee728b) (PreviewImporter) -> (Import Result ID: '06db751de535eab36c55eaf630925ee6') in 0.0852229 seconds [static and dynamic dependencies]. Details - ImportResultOutputID=de40ccc671917e260615dae9934e8f3c DependenciesID=9708c8a42d31ccc7ebbd4d4053ebb93f StaticDependenciesID=4ccfac638cde15775bafd10c52c1fda8 
Number of updated asset objects reloaded before import = 0Number of asset objects unloaded after import = 13

========================================================================
Received Import Request.
  Time since last request: 0.000048 seconds.
  path: Assets/PolygonFantasyKingdom/Prefabs/House/SM_Bld_House_Supports_01.prefab
  importAddress: Guid(51b8c1b5c15a793488f603917d217c17) Importer(815301076,1909f56bfc062723c751e8b465ee728b)
Start importing Assets/PolygonFantasyKingdom/Prefabs/House/SM_Bld_House_Supports_01.prefab using Guid(51b8c1b5c15a793488f603917d217c17) Importer(815301076,1909f56bfc062723c751e8b465ee728b) (PreviewImporter) -> (Import Result ID: '5a7974770e13b43cf436ad9abb4e25c6') in 0.0823755 seconds [static and dynamic dependencies]. Details - ImportResultOutputID=3ecfdb276b6a81e483a1edb0ade3cae9 DependenciesID=349a81c02b7aebbd644cc56a15ffcf81 StaticDependenciesID=bcba5455554e6aede5942efc6c9a8000 
Number of updated asset objects reloaded before import = 0Number of asset objects unloaded after import = 13

========================================================================
Received Import Request.
  Time since last request: 0.373110 seconds.
  path: Assets/PolygonFantasyKingdom/Prefabs/House/SM_Bld_House_Tower_Angle_Window_04.prefab
  importAddress: Guid(80654ccb3924eed4aaa1fe232855be9c) Importer(815301076,1909f56bfc062723c751e8b465ee728b)
Start importing Assets/PolygonFantasyKingdom/Prefabs/House/SM_Bld_House_Tower_Angle_Window_04.prefab using Guid(80654ccb3924eed4aaa1fe232855be9c) Importer(815301076,1909f56bfc062723c751e8b465ee728b) (PreviewImporter) -> (Import Result ID: '41682e150be00c1a8969e8c64713aa15') in 0.1250243 seconds [static and dynamic dependencies]. Details - ImportResultOutputID=df990fc16a5a93ef858989c5517045d0 DependenciesID=de7a722a7d9b54f62f23ba3812d9d365 StaticDependenciesID=e4561651dcc532d37faac3eaa3ab159a 
Number of updated asset objects reloaded before import = 0Number of asset objects unloaded after import = 27

========================================================================
Received Import Request.
  Time since last request: 0.000053 seconds.
  path: Assets/PolygonFantasyKingdom/Prefabs/House/SM_Bld_House_Tower_Angle_Window_06.prefab
  importAddress: Guid(d3aeace77bac5e845a136acb91887b6b) Importer(815301076,1909f56bfc062723c751e8b465ee728b)
Start importing Assets/PolygonFantasyKingdom/Prefabs/House/SM_Bld_House_Tower_Angle_Window_06.prefab using Guid(d3aeace77bac5e845a136acb91887b6b) Importer(815301076,1909f56bfc062723c751e8b465ee728b) (PreviewImporter) -> (Import Result ID: 'd06f3c59cafee1dfc31c77fdbf8ef82f') in 0.0945831 seconds [static and dynamic dependencies]. Details - ImportResultOutputID=54a31b32ff31d85588ea5cfc4c0daa0e DependenciesID=f17689104d03f83730cfc0a40317af33 StaticDependenciesID=75f1777252874ae84e0606da8a32877a 
Number of updated asset objects reloaded before import = 0Number of asset objects unloaded after import = 27

========================================================================
Received Import Request.
  Time since last request: 0.844520 seconds.
  path: Assets/PolygonFantasyKingdom/Prefabs/House/SM_Bld_House_Tower_Window_01.prefab
  importAddress: Guid(acf9299ce88d41647b2be2cfbace578a) Importer(815301076,1909f56bfc062723c751e8b465ee728b)
Start importing Assets/PolygonFantasyKingdom/Prefabs/House/SM_Bld_House_Tower_Window_01.prefab using Guid(acf9299ce88d41647b2be2cfbace578a) Importer(815301076,1909f56bfc062723c751e8b465ee728b) (PreviewImporter) -> (Import Result ID: '98d5ced3fc2720ca4a66aeecf21beab9') in 0.1217902 seconds [static and dynamic dependencies]. Details - ImportResultOutputID=293985772f0140f04d68bbfc22a9bf25 DependenciesID=3d7bc2887980a133d053b128858bf100 StaticDependenciesID=448be3e07b9e20399b1d6a7f1fadfe5e 
Number of updated asset objects reloaded before import = 0Number of asset objects unloaded after import = 27

========================================================================
Received Import Request.
  Time since last request: 0.000047 seconds.
  path: Assets/PolygonFantasyKingdom/Prefabs/House/SM_Bld_House_Wall_05.prefab
  importAddress: Guid(bc88864d4d062be4487767da9eca9246) Importer(815301076,1909f56bfc062723c751e8b465ee728b)
Start importing Assets/PolygonFantasyKingdom/Prefabs/House/SM_Bld_House_Wall_05.prefab using Guid(bc88864d4d062be4487767da9eca9246) Importer(815301076,1909f56bfc062723c751e8b465ee728b) (PreviewImporter) -> (Import Result ID: '47f73c7a1789428c8c831ac80f789617') in 0.0873414 seconds [static and dynamic dependencies]. Details - ImportResultOutputID=b317049c74088c9801c81c3ac32e6980 DependenciesID=cf4fbdde3bb602e1182b44c60314e151 StaticDependenciesID=e949542e518e8b2eb74d82dbec76ac67 
Number of updated asset objects reloaded before import = 0Number of asset objects unloaded after import = 13

========================================================================
Received Import Request.
  Time since last request: 0.000063 seconds.
  path: Assets/PolygonFantasyKingdom/Prefabs/House/SM_Bld_House_Wall_01.prefab
  importAddress: Guid(3a73eda4c89d632449e4cc126b304185) Importer(815301076,1909f56bfc062723c751e8b465ee728b)
Start importing Assets/PolygonFantasyKingdom/Prefabs/House/SM_Bld_House_Wall_01.prefab using Guid(3a73eda4c89d632449e4cc126b304185) Importer(815301076,1909f56bfc062723c751e8b465ee728b) (PreviewImporter) -> (Import Result ID: 'c17ce094866439765c107c0a7d77abb0') in 0.0857415 seconds [static and dynamic dependencies]. Details - ImportResultOutputID=d207b409503fae559cfc0f688f24cda6 DependenciesID=fa1c8f597ecb536109fd5d1db30a24de StaticDependenciesID=50236a1825340fd3d5586a2d00f609f7 
Number of updated asset objects reloaded before import = 0Number of asset objects unloaded after import = 13

========================================================================
Received Import Request.
  Time since last request: 0.000060 seconds.
  path: Assets/PolygonFantasyKingdom/Prefabs/House/SM_Bld_House_Wall_06.prefab
  importAddress: Guid(5a3647a068a740c4abe1662cead25291) Importer(815301076,1909f56bfc062723c751e8b465ee728b)
Start importing Assets/PolygonFantasyKingdom/Prefabs/House/SM_Bld_House_Wall_06.prefab using Guid(5a3647a068a740c4abe1662cead25291) Importer(815301076,1909f56bfc062723c751e8b465ee728b) (PreviewImporter) -> (Import Result ID: '22cfed213f26cf45561a49085cc2807e') in 0.0944406 seconds [static and dynamic dependencies]. Details - ImportResultOutputID=f4616ef3a4b1a99288b82f107f4767bf DependenciesID=f6e89adeb3cd3e44285b60bb81a5672a StaticDependenciesID=57310eec982ce60fee8963d4a7e1bde2 
Number of updated asset objects reloaded before import = 0Number of asset objects unloaded after import = 13

========================================================================
Received Import Request.
  Time since last request: 0.000039 seconds.
  path: Assets/PolygonFantasyKingdom/Prefabs/House/SM_Bld_House_Wall_08.prefab
  importAddress: Guid(3942db40015c23d4993df239af858f28) Importer(815301076,1909f56bfc062723c751e8b465ee728b)
Start importing Assets/PolygonFantasyKingdom/Prefabs/House/SM_Bld_House_Wall_08.prefab using Guid(3942db40015c23d4993df239af858f28) Importer(815301076,1909f56bfc062723c751e8b465ee728b) (PreviewImporter) -> (Import Result ID: 'f79cf9784d4eb17359a275fbe422db24') in 0.0931187 seconds [static and dynamic dependencies]. Details - ImportResultOutputID=caeb121a67e6d5a5b4f04615a904e70a DependenciesID=e378dc331daabb4971c704ef8af2b205 StaticDependenciesID=ad839221485420259006ec150de7ab04 
Number of updated asset objects reloaded before import = 0Number of asset objects unloaded after import = 13

========================================================================
Received Import Request.
  Time since last request: 0.194022 seconds.
  path: Assets/PolygonFantasyKingdom/Prefabs/House/SM_Bld_House_Wall_Door_02.prefab
  importAddress: Guid(a87c1020dd4431b44b4c7c7b72785396) Importer(815301076,1909f56bfc062723c751e8b465ee728b)
Start importing Assets/PolygonFantasyKingdom/Prefabs/House/SM_Bld_House_Wall_Door_02.prefab using Guid(a87c1020dd4431b44b4c7c7b72785396) Importer(815301076,1909f56bfc062723c751e8b465ee728b) (PreviewImporter) -> (Import Result ID: '22ebf7b7ed2f4520dd1aaad7f8c1f403') in 0.126909 seconds [static and dynamic dependencies]. Details - ImportResultOutputID=cf8455c6a7ab3c41b89dc3a26b005f50 DependenciesID=6b7883e40c39afb2e18f1f4147420a1b StaticDependenciesID=f4febff092a3964b4762974ad9d84aee 
Number of updated asset objects reloaded before import = 0Number of asset objects unloaded after import = 19

========================================================================
Received Import Request.
  Time since last request: 0.000064 seconds.
  path: Assets/PolygonFantasyKingdom/Prefabs/House/SM_Bld_House_Wall_Door_04.prefab
  importAddress: Guid(4d17b340ae1483642901fb6916119ac8) Importer(815301076,1909f56bfc062723c751e8b465ee728b)
Start importing Assets/PolygonFantasyKingdom/Prefabs/House/SM_Bld_House_Wall_Door_04.prefab using Guid(4d17b340ae1483642901fb6916119ac8) Importer(815301076,1909f56bfc062723c751e8b465ee728b) (PreviewImporter) -> (Import Result ID: 'a4354947f23bd32f6855ddcae66e9a05') in 0.1064383 seconds [static and dynamic dependencies]. Details - ImportResultOutputID=bd75743c2c8b98e57c964af0604eac57 DependenciesID=d6a502319b4b4e2422cff29c5398d20f StaticDependenciesID=5676e952e84ba2dbd848773af141a26c 
Number of updated asset objects reloaded before import = 0Number of asset objects unloaded after import = 19

========================================================================
Received Import Request.
  Time since last request: 0.837001 seconds.
  path: Assets/PolygonFantasyKingdom/Prefabs/House/SM_Bld_House_Wall_Half_Window_02.prefab
  importAddress: Guid(8b6124d0f2b3e1148a5f443df23980d9) Importer(815301076,1909f56bfc062723c751e8b465ee728b)
Start importing Assets/PolygonFantasyKingdom/Prefabs/House/SM_Bld_House_Wall_Half_Window_02.prefab using Guid(8b6124d0f2b3e1148a5f443df23980d9) Importer(815301076,1909f56bfc062723c751e8b465ee728b) (PreviewImporter) -> (Import Result ID: '28b1f1c86ad2ed131a121bfaf318bece') in 0.1126329 seconds [static and dynamic dependencies]. Details - ImportResultOutputID=c39cf41d9b158a0ce4defef1343e2102 DependenciesID=f8e900004e366251c14b39fdfe43eec8 StaticDependenciesID=72929bdac6b98d4508491f2a2f959743 
Number of updated asset objects reloaded before import = 0Number of asset objects unloaded after import = 19

========================================================================
Received Import Request.
  Time since last request: 0.000030 seconds.
  path: Assets/PolygonFantasyKingdom/Prefabs/House/SM_Bld_House_Wall_Peak_02.prefab
  importAddress: Guid(b1198a4cb3996024794ee61c0dd74045) Importer(815301076,1909f56bfc062723c751e8b465ee728b)
Start importing Assets/PolygonFantasyKingdom/Prefabs/House/SM_Bld_House_Wall_Peak_02.prefab using Guid(b1198a4cb3996024794ee61c0dd74045) Importer(815301076,1909f56bfc062723c751e8b465ee728b) (PreviewImporter) -> (Import Result ID: '77b56d2bfd40d9e0edba4cbbbbebbe49') in 0.0849913 seconds [static and dynamic dependencies]. Details - ImportResultOutputID=387d097307ed3e0eccbe4ade052a31eb DependenciesID=32c346e16ec87874cd6be7d298d9e09b StaticDependenciesID=9a7376239e0fba2278c57d4d4f35198e 
Number of updated asset objects reloaded before import = 0Number of asset objects unloaded after import = 13

========================================================================
Received Import Request.
  Time since last request: 0.286271 seconds.
  path: Assets/PolygonFantasyKingdom/Prefabs/House/SM_Bld_House_Wall_Peak_Window_03.prefab
  importAddress: Guid(3fd1d0ce41177e445bdf0ed7a8b5682b) Importer(815301076,1909f56bfc062723c751e8b465ee728b)
Start importing Assets/PolygonFantasyKingdom/Prefabs/House/SM_Bld_House_Wall_Peak_Window_03.prefab using Guid(3fd1d0ce41177e445bdf0ed7a8b5682b) Importer(815301076,1909f56bfc062723c751e8b465ee728b) (PreviewImporter) -> (Import Result ID: 'c4e275efa9af174eec4554b655a1bfe5') in 0.1171028 seconds [static and dynamic dependencies]. Details - ImportResultOutputID=70f0964940d46e3abefb361bd4a3005a DependenciesID=558b63a2610f1a7c5f5f9ad5b5d76b5d StaticDependenciesID=d1e6fcca53f74b9cc218bdf1057154f5 
Number of updated asset objects reloaded before import = 0Number of asset objects unloaded after import = 19

========================================================================
Received Import Request.
  Time since last request: 0.000037 seconds.
  path: Assets/PolygonFantasyKingdom/Prefabs/House/SM_Bld_House_Wall_SupportBeams_01.prefab
  importAddress: Guid(179aa7a826ac871499602de107b21af9) Importer(815301076,1909f56bfc062723c751e8b465ee728b)
Start importing Assets/PolygonFantasyKingdom/Prefabs/House/SM_Bld_House_Wall_SupportBeams_01.prefab using Guid(179aa7a826ac871499602de107b21af9) Importer(815301076,1909f56bfc062723c751e8b465ee728b) (PreviewImporter) -> (Import Result ID: '602de3ad7b9dd23c9cddccbda3a4f58d') in 0.1054162 seconds [static and dynamic dependencies]. Details - ImportResultOutputID=a1a7976b7b9e64b717fdd177c419ddb6 DependenciesID=f76229ca2dacde67adac2b38b131af81 StaticDependenciesID=14c40c1f284bd1a7fb9932ac0b484019 
Number of updated asset objects reloaded before import = 0Number of asset objects unloaded after import = 13

========================================================================
Received Import Request.
  Time since last request: 0.000072 seconds.
  path: Assets/PolygonFantasyKingdom/Prefabs/House/SM_Bld_House_Wall_Window_04.prefab
  importAddress: Guid(9849067d11a792c47b769b2fbd843387) Importer(815301076,1909f56bfc062723c751e8b465ee728b)
Start importing Assets/PolygonFantasyKingdom/Prefabs/House/SM_Bld_House_Wall_Window_04.prefab using Guid(9849067d11a792c47b769b2fbd843387) Importer(815301076,1909f56bfc062723c751e8b465ee728b) (PreviewImporter) -> (Import Result ID: '282fbfd788e4ba7fb4cc97727286e960') in 0.1044598 seconds [static and dynamic dependencies]. Details - ImportResultOutputID=c85f2948acab75daa15df51d38ec24c3 DependenciesID=eed71d78ff9bbef3ec36c1ed607edb8d StaticDependenciesID=1db6b2933ef42709dd7902172175f92d 
Number of updated asset objects reloaded before import = 0Number of asset objects unloaded after import = 23

========================================================================
Received Import Request.
  Time since last request: 0.000054 seconds.
  path: Assets/PolygonFantasyKingdom/Prefabs/House/SM_Bld_House_Wall_Window_02.prefab
  importAddress: Guid(d5715c6a27c7fca478863e228473eac9) Importer(815301076,1909f56bfc062723c751e8b465ee728b)
Start importing Assets/PolygonFantasyKingdom/Prefabs/House/SM_Bld_House_Wall_Window_02.prefab using Guid(d5715c6a27c7fca478863e228473eac9) Importer(815301076,1909f56bfc062723c751e8b465ee728b) (PreviewImporter) -> (Import Result ID: '584eb4ce3698c63bf8e17528607a629c') in 0.0809317 seconds [static and dynamic dependencies]. Details - ImportResultOutputID=6f180a6e05e627883c6e1784ce91ec4e DependenciesID=6748248e8d7e503ff04159f21ed287e0 StaticDependenciesID=2682498c5ec1a6a6df579f6844314fd8 
Number of updated asset objects reloaded before import = 0Number of asset objects unloaded after import = 29

========================================================================
Received Import Request.
  Time since last request: 0.184852 seconds.
  path: Assets/PolygonFantasyKingdom/Prefabs/House/SM_Bld_House_Wall_WindowBox_03.prefab
  importAddress: Guid(995283bdfe4d63849b9a3b23475c39b6) Importer(815301076,1909f56bfc062723c751e8b465ee728b)
Start importing Assets/PolygonFantasyKingdom/Prefabs/House/SM_Bld_House_Wall_WindowBox_03.prefab using Guid(995283bdfe4d63849b9a3b23475c39b6) Importer(815301076,1909f56bfc062723c751e8b465ee728b) (PreviewImporter) -> (Import Result ID: '1486d555255bb0619b709e3833ba64bf') in 0.1194639 seconds [static and dynamic dependencies]. Details - ImportResultOutputID=3cc18644f84b53b9fc7c1cb19558dd49 DependenciesID=9bd21a18a33e178f439e8a8d0867ed69 StaticDependenciesID=9d8f1448832e1598f8a18dceaf2fbc3a 
Number of updated asset objects reloaded before import = 0Number of asset objects unloaded after import = 19

========================================================================
Received Import Request.
  Time since last request: 0.000043 seconds.
  path: Assets/PolygonFantasyKingdom/Prefabs/House/SM_Bld_House_Wall_WindowBox_05.prefab
  importAddress: Guid(9e9196d13af6b84428886f55783351bd) Importer(815301076,1909f56bfc062723c751e8b465ee728b)
Start importing Assets/PolygonFantasyKingdom/Prefabs/House/SM_Bld_House_Wall_WindowBox_05.prefab using Guid(9e9196d13af6b84428886f55783351bd) Importer(815301076,1909f56bfc062723c751e8b465ee728b) (PreviewImporter) -> (Import Result ID: '4b748f4dcddf673667aeec5820a9789d') in 0.1059403 seconds [static and dynamic dependencies]. Details - ImportResultOutputID=095514d1bd6738bf9e98d95170b680a3 DependenciesID=0a05e36b7bbc578fa381beee5b12faa6 StaticDependenciesID=02ae4b701cde879aca43033c78c84279 
Number of updated asset objects reloaded before import = 0Number of asset objects unloaded after import = 19

========================================================================
Received Import Request.
  Time since last request: 0.268084 seconds.
  path: Assets/PolygonFantasyKingdom/Prefabs/House/SM_Bld_House_WoodBeam_03.prefab
  importAddress: Guid(b9b57ea163fea7345b87ce08eba5f19f) Importer(815301076,1909f56bfc062723c751e8b465ee728b)
Start importing Assets/PolygonFantasyKingdom/Prefabs/House/SM_Bld_House_WoodBeam_03.prefab using Guid(b9b57ea163fea7345b87ce08eba5f19f) Importer(815301076,1909f56bfc062723c751e8b465ee728b) (PreviewImporter) -> (Import Result ID: '2e2925cfa1c8046d82faa3eaf21ebac5') in 0.1104843 seconds [static and dynamic dependencies]. Details - ImportResultOutputID=3c0c26365f1c9821d40b908c4ab8027a DependenciesID=fcc645be6a96df033c7b5f054fc58649 StaticDependenciesID=b328e49e97ea2453c526aa489db09ac5 
Number of updated asset objects reloaded before import = 0Number of asset objects unloaded after import = 13

Editor requested this worker to shutdown with reason: Scaling down because of idle timeout
AssetImportWorker is now disconnected from the server
Process exiting
Exiting without the bug reporter. Application will terminate with return code 0