[Licensing::Module] Trying to connect to existing licensing client channel...
Built from '6000.4/staging' branch; Version is '6000.4.10f1 (feeafc12a938) revision 16706300'; Using compiler version '194234433'; Build Type 'Release'
OS: 'Windows 11  (10.0.22631) Core' Language: 'en' Physical Memory: 131008 MB
BatchMode: 1, IsHumanControllingUs: 0, StartBugReporterOnCrash: 0, Is64bit: 1
System  architecture: x64
Process architecture: x64
Date: 2026-09-12T05:26:05Z
[Licensing::IpcConnector] Successfully connected to: "LicenseClient-chris" at "2026-09-12T05:26:05.675134Z"
[Licensing::Client] Code 10 while verifying Licensing Client signature (process Id: 22500, path: "C:/Program Files/Unity Hub/UnityLicensingClient_V1/Unity.Licensing.Client.exe")
[Licensing::Module] LicensingClient has failed validation; ignoring
[Licensing::Client] Handshaking with LicensingClient:
  Version:                 1.18.3+d7ffd15
  Session Id:              f16c009a9a354dce9565ab45d6845a4b
  Correlation Id:          c15c83ef5a1edf8863b4ce8fd5f5aa8c
  External correlation Id: 6636370593922440587
  Machine Id:              fb+P/jlz4SyzpK/HkmqBMP/8Svc=
[Licensing::Module] Successfully connected to LicensingClient on channel: "LicenseClient-chris" (connect: 0.00s, validation: 0.00s, handshake: 0.07s)
[Licensing::IpcConnector] Successfully connected to: "LicenseClient-chris-notifications" at "2026-09-12T05:26:05.751941Z"
[Licensing::Module] Licensing Background thread has ended after 0.08s

COMMAND LINE ARGUMENTS:
C:\Program Files\Unity\Hub\Editor\6000.4.10f1\Editor\Unity.exe
-adb2
-batchMode
-noUpm
-name
AssetImportWorker8
-projectPath
E:/VSCodeProjects/Repos/MuckedUp
-logFile
Logs/AssetImportWorker8.log
-srvPort
43047
-licensingIpc
LicenseClient-chris
-force-d3d12
-job-worker-count
7
-background-job-worker-count
8
-gc-helper-count
1
-name
AssetImport
Successfully changed project path to: E:/VSCodeProjects/Repos/MuckedUp
E:/VSCodeProjects/Repos/MuckedUp
[UnityMemory] Configuration Parameters - Can be set up in boot.config
    "memorysetup-temp-allocator-size-gi-baking-worker=262144"
    "memorysetup-temp-allocator-size-gi-baking-worker=262144"
    "memorysetup-temp-allocator-size-gi-baking-worker=262144"
    "memorysetup-temp-allocator-size-gi-baking-worker=262144"
    "memorysetup-temp-allocator-size-gi-baking-worker=262144"
    "memorysetup-temp-allocator-size-nav-mesh-worker=65536"
    "memorysetup-temp-allocator-size-audio-worker=65536"
    "memorysetup-temp-allocator-size-cloud-worker=32768"
    "memorysetup-temp-allocator-size-gfx=262144"
    "memorysetup-temp-allocator-size-preload-manager=33554432"
    "memorysetup-temp-allocator-size-job-worker=262144"
    "memorysetup-temp-allocator-size-background-worker=32768"
    "memorysetup-allocator-temp-initial-block-size-main=262144"
    "memorysetup-allocator-temp-initial-block-size-worker=262144"
    "memorysetup-bucket-allocator-granularity=16"
    "memorysetup-bucket-allocator-bucket-count=8"
    "memorysetup-bucket-allocator-block-size=33554432"
    "memorysetup-bucket-allocator-block-count=8"
    "memorysetup-main-allocator-block-size=16777216"
    "memorysetup-thread-allocator-block-size=16777216"
    "memorysetup-gfx-main-allocator-block-size=16777216"
    "memorysetup-gfx-thread-allocator-block-size=16777216"
    "memorysetup-cache-allocator-block-size=4194304"
    "memorysetup-typetree-allocator-block-size=2097152"
    "memorysetup-profiler-bucket-allocator-granularity=16"
    "memorysetup-profiler-bucket-allocator-bucket-count=8"
    "memorysetup-profiler-bucket-allocator-block-size=33554432"
    "memorysetup-profiler-bucket-allocator-block-count=8"
    "memorysetup-profiler-allocator-block-size=16777216"
    "memorysetup-profiler-editor-allocator-block-size=1048576"
    "memorysetup-temp-allocator-size-main=16777216"
    "memorysetup-job-temp-allocator-block-size=2097152"
    "memorysetup-job-temp-allocator-block-size-background=1048576"
    "memorysetup-job-temp-allocator-reduction-small-platforms=262144"
Player connection [21976]  Target information:

Player connection [21976]  * "[IP] 192.168.4.25 [Port] 0 [Flags] 2 [Guid] 1843432570 [EditorId] 1843432570 [Version] 1048832 [Id] WindowsEditor(7,DESKTOP-UCUF6KM) [Debug] 1 [PackageName] WindowsEditor [ProjectName] Editor" 

Player connection [21976]  * "[IP] 192.168.56.1 [Port] 0 [Flags] 2 [Guid] 1843432570 [EditorId] 1843432570 [Version] 1048832 [Id] WindowsEditor(7,DESKTOP-UCUF6KM) [Debug] 1 [PackageName] WindowsEditor [ProjectName] Editor" 

Player connection [21976]  * "[IP] 169.254.123.165 [Port] 0 [Flags] 2 [Guid] 1843432570 [EditorId] 1843432570 [Version] 1048832 [Id] WindowsEditor(7,DESKTOP-UCUF6KM) [Debug] 1 [PackageName] WindowsEditor [ProjectName] Editor" 

Player connection [21976] Host joined multi-casting on [225.0.0.222:54997]...
Player connection [21976] Host joined alternative multi-casting on [225.0.0.222:34997]...
JobSystem: Creating JobQueue using job-worker-count value 7
Input System module state changed to: Initialized.
[Physics::Module] Initialized fallback backend.
[Physics::Module] Id: 0xdecafbad
Library Redirect Path: Library/
[Physics::Module] Selected backend.
[Physics::Module] Name: PhysX
[Physics::Module] Id: 0xf2b8ea05
[Physics::Module] SDK Version: 4.1.2
[Physics::Module] Integration Version: 1.0.0
[Physics::Module] Threading Mode: Multi-Threaded
Refreshing native plugins compatible for Editor in 14.14 ms, found 6 plugins.
Preloading 1 native plugins for Editor in 2.59 ms.
Initialize engine version: 6000.4.10f1 (feeafc12a938)
[Subsystems] Discovering subsystems at path C:/Program Files/Unity/Hub/Editor/6000.4.10f1/Editor/Data/Resources/UnitySubsystems
[Subsystems] Discovering subsystems at path E:/VSCodeProjects/Repos/MuckedUp/Assets
Forcing GfxDevice: Direct3D 12
GfxDevice: creating device client; kGfxThreadingModeNonThreaded
d3d12: failed to query info queue interface (0x80004002).
Direct3D:
    Version:         Direct3D 12 [level 12.2]
    Renderer:        NVIDIA GeForce RTX 2080 Ti (ID=0x1e07)
    Vendor:          NVIDIA
    VRAM:            11027 MB
    App VRAM Budget: 10259 MB
    Driver:          32.0.16.1047
Initialize mono
Mono path[0] = 'C:/Program Files/Unity/Hub/Editor/6000.4.10f1/Editor/Data/Managed'
Mono path[1] = 'C:/Program Files/Unity/Hub/Editor/6000.4.10f1/Editor/Data/MonoBleedingEdge/lib/mono/unityjit-win32'
Mono config path = 'C:/Program Files/Unity/Hub/Editor/6000.4.10f1/Editor/Data/MonoBleedingEdge/etc'
Using monoOptions --debugger-agent=transport=dt_socket,embedding=1,server=y,suspend=n,address=127.0.0.1:56692
CodeReloadManager initialized
Begin MonoManager ReloadAssembly
Registering precompiled unity dll's ...
Register platform support module: C:/Program Files/Unity/Hub/Editor/6000.4.10f1/Editor/Data/PlaybackEngines/WindowsStandaloneSupport/UnityEditor.WindowsStandalone.Extensions.dll
Registered in 0.004370 seconds.
Native extension for WindowsStandalone target not found
Package Manager log level set to [2]
[Package Manager] Failed to launch server process. Reason: Unity was launched with the -noUpm command-line argument
[Package Manager] Unable to send message (not connected to server process).
[Package Manager] Cannot connect to Unity Package Manager local server
ScheduleIndexationOnStartup MainProcess:False IndexOnStartup:True
Mono: successfully reloaded assembly
- Finished resetting the current domain, in  0.594 seconds
Domain Reload Profiling: 1302ms
	BeginReloadAssembly (218ms)
	RebuildCommonClasses (56ms)
	RebuildNativeTypeToScriptingClass (15ms)
	initialDomainReloadingComplete (116ms)
	LoadAllAssembliesAndSetupDomain (301ms)
		LoadAssemblies (203ms)
		AnalyzeDomain (289ms)
			TypeCache.Refresh (288ms)
				TypeCache.ScanAssembly (264ms)
	FinalizeReload (596ms)
		SetupLoadedEditorAssemblies (0ms)
			InitializePlatformSupportModulesInManaged (70ms)
			BeforeProcessingInitializeOnLoad (135ms)
			ProcessInitializeOnLoadAttributes (157ms)
			ProcessInitializeOnLoadMethodAttributes (111ms)
========================================================================
Worker process is ready to serve import requests
Import Worker Mode flag is 0x00
Begin MonoManager ReloadAssembly
[Licensing::Client] Successfully resolved entitlement details
[Licensing::Module] License group:
  Id: 1374564138397-UnityPersXXXX
  Product: Unity Personal
  Type: Assigned
  Expiration: Unlimited
Assembly Assembly-CSharp-Editor-firstpass.dll at Library/ScriptAssemblies/Assembly-CSharp-Editor-firstpass.dll not valid. Loading of assembly skipped.
Assembly Assembly-CSharp-firstpass.dll at Library/ScriptAssemblies/Assembly-CSharp-firstpass.dll not valid. Loading of assembly skipped.
Assembly DocCodeExamples.dll at Library/ScriptAssemblies/DocCodeExamples.dll not valid. Loading of assembly skipped.
Assembly GdkToolsEditModeTests.dll at Library/ScriptAssemblies/GdkToolsEditModeTests.dll not valid. Loading of assembly skipped.
Assembly TestNewCustomAssembly.dll at Library/ScriptAssemblies/TestNewCustomAssembly.dll not valid. Loading of assembly skipped.
Assembly Unity.2D.Sprite.Package.EditorTests.dll at Library/ScriptAssemblies/Unity.2D.Sprite.Package.EditorTests.dll not valid. Loading of assembly skipped.
Assembly Unity.2D.Tilemap.Package.EditorTests.dll at Library/ScriptAssemblies/Unity.2D.Tilemap.Package.EditorTests.dll not valid. Loading of assembly skipped.
Assembly Unity.AI.Assistant.Integrations.Sample.Editor.dll at Library/ScriptAssemblies/Unity.AI.Assistant.Integrations.Sample.Editor.dll not valid. Loading of assembly skipped.
Assembly Unity.Analytics.DataPrivacy.Tests.dll at Library/ScriptAssemblies/Unity.Analytics.DataPrivacy.Tests.dll not valid. Loading of assembly skipped.
Assembly Unity.Analytics.StandardEvents.EditorTests.dll at Library/ScriptAssemblies/Unity.Analytics.StandardEvents.EditorTests.dll not valid. Loading of assembly skipped.
Assembly Unity.AppUI.Editor.Tests.dll at Library/ScriptAssemblies/Unity.AppUI.Editor.Tests.dll not valid. Loading of assembly skipped.
Assembly Unity.AppUI.Tests.dll at Library/ScriptAssemblies/Unity.AppUI.Tests.dll not valid. Loading of assembly skipped.
Assembly Unity.Collections.BurstCompatibilityGen.dll at Library/ScriptAssemblies/Unity.Collections.BurstCompatibilityGen.dll not valid. Loading of assembly skipped.
Assembly Unity.Collections.DocCodeSamples.dll at Library/ScriptAssemblies/Unity.Collections.DocCodeSamples.dll not valid. Loading of assembly skipped.
Assembly Unity.Collections.PerformanceTests.dll at Library/ScriptAssemblies/Unity.Collections.PerformanceTests.dll not valid. Loading of assembly skipped.
Assembly Unity.Collections.Tests.dll at Library/ScriptAssemblies/Unity.Collections.Tests.dll not valid. Loading of assembly skipped.
Assembly Unity.Collections.Tests.Playmode.dll at Library/ScriptAssemblies/Unity.Collections.Tests.Playmode.dll not valid. Loading of assembly skipped.
Assembly Unity.Mathematics.Tests.dll at Library/ScriptAssemblies/Unity.Mathematics.Tests.dll not valid. Loading of assembly skipped.
Assembly Unity.Microsoft.GDK.Discovery.EditModeTests.dll at Library/ScriptAssemblies/Unity.Microsoft.GDK.Discovery.EditModeTests.dll not valid. Loading of assembly skipped.
Assembly Unity.Microsoft.GDK.Tests.dll at Library/ScriptAssemblies/Unity.Microsoft.GDK.Tests.dll not valid. Loading of assembly skipped.
Assembly Unity.Multiplayer.Center.Editor.Tests.dll at Library/ScriptAssemblies/Unity.Multiplayer.Center.Editor.Tests.dll not valid. Loading of assembly skipped.
Assembly Unity.Multiplayer.Center.Tests.dll at Library/ScriptAssemblies/Unity.Multiplayer.Center.Tests.dll not valid. Loading of assembly skipped.
Assembly Unity.Nuget.Mono-Cecil.dll at Library/ScriptAssemblies/Unity.Nuget.Mono-Cecil.dll not valid. Loading of assembly skipped.
Assembly Unity.Postprocessing.Editor.Tests.dll at Library/ScriptAssemblies/Unity.Postprocessing.Editor.Tests.dll not valid. Loading of assembly skipped.
Assembly Unity.Postprocessing.Runtime.Tests.dll at Library/ScriptAssemblies/Unity.Postprocessing.Runtime.Tests.dll not valid. Loading of assembly skipped.
Assembly Unity.Purchasing.Apple.dll at Library/ScriptAssemblies/Unity.Purchasing.Apple.dll not valid. Loading of assembly skipped.
Assembly Unity.Purchasing.AppleMacos.dll at Library/ScriptAssemblies/Unity.Purchasing.AppleMacos.dll not valid. Loading of assembly skipped.
Assembly Unity.Purchasing.Security.dll at Library/ScriptAssemblies/Unity.Purchasing.Security.dll not valid. Loading of assembly skipped.
Assembly Unity.Purchasing.TransactionVerifier.dll at Library/ScriptAssemblies/Unity.Purchasing.TransactionVerifier.dll not valid. Loading of assembly skipped.
Assembly Unity.TextMeshPro.Editor.Tests.dll at Library/ScriptAssemblies/Unity.TextMeshPro.Editor.Tests.dll not valid. Loading of assembly skipped.
Assembly Unity.TextMeshPro.Tests.dll at Library/ScriptAssemblies/Unity.TextMeshPro.Tests.dll not valid. Loading of assembly skipped.
Assembly UnityEditor.Purchasing.Authoring.dll at Library/ScriptAssemblies/UnityEditor.Purchasing.Authoring.dll not valid. Loading of assembly skipped.
Assembly UnityEditor.Purchasing.Editor.Authoring.Core.dll at Library/ScriptAssemblies/UnityEditor.Purchasing.Editor.Authoring.Core.dll not valid. Loading of assembly skipped.
Assembly UnityEditor.UI.Common.Tests.dll at Library/ScriptAssemblies/UnityEditor.UI.Common.Tests.dll not valid. Loading of assembly skipped.
Assembly UnityEditor.UI.EditorTests.dll at Library/ScriptAssemblies/UnityEditor.UI.EditorTests.dll not valid. Loading of assembly skipped.
Assembly UnityEditor.XR.LegacyInputHelpers.Tests.dll at Library/ScriptAssemblies/UnityEditor.XR.LegacyInputHelpers.Tests.dll not valid. Loading of assembly skipped.
Assembly UnityEngine.Advertisements.Editor.Tests.dll at Library/ScriptAssemblies/UnityEngine.Advertisements.Editor.Tests.dll not valid. Loading of assembly skipped.
Assembly UnityEngine.Advertisements.Tests.dll at Library/ScriptAssemblies/UnityEngine.Advertisements.Tests.dll not valid. Loading of assembly skipped.
Assembly UnityEngine.SpatialTracking.Tests.dll at Library/ScriptAssemblies/UnityEngine.SpatialTracking.Tests.dll not valid. Loading of assembly skipped.
Assembly UnityEngine.UI.Tests.dll at Library/ScriptAssemblies/UnityEngine.UI.Tests.dll not valid. Loading of assembly skipped.
Symbol file LoadedFromMemory is not a mono symbol file
Symbol file LoadedFromMemory is not a mono symbol file
Refreshing native plugins compatible for Editor in 11.55 ms, found 6 plugins.
Native extension for WindowsStandalone target not found
[Package Manager] Failed to launch server process. Reason: Unity was launched with the -noUpm command-line argument
[Package Manager] Unable to send message (not connected to server process).
[Package Manager] Cannot connect to Unity Package Manager local server
Refreshing native plugins compatible for Editor in 13.55 ms, found 6 plugins.
[Package Manager] Failed to launch server process. Reason: Unity was launched with the -noUpm command-line argument
[Package Manager] Unable to send message (not connected to server process).
[Package Manager] Cannot connect to Unity Package Manager local server
[Licensing::Client] Error: Code 404 while processing request (status: Found 0 entitlement groups and 0 free entitlements matching requested entitlement ids)
ScheduleIndexationOnStartup MainProcess:False IndexOnStartup:True
Mono: successfully reloaded assembly
- Finished resetting the current domain, in  2.673 seconds
Domain Reload Profiling: 4294ms
	BeginReloadAssembly (321ms)
		DisableScriptedObjects (9ms)
		CreateAndSetChildDomain (46ms)
	RebuildCommonClasses (55ms)
	RebuildNativeTypeToScriptingClass (17ms)
	initialDomainReloadingComplete (173ms)
	LoadAllAssembliesAndSetupDomain (1055ms)
		LoadAssemblies (628ms)
		AnalyzeDomain (611ms)
			TypeCache.Refresh (482ms)
				TypeCache.ScanAssembly (446ms)
			BuildScriptInfoCaches (119ms)
			ResolveRequiredComponents (8ms)
	FinalizeReload (2673ms)
		SetupLoadedEditorAssemblies (0ms)
			InitializePlatformSupportModulesInManaged (3ms)
			BeforeProcessingInitializeOnLoad (322ms)
			ProcessInitializeOnLoadAttributes (1729ms)
			ProcessInitializeOnLoadMethodAttributes (401ms)
			AfterProcessingInitializeOnLoad (20ms)
		AwakeInstancesAfterBackupRestoration (7ms)
Launched and connected shader compiler UnityShaderCompiler.exe after 0.03 seconds
Refreshing native plugins compatible for Editor in 12.36 ms, found 6 plugins.
Unloading 57 Unused Serialized files (Serialized files now loaded: 0)
Unloading 9062 unused Assets / (19.6 MB). Loaded Objects now: 9645.
Memory consumption went from 194.5 MB to 174.9 MB.
Total: 26.145300 ms (FindLiveObjects: 1.586600 ms CreateObjectMapping: 2.122300 ms MarkObjects: 15.876000 ms  DeleteObjects: 6.558000 ms)

========================================================================
Received Import Request.
  Time since last request: 29454.299932 seconds.
  path: Assets/Vehicles/Prefabs/Banana.prefab
  importAddress: Guid(59f559aa55e48674ab4f57e4ebfe5f94) Importer(815301076,1909f56bfc062723c751e8b465ee728b)
Start importing Assets/Vehicles/Prefabs/Banana.prefab using Guid(59f559aa55e48674ab4f57e4ebfe5f94) Importer(815301076,1909f56bfc062723c751e8b465ee728b) (PreviewImporter) -> (Import Result ID: 'c3d6054d50afc7d2cf221657bdb57256') in 0.4113177 seconds [static and dynamic dependencies]. Details - ImportResultOutputID=a583c35500ef9edd10673148d3b25dd0 DependenciesID=0135d390d745a75450299643d4b4a395 StaticDependenciesID=883ee1fbbbc8125de1cc12fd52c08f9a 
Number of updated asset objects reloaded before import = 0Number of asset objects unloaded after import = 341

========================================================================
Received Import Request.
  Time since last request: 0.000073 seconds.
  path: Assets/PolygonFantasyKingdom/Prefabs/FX_Prefabs/FX_Arrow_Barrage_Small_01.prefab
  importAddress: Guid(9840b47138bfcc646b7c0cc6dec8b31d) Importer(815301076,1909f56bfc062723c751e8b465ee728b)
Start importing Assets/PolygonFantasyKingdom/Prefabs/FX_Prefabs/FX_Arrow_Barrage_Small_01.prefab using Guid(9840b47138bfcc646b7c0cc6dec8b31d) Importer(815301076,1909f56bfc062723c751e8b465ee728b) (PreviewImporter) -> (Import Result ID: '82504a6f2be080a515f81a6bfa2c0caf') in 0.0623559 seconds [static and dynamic dependencies]. Details - ImportResultOutputID=e642562d0d70a455df9a9ae574243e4a DependenciesID=f077b24683b86cba90bf8b154429b7bb StaticDependenciesID=78dd2b2fe83d4c16d36ad8078090d866 
Number of updated asset objects reloaded before import = 0Number of asset objects unloaded after import = 17

========================================================================
Received Import Request.
  Time since last request: 0.000046 seconds.
  path: Assets/PolygonFantasyKingdom/Prefabs/FX_Prefabs/FX_Dust_Small_01.prefab
  importAddress: Guid(24968bc268c2c174e9b7abebc0a1a80d) Importer(815301076,1909f56bfc062723c751e8b465ee728b)
Start importing Assets/PolygonFantasyKingdom/Prefabs/FX_Prefabs/FX_Dust_Small_01.prefab using Guid(24968bc268c2c174e9b7abebc0a1a80d) Importer(815301076,1909f56bfc062723c751e8b465ee728b) (PreviewImporter) -> (Import Result ID: '8461690d0140dcebc1d60228f1f1f17b') in 0.0180201 seconds [static and dynamic dependencies]. Details - ImportResultOutputID=b04bc97d9fd648810f1d0b599148acfe DependenciesID=40ef1d35ee7d0f6010702889d504ab14 StaticDependenciesID=90b6ba6bf3755bc2e7257a789795a079 
Number of updated asset objects reloaded before import = 0Number of asset objects unloaded after import = 8

========================================================================
Received Import Request.
  Time since last request: 0.000031 seconds.
  path: Assets/PolygonFantasyKingdom/Prefabs/FX_Prefabs/FX_Catapult_Single_01.prefab
  importAddress: Guid(6068794fe4ebb9f4aa22ef6c9d7c0f7a) Importer(815301076,1909f56bfc062723c751e8b465ee728b)
Start importing Assets/PolygonFantasyKingdom/Prefabs/FX_Prefabs/FX_Catapult_Single_01.prefab using Guid(6068794fe4ebb9f4aa22ef6c9d7c0f7a) Importer(815301076,1909f56bfc062723c751e8b465ee728b) (PreviewImporter) -> (Import Result ID: 'd96bfb5c052bff2bc3dc331a882470de') in 0.2408489 seconds [static and dynamic dependencies]. Details - ImportResultOutputID=a013b54cd65d963bebe8da525b2c243e DependenciesID=45963faed918257c5e21c31002162365 StaticDependenciesID=8af895f584ccca9edeb9099e144667ca 
Number of updated asset objects reloaded before import = 0Number of asset objects unloaded after import = 27

========================================================================
Received Import Request.
  Time since last request: 0.081406 seconds.
  path: Assets/PolygonFantasyKingdom/Prefabs/Generic/SM_Generic_Small_Rocks_01.prefab
  importAddress: Guid(f089fdfc61cbf934f96e05119a0a693f) Importer(815301076,1909f56bfc062723c751e8b465ee728b)
Start importing Assets/PolygonFantasyKingdom/Prefabs/Generic/SM_Generic_Small_Rocks_01.prefab using Guid(f089fdfc61cbf934f96e05119a0a693f) Importer(815301076,1909f56bfc062723c751e8b465ee728b) (PreviewImporter) -> (Import Result ID: '16f24784170202a98318376f4574a0c3') in 0.0704276 seconds [static and dynamic dependencies]. Details - ImportResultOutputID=ae8c30fab62f7518aa9154f6439593aa DependenciesID=0c5d70b404755e42135414344fe1057a StaticDependenciesID=fc0913b1cf4bcc69b16d786ef796bf72 
Number of updated asset objects reloaded before import = 0Number of asset objects unloaded after import = 11

========================================================================
Received Import Request.
  Time since last request: 0.000036 seconds.
  path: Assets/PolygonFantasyKingdom/Prefabs/Props/Paths/SM_Prop_Path_Rock_04.prefab
  importAddress: Guid(f516405f96a192040ac499e39c4aeaf9) Importer(815301076,1909f56bfc062723c751e8b465ee728b)
Start importing Assets/PolygonFantasyKingdom/Prefabs/Props/Paths/SM_Prop_Path_Rock_04.prefab using Guid(f516405f96a192040ac499e39c4aeaf9) Importer(815301076,1909f56bfc062723c751e8b465ee728b) (PreviewImporter) -> (Import Result ID: 'e43669eb6245fc2a816571a049903a1b') in 0.0747837 seconds [static and dynamic dependencies]. Details - ImportResultOutputID=01154ce738295e566cebaaa88a9223ef DependenciesID=1ce588325133d10b9a87ad27ea8a8bf2 StaticDependenciesID=4bf1705820acc1166648eaddcd3f2afa 
Number of updated asset objects reloaded before import = 0Number of asset objects unloaded after import = 11

========================================================================
Received Import Request.
  Time since last request: 0.000043 seconds.
  path: Assets/PrefabInstance/TitanRockRoll.prefab
  importAddress: Guid(ac667184ab159ce4a97cce85a2595371) Importer(815301076,1909f56bfc062723c751e8b465ee728b)
Start importing Assets/PrefabInstance/TitanRockRoll.prefab using Guid(ac667184ab159ce4a97cce85a2595371) Importer(815301076,1909f56bfc062723c751e8b465ee728b) (PreviewImporter) -> (Import Result ID: 'c72233c1b1166e658bff8be03ce8f3fa') in 0.0392317 seconds [static and dynamic dependencies]. Details - ImportResultOutputID=52742ac81e31fadb2bd09a247cfe3624 DependenciesID=03f1ac203ec59a9e749ac530c1b8a01c StaticDependenciesID=efe2a53777dc3866c882bea8a416835a 
Number of updated asset objects reloaded before import = 0Number of asset objects unloaded after import = 81

========================================================================
Received Import Request.
  Time since last request: 0.000039 seconds.
  path: Assets/PolygonFantasyKingdom/Prefabs/Props/Paths/SM_Prop_Path_Rock_Group_02.prefab
  importAddress: Guid(ff3af49199b5ea74f895ca4707dd9330) Importer(815301076,1909f56bfc062723c751e8b465ee728b)
Start importing Assets/PolygonFantasyKingdom/Prefabs/Props/Paths/SM_Prop_Path_Rock_Group_02.prefab using Guid(ff3af49199b5ea74f895ca4707dd9330) Importer(815301076,1909f56bfc062723c751e8b465ee728b) (PreviewImporter) -> (Import Result ID: '1f2ce80d5496d32224528117d907ba44') in 0.0544964 seconds [static and dynamic dependencies]. Details - ImportResultOutputID=66cd98acd9fb78181482d28d892231a3 DependenciesID=3497530aaec2f598ad47ddce3c4ee926 StaticDependenciesID=78a729daf8eea4972fcac7c324370a70 
Number of updated asset objects reloaded before import = 0Number of asset objects unloaded after import = 11

========================================================================
Received Import Request.
  Time since last request: 11.846836 seconds.
  path: Assets/PrefabInstance/Rock.prefab
  importAddress: Guid(7f035955981b8954a92b639177837e75) Importer(815301076,1909f56bfc062723c751e8b465ee728b)
Start importing Assets/PrefabInstance/Rock.prefab using Guid(7f035955981b8954a92b639177837e75) Importer(815301076,1909f56bfc062723c751e8b465ee728b) (PreviewImporter) -> (Import Result ID: '94141f86f922e10cdba022dca19282e6') in 0.0881183 seconds [static and dynamic dependencies]. Details - ImportResultOutputID=2241c5b8f652eb46a6c6f69adab2a243 DependenciesID=35a4f1672c2025b6d0aadb90cd85bc27 StaticDependenciesID=cc7b2b2c2827b3ecec8190e9c3586af5 
Number of updated asset objects reloaded before import = 0Number of asset objects unloaded after import = 118

========================================================================
Received Import Request.
  Time since last request: 1.893842 seconds.
  path: Assets/PrefabInstance/Rock.prefab
  importAddress: Guid(7f035955981b8954a92b639177837e75) Importer(815301076,1909f56bfc062723c751e8b465ee728b)
Start importing Assets/PrefabInstance/Rock.prefab using Guid(7f035955981b8954a92b639177837e75) Importer(815301076,1909f56bfc062723c751e8b465ee728b) (PreviewImporter) -> (Import Result ID: '3a24ce8ae1b71d95506ca38f663cfe89') in 0.0816346 seconds [static and dynamic dependencies]. Details - ImportResultOutputID=0a20183f75c36831f5fd2c0104c7a45c DependenciesID=b66cdd57e6ba78bab80d82fa0cd29cc5 StaticDependenciesID=467678d1ef09b6b0cf926ea247ea0a3a 
Number of updated asset objects reloaded before import = 0Number of asset objects unloaded after import = 118

========================================================================
Received Import Request.
  Time since last request: 3.319269 seconds.
  path: Assets/PrefabInstance/Rock.prefab
  importAddress: Guid(7f035955981b8954a92b639177837e75) Importer(815301076,1909f56bfc062723c751e8b465ee728b)
Start importing Assets/PrefabInstance/Rock.prefab using Guid(7f035955981b8954a92b639177837e75) Importer(815301076,1909f56bfc062723c751e8b465ee728b) (PreviewImporter) -> (Import Result ID: 'eae89554acfa33b83a660be78c4c7d61') in 0.0524844 seconds [static and dynamic dependencies]. Details - ImportResultOutputID=f969de4953aebe505cef02cbe99a537c DependenciesID=39c79da89f028cfe9cc091f5e3f469f5 StaticDependenciesID=03344d5d031edb30a3d84423200cc672 
Number of updated asset objects reloaded before import = 0Number of asset objects unloaded after import = 101

========================================================================
Received Import Request.
  Time since last request: 7.958713 seconds.
  path: Assets/PrefabInstance/Rock.prefab
  importAddress: Guid(7f035955981b8954a92b639177837e75) Importer(815301076,1909f56bfc062723c751e8b465ee728b)
Start importing Assets/PrefabInstance/Rock.prefab using Guid(7f035955981b8954a92b639177837e75) Importer(815301076,1909f56bfc062723c751e8b465ee728b) (PreviewImporter) -> (Import Result ID: '84f04ab582028c79f698a944566812d6') in 0.096409 seconds [static and dynamic dependencies]. Details - ImportResultOutputID=4e1877db9f1f23fb4c2bb980c3d23ebe DependenciesID=387f6dd6dcbd45599ae125781ee4700a StaticDependenciesID=91e03ec279028c83dbeecd0193a251b1 
Number of updated asset objects reloaded before import = 0Number of asset objects unloaded after import = 118

========================================================================
Received Import Request.
  Time since last request: 5.499009 seconds.
  path: Assets/PrefabInstance/Rock.prefab
  importAddress: Guid(7f035955981b8954a92b639177837e75) Importer(815301076,1909f56bfc062723c751e8b465ee728b)
Start importing Assets/PrefabInstance/Rock.prefab using Guid(7f035955981b8954a92b639177837e75) Importer(815301076,1909f56bfc062723c751e8b465ee728b) (PreviewImporter) -> (Import Result ID: 'ea33465ef571b9ff2bd526abaf3f795f') in 0.1117732 seconds [static and dynamic dependencies]. Details - ImportResultOutputID=e34824283ac90a6d76df0dcce1ebebc6 DependenciesID=8bb2af8470a4a2253c133d33fa92970c StaticDependenciesID=d77f2dfd12b16208812151b6cb21d521 
Number of updated asset objects reloaded before import = 0Number of asset objects unloaded after import = 118

========================================================================
Received Import Request.
  Time since last request: 1.060634 seconds.
  path: Assets/PrefabInstance/Rock.prefab
  importAddress: Guid(7f035955981b8954a92b639177837e75) Importer(815301076,1909f56bfc062723c751e8b465ee728b)
Start importing Assets/PrefabInstance/Rock.prefab using Guid(7f035955981b8954a92b639177837e75) Importer(815301076,1909f56bfc062723c751e8b465ee728b) (PreviewImporter) -> (Import Result ID: '55c4a88a92413cbd0d531771da3392b9') in 0.0914163 seconds [static and dynamic dependencies]. Details - ImportResultOutputID=f969de4953aebe505cef02cbe99a537c DependenciesID=9a7eaa974a969b04207c042ca037fa0a StaticDependenciesID=bdefad59de807dc91f11c3ce9bf0dece 
Number of updated asset objects reloaded before import = 0Number of asset objects unloaded after import = 118

========================================================================
Received Import Request.
  Time since last request: 1.736869 seconds.
  path: Assets/PrefabInstance/Rock.prefab
  importAddress: Guid(7f035955981b8954a92b639177837e75) Importer(815301076,1909f56bfc062723c751e8b465ee728b)
Start importing Assets/PrefabInstance/Rock.prefab using Guid(7f035955981b8954a92b639177837e75) Importer(815301076,1909f56bfc062723c751e8b465ee728b) (PreviewImporter) -> (Import Result ID: '70658faea96122d6790c27f8b0b10d82') in 0.1097944 seconds [static and dynamic dependencies]. Details - ImportResultOutputID=73bbe9895c4c3d6808c87cb5019092ba DependenciesID=7824482d47745e72a836d27806b9cc48 StaticDependenciesID=60dd55e8bb56549c0e3e215d018998e9 
Number of updated asset objects reloaded before import = 0Number of asset objects unloaded after import = 118

========================================================================
Received Import Request.
  Time since last request: 0.871168 seconds.
  path: Assets/PrefabInstance/Rock.prefab
  importAddress: Guid(7f035955981b8954a92b639177837e75) Importer(815301076,1909f56bfc062723c751e8b465ee728b)
Start importing Assets/PrefabInstance/Rock.prefab using Guid(7f035955981b8954a92b639177837e75) Importer(815301076,1909f56bfc062723c751e8b465ee728b) (PreviewImporter) -> (Import Result ID: '2ee593323984c6bcee2d2e8f31403810') in 0.0824112 seconds [static and dynamic dependencies]. Details - ImportResultOutputID=19c3c7f0e146c42c9ff36b7e3c9c090c DependenciesID=dca0d86bbe98f53eadd9d7455831fad2 StaticDependenciesID=ee275957f3b7b8ae30b969418eca3258 
Number of updated asset objects reloaded before import = 0Number of asset objects unloaded after import = 118

========================================================================
Received Import Request.
  Time since last request: 2.767046 seconds.
  path: Assets/PrefabInstance/Rock.prefab
  importAddress: Guid(7f035955981b8954a92b639177837e75) Importer(815301076,1909f56bfc062723c751e8b465ee728b)
Start importing Assets/PrefabInstance/Rock.prefab using Guid(7f035955981b8954a92b639177837e75) Importer(815301076,1909f56bfc062723c751e8b465ee728b) (PreviewImporter) -> (Import Result ID: '4fcbc38ce4556fd98f89f68c76e83459') in 0.0902877 seconds [static and dynamic dependencies]. Details - ImportResultOutputID=cf12a6f43dbf015ebd386488c8901c8a DependenciesID=2f9030e28241bcee75968178dcb1a4b1 StaticDependenciesID=27677d7cbeb38f2858de8a19e678760f 
Number of updated asset objects reloaded before import = 0Number of asset objects unloaded after import = 118

========================================================================
Received Import Request.
  Time since last request: 1.937458 seconds.
  path: Assets/PrefabInstance/Rock.prefab
  importAddress: Guid(7f035955981b8954a92b639177837e75) Importer(815301076,1909f56bfc062723c751e8b465ee728b)
Start importing Assets/PrefabInstance/Rock.prefab using Guid(7f035955981b8954a92b639177837e75) Importer(815301076,1909f56bfc062723c751e8b465ee728b) (PreviewImporter) -> (Import Result ID: '09af19e867b500cc3a83ec14d91d3e28') in 0.1227475 seconds [static and dynamic dependencies]. Details - ImportResultOutputID=48b6e79e8d5c53d77f10864b3ea46a60 DependenciesID=ef97a3dae78b8f3e6a367fece3f8c89b StaticDependenciesID=a5e2dd55a1720e7109a6559473772ee0 
Number of updated asset objects reloaded before import = 0Number of asset objects unloaded after import = 118

========================================================================
Received Import Request.
  Time since last request: 3.313306 seconds.
  path: Assets/PrefabInstance/Rock.prefab
  importAddress: Guid(7f035955981b8954a92b639177837e75) Importer(815301076,1909f56bfc062723c751e8b465ee728b)
Start importing Assets/PrefabInstance/Rock.prefab using Guid(7f035955981b8954a92b639177837e75) Importer(815301076,1909f56bfc062723c751e8b465ee728b) (PreviewImporter) -> (Import Result ID: '2f7e7c286e6ce823a5a688f5f73a5ec2') in 0.1171983 seconds [static and dynamic dependencies]. Details - ImportResultOutputID=cec2503b88bb8b7f20ec9219a5031410 DependenciesID=2ed2aba7265be2e000b7d9e7754fa58e StaticDependenciesID=6fa56279055687ce0f05067cc3356235 
Number of updated asset objects reloaded before import = 0Number of asset objects unloaded after import = 118

========================================================================
Received Import Request.
  Time since last request: 2.229818 seconds.
  path: Assets/PrefabInstance/Rock.prefab
  importAddress: Guid(7f035955981b8954a92b639177837e75) Importer(815301076,1909f56bfc062723c751e8b465ee728b)
Start importing Assets/PrefabInstance/Rock.prefab using Guid(7f035955981b8954a92b639177837e75) Importer(815301076,1909f56bfc062723c751e8b465ee728b) (PreviewImporter) -> (Import Result ID: 'f37470e1535cf2d28da93267f1fc4eb6') in 0.1237313 seconds [static and dynamic dependencies]. Details - ImportResultOutputID=0b92b83924af7ed6c882ccbcc7c14dca DependenciesID=2d8a5b89e14301a1e1e000edb7852f81 StaticDependenciesID=56176940b2ce5729be71fc0d2729c62c 
Number of updated asset objects reloaded before import = 0Number of asset objects unloaded after import = 118

========================================================================
Received Import Request.
  Time since last request: 4.480506 seconds.
  path: Assets/PrefabInstance/Rock.prefab
  importAddress: Guid(7f035955981b8954a92b639177837e75) Importer(815301076,1909f56bfc062723c751e8b465ee728b)
Start importing Assets/PrefabInstance/Rock.prefab using Guid(7f035955981b8954a92b639177837e75) Importer(815301076,1909f56bfc062723c751e8b465ee728b) (PreviewImporter) -> (Import Result ID: 'ab8b9c5d6e82f04c5720cf36d5715b2f') in 0.1271332 seconds [static and dynamic dependencies]. Details - ImportResultOutputID=c5af8292273e407f8ea0b8014c904758 DependenciesID=f03dad59a15c2da7f2b7539ff016f0b2 StaticDependenciesID=b78b1f09ef4f82d75bb6c2a42debc463 
Number of updated asset objects reloaded before import = 0Number of asset objects unloaded after import = 118

========================================================================
Received Import Request.
  Time since last request: 16.476531 seconds.
  path: Assets/PrefabInstance/Rock.prefab
  importAddress: Guid(7f035955981b8954a92b639177837e75) Importer(815301076,1909f56bfc062723c751e8b465ee728b)
Start importing Assets/PrefabInstance/Rock.prefab using Guid(7f035955981b8954a92b639177837e75) Importer(815301076,1909f56bfc062723c751e8b465ee728b) (PreviewImporter) -> (Import Result ID: '9365c32b4af7682b9deefa9fbd3fa728') in 0.1067482 seconds [static and dynamic dependencies]. Details - ImportResultOutputID=c5af8292273e407f8ea0b8014c904758 DependenciesID=cb7310002b6f1c4f799e79a852b201ac StaticDependenciesID=3d07220aee66733e59695fe48a6cbb66 
Number of updated asset objects reloaded before import = 0Number of asset objects unloaded after import = 118

========================================================================
Received Import Request.
  Time since last request: 4.328277 seconds.
  path: Assets/PrefabInstance/Rock.prefab
  importAddress: Guid(7f035955981b8954a92b639177837e75) Importer(815301076,1909f56bfc062723c751e8b465ee728b)
Start importing Assets/PrefabInstance/Rock.prefab using Guid(7f035955981b8954a92b639177837e75) Importer(815301076,1909f56bfc062723c751e8b465ee728b) (PreviewImporter) -> (Import Result ID: 'd8c6ef178e6db64aa59f1b29e1344895') in 0.1310552 seconds [static and dynamic dependencies]. Details - ImportResultOutputID=c5af8292273e407f8ea0b8014c904758 DependenciesID=9c15e4d9c8fea2622491d020828702fe StaticDependenciesID=2710dcec77dc0c688c073fd5e6b534ce 
Number of updated asset objects reloaded before import = 0Number of asset objects unloaded after import = 118

========================================================================
Received Import Request.
  Time since last request: 2.081057 seconds.
  path: Assets/PrefabInstance/Rock.prefab
  importAddress: Guid(7f035955981b8954a92b639177837e75) Importer(815301076,1909f56bfc062723c751e8b465ee728b)
Start importing Assets/PrefabInstance/Rock.prefab using Guid(7f035955981b8954a92b639177837e75) Importer(815301076,1909f56bfc062723c751e8b465ee728b) (PreviewImporter) -> (Import Result ID: 'b02a9990a81271c0c5e53289bb8caa2d') in 0.1038943 seconds [static and dynamic dependencies]. Details - ImportResultOutputID=c5af8292273e407f8ea0b8014c904758 DependenciesID=d30ca6d90e0870c823128fb40bee8d95 StaticDependenciesID=8fc6b23d834a15ed85daeac187564e64 
Number of updated asset objects reloaded before import = 0Number of asset objects unloaded after import = 118

========================================================================
Received Import Request.
  Time since last request: 14.278336 seconds.
  path: Assets/PrefabInstance/Rock.prefab
  importAddress: Guid(7f035955981b8954a92b639177837e75) Importer(815301076,1909f56bfc062723c751e8b465ee728b)
Start importing Assets/PrefabInstance/Rock.prefab using Guid(7f035955981b8954a92b639177837e75) Importer(815301076,1909f56bfc062723c751e8b465ee728b) (PreviewImporter) -> (Import Result ID: 'ee117d455fa024d97fa62f803abcc390') in 0.1383918 seconds [static and dynamic dependencies]. Details - ImportResultOutputID=c5af8292273e407f8ea0b8014c904758 DependenciesID=73c36b4884bd10fc76ccbf770a1b23ec StaticDependenciesID=d5727c4f1d7b31e194d998f34bc0ba04 
Number of updated asset objects reloaded before import = 0Number of asset objects unloaded after import = 118

========================================================================
Received Import Request.
  Time since last request: 11.263302 seconds.
  path: Assets/PrefabInstance/Rock.prefab
  importAddress: Guid(7f035955981b8954a92b639177837e75) Importer(815301076,1909f56bfc062723c751e8b465ee728b)
Start importing Assets/PrefabInstance/Rock.prefab using Guid(7f035955981b8954a92b639177837e75) Importer(815301076,1909f56bfc062723c751e8b465ee728b) (PreviewImporter) -> (Import Result ID: '42a81d994d1d15678912d68966ae60ea') in 0.1401759 seconds [static and dynamic dependencies]. Details - ImportResultOutputID=c5af8292273e407f8ea0b8014c904758 DependenciesID=6449ac10dda54f95d9afbde001773347 StaticDependenciesID=1555341c7cc5effbabcab490847a86f2 
Number of updated asset objects reloaded before import = 0Number of asset objects unloaded after import = 118

========================================================================
Received Import Request.
  Time since last request: 2.683930 seconds.
  path: Assets/PrefabInstance/Rock.prefab
  importAddress: Guid(7f035955981b8954a92b639177837e75) Importer(815301076,1909f56bfc062723c751e8b465ee728b)
Start importing Assets/PrefabInstance/Rock.prefab using Guid(7f035955981b8954a92b639177837e75) Importer(815301076,1909f56bfc062723c751e8b465ee728b) (PreviewImporter) -> (Import Result ID: '313dde9b7cae8e51feb315f59011e708') in 0.1098666 seconds [static and dynamic dependencies]. Details - ImportResultOutputID=c5af8292273e407f8ea0b8014c904758 DependenciesID=69784cfbfec59ab6d49b7adf1db95ac5 StaticDependenciesID=63d30c271ccaae385b132171809d158a 
Number of updated asset objects reloaded before import = 0Number of asset objects unloaded after import = 118

========================================================================
Received Prepare
Begin MonoManager ReloadAssembly
[Licensing::Client] Successfully resolved entitlement details
Assembly Assembly-CSharp-Editor-firstpass.dll at Library/ScriptAssemblies/Assembly-CSharp-Editor-firstpass.dll not valid. Loading of assembly skipped.
Assembly Assembly-CSharp-firstpass.dll at Library/ScriptAssemblies/Assembly-CSharp-firstpass.dll not valid. Loading of assembly skipped.
Assembly DocCodeExamples.dll at Library/ScriptAssemblies/DocCodeExamples.dll not valid. Loading of assembly skipped.
Assembly GdkToolsEditModeTests.dll at Library/ScriptAssemblies/GdkToolsEditModeTests.dll not valid. Loading of assembly skipped.
Assembly TestNewCustomAssembly.dll at Library/ScriptAssemblies/TestNewCustomAssembly.dll not valid. Loading of assembly skipped.
Assembly Unity.2D.Sprite.Package.EditorTests.dll at Library/ScriptAssemblies/Unity.2D.Sprite.Package.EditorTests.dll not valid. Loading of assembly skipped.
Assembly Unity.2D.Tilemap.Package.EditorTests.dll at Library/ScriptAssemblies/Unity.2D.Tilemap.Package.EditorTests.dll not valid. Loading of assembly skipped.
Assembly Unity.AI.Assistant.Integrations.Sample.Editor.dll at Library/ScriptAssemblies/Unity.AI.Assistant.Integrations.Sample.Editor.dll not valid. Loading of assembly skipped.
Assembly Unity.Analytics.DataPrivacy.Tests.dll at Library/ScriptAssemblies/Unity.Analytics.DataPrivacy.Tests.dll not valid. Loading of assembly skipped.
Assembly Unity.Analytics.StandardEvents.EditorTests.dll at Library/ScriptAssemblies/Unity.Analytics.StandardEvents.EditorTests.dll not valid. Loading of assembly skipped.
Assembly Unity.AppUI.Editor.Tests.dll at Library/ScriptAssemblies/Unity.AppUI.Editor.Tests.dll not valid. Loading of assembly skipped.
Assembly Unity.AppUI.Tests.dll at Library/ScriptAssemblies/Unity.AppUI.Tests.dll not valid. Loading of assembly skipped.
Assembly Unity.Collections.BurstCompatibilityGen.dll at Library/ScriptAssemblies/Unity.Collections.BurstCompatibilityGen.dll not valid. Loading of assembly skipped.
Assembly Unity.Collections.DocCodeSamples.dll at Library/ScriptAssemblies/Unity.Collections.DocCodeSamples.dll not valid. Loading of assembly skipped.
Assembly Unity.Collections.PerformanceTests.dll at Library/ScriptAssemblies/Unity.Collections.PerformanceTests.dll not valid. Loading of assembly skipped.
Assembly Unity.Collections.Tests.dll at Library/ScriptAssemblies/Unity.Collections.Tests.dll not valid. Loading of assembly skipped.
Assembly Unity.Collections.Tests.Playmode.dll at Library/ScriptAssemblies/Unity.Collections.Tests.Playmode.dll not valid. Loading of assembly skipped.
Assembly Unity.Mathematics.Tests.dll at Library/ScriptAssemblies/Unity.Mathematics.Tests.dll not valid. Loading of assembly skipped.
Assembly Unity.Microsoft.GDK.Discovery.EditModeTests.dll at Library/ScriptAssemblies/Unity.Microsoft.GDK.Discovery.EditModeTests.dll not valid. Loading of assembly skipped.
Assembly Unity.Microsoft.GDK.Tests.dll at Library/ScriptAssemblies/Unity.Microsoft.GDK.Tests.dll not valid. Loading of assembly skipped.
Assembly Unity.Multiplayer.Center.Editor.Tests.dll at Library/ScriptAssemblies/Unity.Multiplayer.Center.Editor.Tests.dll not valid. Loading of assembly skipped.
Assembly Unity.Multiplayer.Center.Tests.dll at Library/ScriptAssemblies/Unity.Multiplayer.Center.Tests.dll not valid. Loading of assembly skipped.
Assembly Unity.Nuget.Mono-Cecil.dll at Library/ScriptAssemblies/Unity.Nuget.Mono-Cecil.dll not valid. Loading of assembly skipped.
Assembly Unity.Postprocessing.Editor.Tests.dll at Library/ScriptAssemblies/Unity.Postprocessing.Editor.Tests.dll not valid. Loading of assembly skipped.
Assembly Unity.Postprocessing.Runtime.Tests.dll at Library/ScriptAssemblies/Unity.Postprocessing.Runtime.Tests.dll not valid. Loading of assembly skipped.
Assembly Unity.Purchasing.Apple.dll at Library/ScriptAssemblies/Unity.Purchasing.Apple.dll not valid. Loading of assembly skipped.
Assembly Unity.Purchasing.AppleMacos.dll at Library/ScriptAssemblies/Unity.Purchasing.AppleMacos.dll not valid. Loading of assembly skipped.
Assembly Unity.Purchasing.Security.dll at Library/ScriptAssemblies/Unity.Purchasing.Security.dll not valid. Loading of assembly skipped.
Assembly Unity.Purchasing.TransactionVerifier.dll at Library/ScriptAssemblies/Unity.Purchasing.TransactionVerifier.dll not valid. Loading of assembly skipped.
Assembly Unity.TextMeshPro.Editor.Tests.dll at Library/ScriptAssemblies/Unity.TextMeshPro.Editor.Tests.dll not valid. Loading of assembly skipped.
Assembly Unity.TextMeshPro.Tests.dll at Library/ScriptAssemblies/Unity.TextMeshPro.Tests.dll not valid. Loading of assembly skipped.
Assembly UnityEditor.Purchasing.Authoring.dll at Library/ScriptAssemblies/UnityEditor.Purchasing.Authoring.dll not valid. Loading of assembly skipped.
Assembly UnityEditor.Purchasing.Editor.Authoring.Core.dll at Library/ScriptAssemblies/UnityEditor.Purchasing.Editor.Authoring.Core.dll not valid. Loading of assembly skipped.
Assembly UnityEditor.UI.Common.Tests.dll at Library/ScriptAssemblies/UnityEditor.UI.Common.Tests.dll not valid. Loading of assembly skipped.
Assembly UnityEditor.UI.EditorTests.dll at Library/ScriptAssemblies/UnityEditor.UI.EditorTests.dll not valid. Loading of assembly skipped.
Assembly UnityEditor.XR.LegacyInputHelpers.Tests.dll at Library/ScriptAssemblies/UnityEditor.XR.LegacyInputHelpers.Tests.dll not valid. Loading of assembly skipped.
Assembly UnityEngine.Advertisements.Editor.Tests.dll at Library/ScriptAssemblies/UnityEngine.Advertisements.Editor.Tests.dll not valid. Loading of assembly skipped.
Assembly UnityEngine.Advertisements.Tests.dll at Library/ScriptAssemblies/UnityEngine.Advertisements.Tests.dll not valid. Loading of assembly skipped.
Assembly UnityEngine.SpatialTracking.Tests.dll at Library/ScriptAssemblies/UnityEngine.SpatialTracking.Tests.dll not valid. Loading of assembly skipped.
Assembly UnityEngine.UI.Tests.dll at Library/ScriptAssemblies/UnityEngine.UI.Tests.dll not valid. Loading of assembly skipped.
Symbol file LoadedFromMemory is not a mono symbol file
Symbol file LoadedFromMemory is not a mono symbol file
Refreshing native plugins compatible for Editor in 10.95 ms, found 6 plugins.
Native extension for WindowsStandalone target not found
[Package Manager] Failed to launch server process. Reason: Unity was launched with the -noUpm command-line argument
[Package Manager] Unable to send message (not connected to server process).
[Package Manager] Cannot connect to Unity Package Manager local server
Refreshing native plugins compatible for Editor in 15.23 ms, found 6 plugins.
[Package Manager] Failed to launch server process. Reason: Unity was launched with the -noUpm command-line argument
[Package Manager] Unable to send message (not connected to server process).
[Package Manager] Cannot connect to Unity Package Manager local server
[Licensing::Client] Error: Code 404 while processing request (status: Found 0 entitlement groups and 0 free entitlements matching requested entitlement ids)
ScheduleIndexationOnStartup MainProcess:False IndexOnStartup:True
Mono: successfully reloaded assembly
- Finished resetting the current domain, in  4.909 seconds
Domain Reload Profiling: 6657ms
	BeginReloadAssembly (468ms)
		DisableScriptedObjects (10ms)
		CreateAndSetChildDomain (143ms)
	RebuildCommonClasses (60ms)
	RebuildNativeTypeToScriptingClass (19ms)
	initialDomainReloadingComplete (191ms)
	LoadAllAssembliesAndSetupDomain (1010ms)
		LoadAssemblies (751ms)
		AnalyzeDomain (477ms)
			TypeCache.Refresh (23ms)
			BuildScriptInfoCaches (439ms)
			ResolveRequiredComponents (12ms)
	FinalizeReload (4909ms)
		SetupLoadedEditorAssemblies (0ms)
			BeforeProcessingInitializeOnLoad (303ms)
			ProcessInitializeOnLoadAttributes (3223ms)
			ProcessInitializeOnLoadMethodAttributes (1080ms)
			AfterProcessingInitializeOnLoad (43ms)
		AwakeInstancesAfterBackupRestoration (15ms)
Refreshing native plugins compatible for Editor in 14.62 ms, found 6 plugins.
Unloading 57 Unused Serialized files (Serialized files now loaded: 0)
Unloading 9063 unused Assets / (20.9 MB). Loaded Objects now: 9661.
Memory consumption went from 199.5 MB to 178.6 MB.
Total: 37.616600 ms (FindLiveObjects: 1.543400 ms CreateObjectMapping: 3.192600 ms MarkObjects: 23.113200 ms  DeleteObjects: 9.765600 ms)

Prepare: number of updated asset objects reloaded= 0
========================================================================
Received Prepare
Begin MonoManager ReloadAssembly
[Licensing::Client] Successfully resolved entitlement details
Assembly Assembly-CSharp-Editor-firstpass.dll at Library/ScriptAssemblies/Assembly-CSharp-Editor-firstpass.dll not valid. Loading of assembly skipped.
Assembly Assembly-CSharp-firstpass.dll at Library/ScriptAssemblies/Assembly-CSharp-firstpass.dll not valid. Loading of assembly skipped.
Assembly DocCodeExamples.dll at Library/ScriptAssemblies/DocCodeExamples.dll not valid. Loading of assembly skipped.
Assembly GdkToolsEditModeTests.dll at Library/ScriptAssemblies/GdkToolsEditModeTests.dll not valid. Loading of assembly skipped.
Assembly TestNewCustomAssembly.dll at Library/ScriptAssemblies/TestNewCustomAssembly.dll not valid. Loading of assembly skipped.
Assembly Unity.2D.Sprite.Package.EditorTests.dll at Library/ScriptAssemblies/Unity.2D.Sprite.Package.EditorTests.dll not valid. Loading of assembly skipped.
Assembly Unity.2D.Tilemap.Package.EditorTests.dll at Library/ScriptAssemblies/Unity.2D.Tilemap.Package.EditorTests.dll not valid. Loading of assembly skipped.
Assembly Unity.AI.Assistant.Integrations.Sample.Editor.dll at Library/ScriptAssemblies/Unity.AI.Assistant.Integrations.Sample.Editor.dll not valid. Loading of assembly skipped.
Assembly Unity.Analytics.DataPrivacy.Tests.dll at Library/ScriptAssemblies/Unity.Analytics.DataPrivacy.Tests.dll not valid. Loading of assembly skipped.
Assembly Unity.Analytics.StandardEvents.EditorTests.dll at Library/ScriptAssemblies/Unity.Analytics.StandardEvents.EditorTests.dll not valid. Loading of assembly skipped.
Assembly Unity.AppUI.Editor.Tests.dll at Library/ScriptAssemblies/Unity.AppUI.Editor.Tests.dll not valid. Loading of assembly skipped.
Assembly Unity.AppUI.Tests.dll at Library/ScriptAssemblies/Unity.AppUI.Tests.dll not valid. Loading of assembly skipped.
Assembly Unity.Collections.BurstCompatibilityGen.dll at Library/ScriptAssemblies/Unity.Collections.BurstCompatibilityGen.dll not valid. Loading of assembly skipped.
Assembly Unity.Collections.DocCodeSamples.dll at Library/ScriptAssemblies/Unity.Collections.DocCodeSamples.dll not valid. Loading of assembly skipped.
Assembly Unity.Collections.PerformanceTests.dll at Library/ScriptAssemblies/Unity.Collections.PerformanceTests.dll not valid. Loading of assembly skipped.
Assembly Unity.Collections.Tests.dll at Library/ScriptAssemblies/Unity.Collections.Tests.dll not valid. Loading of assembly skipped.
Assembly Unity.Collections.Tests.Playmode.dll at Library/ScriptAssemblies/Unity.Collections.Tests.Playmode.dll not valid. Loading of assembly skipped.
Assembly Unity.Mathematics.Tests.dll at Library/ScriptAssemblies/Unity.Mathematics.Tests.dll not valid. Loading of assembly skipped.
Assembly Unity.Microsoft.GDK.Discovery.EditModeTests.dll at Library/ScriptAssemblies/Unity.Microsoft.GDK.Discovery.EditModeTests.dll not valid. Loading of assembly skipped.
Assembly Unity.Microsoft.GDK.Tests.dll at Library/ScriptAssemblies/Unity.Microsoft.GDK.Tests.dll not valid. Loading of assembly skipped.
Assembly Unity.Multiplayer.Center.Editor.Tests.dll at Library/ScriptAssemblies/Unity.Multiplayer.Center.Editor.Tests.dll not valid. Loading of assembly skipped.
Assembly Unity.Multiplayer.Center.Tests.dll at Library/ScriptAssemblies/Unity.Multiplayer.Center.Tests.dll not valid. Loading of assembly skipped.
Assembly Unity.Nuget.Mono-Cecil.dll at Library/ScriptAssemblies/Unity.Nuget.Mono-Cecil.dll not valid. Loading of assembly skipped.
Assembly Unity.Postprocessing.Editor.Tests.dll at Library/ScriptAssemblies/Unity.Postprocessing.Editor.Tests.dll not valid. Loading of assembly skipped.
Assembly Unity.Postprocessing.Runtime.Tests.dll at Library/ScriptAssemblies/Unity.Postprocessing.Runtime.Tests.dll not valid. Loading of assembly skipped.
Assembly Unity.Purchasing.Apple.dll at Library/ScriptAssemblies/Unity.Purchasing.Apple.dll not valid. Loading of assembly skipped.
Assembly Unity.Purchasing.AppleMacos.dll at Library/ScriptAssemblies/Unity.Purchasing.AppleMacos.dll not valid. Loading of assembly skipped.
Assembly Unity.Purchasing.Security.dll at Library/ScriptAssemblies/Unity.Purchasing.Security.dll not valid. Loading of assembly skipped.
Assembly Unity.Purchasing.TransactionVerifier.dll at Library/ScriptAssemblies/Unity.Purchasing.TransactionVerifier.dll not valid. Loading of assembly skipped.
Assembly Unity.TextMeshPro.Editor.Tests.dll at Library/ScriptAssemblies/Unity.TextMeshPro.Editor.Tests.dll not valid. Loading of assembly skipped.
Assembly Unity.TextMeshPro.Tests.dll at Library/ScriptAssemblies/Unity.TextMeshPro.Tests.dll not valid. Loading of assembly skipped.
Assembly UnityEditor.Purchasing.Authoring.dll at Library/ScriptAssemblies/UnityEditor.Purchasing.Authoring.dll not valid. Loading of assembly skipped.
Assembly UnityEditor.Purchasing.Editor.Authoring.Core.dll at Library/ScriptAssemblies/UnityEditor.Purchasing.Editor.Authoring.Core.dll not valid. Loading of assembly skipped.
Assembly UnityEditor.UI.Common.Tests.dll at Library/ScriptAssemblies/UnityEditor.UI.Common.Tests.dll not valid. Loading of assembly skipped.
Assembly UnityEditor.UI.EditorTests.dll at Library/ScriptAssemblies/UnityEditor.UI.EditorTests.dll not valid. Loading of assembly skipped.
Assembly UnityEditor.XR.LegacyInputHelpers.Tests.dll at Library/ScriptAssemblies/UnityEditor.XR.LegacyInputHelpers.Tests.dll not valid. Loading of assembly skipped.
Assembly UnityEngine.Advertisements.Editor.Tests.dll at Library/ScriptAssemblies/UnityEngine.Advertisements.Editor.Tests.dll not valid. Loading of assembly skipped.
Assembly UnityEngine.Advertisements.Tests.dll at Library/ScriptAssemblies/UnityEngine.Advertisements.Tests.dll not valid. Loading of assembly skipped.
Assembly UnityEngine.SpatialTracking.Tests.dll at Library/ScriptAssemblies/UnityEngine.SpatialTracking.Tests.dll not valid. Loading of assembly skipped.
Assembly UnityEngine.UI.Tests.dll at Library/ScriptAssemblies/UnityEngine.UI.Tests.dll not valid. Loading of assembly skipped.
Symbol file LoadedFromMemory is not a mono symbol file
Symbol file LoadedFromMemory is not a mono symbol file
Refreshing native plugins compatible for Editor in 23.76 ms, found 6 plugins.
Native extension for WindowsStandalone target not found
[Package Manager] Failed to launch server process. Reason: Unity was launched with the -noUpm command-line argument
[Package Manager] Unable to send message (not connected to server process).
[Package Manager] Cannot connect to Unity Package Manager local server
Refreshing native plugins compatible for Editor in 13.05 ms, found 6 plugins.
[Package Manager] Failed to launch server process. Reason: Unity was launched with the -noUpm command-line argument
[Package Manager] Unable to send message (not connected to server process).
[Package Manager] Cannot connect to Unity Package Manager local server
[Licensing::Client] Error: Code 404 while processing request (status: Found 0 entitlement groups and 0 free entitlements matching requested entitlement ids)
ScheduleIndexationOnStartup MainProcess:False IndexOnStartup:True
Mono: successfully reloaded assembly
- Finished resetting the current domain, in  2.543 seconds
Domain Reload Profiling: 4720ms
	BeginReloadAssembly (504ms)
		DisableScriptedObjects (9ms)
		CreateAndSetChildDomain (141ms)
	RebuildCommonClasses (91ms)
	RebuildNativeTypeToScriptingClass (33ms)
	initialDomainReloadingComplete (266ms)
	LoadAllAssembliesAndSetupDomain (1283ms)
		LoadAssemblies (942ms)
		AnalyzeDomain (591ms)
			TypeCache.Refresh (21ms)
			BuildScriptInfoCaches (525ms)
			ResolveRequiredComponents (43ms)
	FinalizeReload (2544ms)
		SetupLoadedEditorAssemblies (0ms)
			InitializePlatformSupportModulesInManaged (3ms)
			BeforeProcessingInitializeOnLoad (352ms)
			ProcessInitializeOnLoadAttributes (1336ms)
			ProcessInitializeOnLoadMethodAttributes (528ms)
			AfterProcessingInitializeOnLoad (29ms)
		AwakeInstancesAfterBackupRestoration (15ms)
Refreshing native plugins compatible for Editor in 12.71 ms, found 6 plugins.
Unloading 57 Unused Serialized files (Serialized files now loaded: 0)
Unloading 9061 unused Assets / (19.6 MB). Loaded Objects now: 9665.
Memory consumption went from 198.1 MB to 178.5 MB.
Total: 30.492400 ms (FindLiveObjects: 1.462400 ms CreateObjectMapping: 2.439800 ms MarkObjects: 17.263500 ms  DeleteObjects: 9.324700 ms)

Prepare: number of updated asset objects reloaded= 0
