[Licensing::Module] Trying to connect to existing licensing client channel...
Built from '6000.4/staging' branch; Version is '6000.4.10f1 (feeafc12a938) revision 16706300'; Using compiler version '194234433'; Build Type 'Release'
OS: 'Windows 11  (10.0.26200) Core' Language: 'en' Physical Memory: 32189 MB
[Licensing::IpcConnector] Successfully connected to: "LicenseClient-chris" at "2026-09-12T17:03:52.3211137Z"
BatchMode: 1, IsHumanControllingUs: 0, StartBugReporterOnCrash: 0, Is64bit: 1
System  architecture: x64
Process architecture: x64
Date: 2026-09-12T17:03:52Z

COMMAND LINE ARGUMENTS:
C:\Program Files\Unity\Hub\Editor\6000.4.10f1\Editor\Unity.exe
-adb2
-batchMode
-noUpm
-name
AssetImportWorker18
-projectPath
C:/Users/chris/Documents/VSCODEPROJECTS/REPOS/MuckedUp
-logFile
Logs/AssetImportWorker18.log
-srvPort
58741
-licensingIpc
LicenseClient-chris
-force-d3d12
-job-worker-count
7
-background-job-worker-count
8
-gc-helper-count
1
-name
AssetImport
Successfully changed project path to: C:/Users/chris/Documents/VSCODEPROJECTS/REPOS/MuckedUp
C:/Users/chris/Documents/VSCODEPROJECTS/REPOS/MuckedUp
[UnityMemory] Configuration Parameters - Can be set up in boot.config
    "memorysetup-temp-allocator-size-gi-baking-worker=262144"
    "memorysetup-temp-allocator-size-gi-baking-worker=262144"
    "memorysetup-temp-allocator-size-gi-baking-worker=262144"
    "memorysetup-temp-allocator-size-gi-baking-worker=262144"
    "memorysetup-temp-allocator-size-gi-baking-worker=262144"
    "memorysetup-temp-allocator-size-nav-mesh-worker=65536"
    "memorysetup-temp-allocator-size-audio-worker=65536"
    "memorysetup-temp-allocator-size-cloud-worker=32768"
    "memorysetup-temp-allocator-size-gfx=262144"
    "memorysetup-temp-allocator-size-preload-manager=33554432"
    "memorysetup-temp-allocator-size-job-worker=262144"
    "memorysetup-temp-allocator-size-background-worker=32768"
    "memorysetup-allocator-temp-initial-block-size-main=262144"
    "memorysetup-allocator-temp-initial-block-size-worker=262144"
    "memorysetup-bucket-allocator-granularity=16"
    "memorysetup-bucket-allocator-bucket-count=8"
    "memorysetup-bucket-allocator-block-size=33554432"
    "memorysetup-bucket-allocator-block-count=8"
    "memorysetup-main-allocator-block-size=16777216"
    "memorysetup-thread-allocator-block-size=16777216"
    "memorysetup-gfx-main-allocator-block-size=16777216"
    "memorysetup-gfx-thread-allocator-block-size=16777216"
    "memorysetup-cache-allocator-block-size=4194304"
    "memorysetup-typetree-allocator-block-size=2097152"
    "memorysetup-profiler-bucket-allocator-granularity=16"
    "memorysetup-profiler-bucket-allocator-bucket-count=8"
    "memorysetup-profiler-bucket-allocator-block-size=33554432"
    "memorysetup-profiler-bucket-allocator-block-count=8"
    "memorysetup-profiler-allocator-block-size=16777216"
    "memorysetup-profiler-editor-allocator-block-size=1048576"
    "memorysetup-temp-allocator-size-main=16777216"
    "memorysetup-job-temp-allocator-block-size=2097152"
    "memorysetup-job-temp-allocator-block-size-background=1048576"
    "memorysetup-job-temp-allocator-reduction-small-platforms=262144"
Player connection [8964]  Target information:

Player connection [8964]  * "[IP] 192.168.4.28 [Port] 0 [Flags] 2 [Guid] 352061157 [EditorId] 352061157 [Version] 1048832 [Id] WindowsEditor(7,Asus-Z-2) [Debug] 1 [PackageName] WindowsEditor [ProjectName] Editor" 

Player connection [8964] Host joined multi-casting on [225.0.0.222:54997]...
Player connection [8964] Host joined alternative multi-casting on [225.0.0.222:34997]...
JobSystem: Creating JobQueue using job-worker-count value 7
Input System module state changed to: Initialized.
[Physics::Module] Initialized fallback backend.
[Physics::Module] Id: 0xdecafbad
Library Redirect Path: Library/
[Physics::Module] Selected backend.
[Physics::Module] Name: PhysX
[Physics::Module] Id: 0xf2b8ea05
[Physics::Module] SDK Version: 4.1.2
[Physics::Module] Integration Version: 1.0.0
[Physics::Module] Threading Mode: Multi-Threaded
Refreshing native plugins compatible for Editor in 26.65 ms, found 6 plugins.
Preloading 1 native plugins for Editor in 5.04 ms.
Initialize engine version: 6000.4.10f1 (feeafc12a938)
[Subsystems] Discovering subsystems at path C:/Program Files/Unity/Hub/Editor/6000.4.10f1/Editor/Data/Resources/UnitySubsystems
[Subsystems] Discovering subsystems at path C:/Users/chris/Documents/VSCODEPROJECTS/REPOS/MuckedUp/Assets
Forcing GfxDevice: Direct3D 12
GfxDevice: creating device client; kGfxThreadingModeNonThreaded
d3d12: failed to query info queue interface (0x80004002).
Direct3D:
    Version:         Direct3D 12 [level 12.2]
    Renderer:        NVIDIA GeForce RTX 5080 Laptop GPU (ID=0x2c59)
    Vendor:          NVIDIA
    VRAM:            16003 MB
    App VRAM Budget: 15235 MB
    Driver:          32.0.16.1088
Initialize mono
Mono path[0] = 'C:/Program Files/Unity/Hub/Editor/6000.4.10f1/Editor/Data/Managed'
Mono path[1] = 'C:/Program Files/Unity/Hub/Editor/6000.4.10f1/Editor/Data/MonoBleedingEdge/lib/mono/unityjit-win32'
Mono config path = 'C:/Program Files/Unity/Hub/Editor/6000.4.10f1/Editor/Data/MonoBleedingEdge/etc'
Using monoOptions --debugger-agent=transport=dt_socket,embedding=1,server=y,suspend=n,address=127.0.0.1:56904
CodeReloadManager initialized
Begin MonoManager ReloadAssembly
Registering precompiled unity dll's ...
Register platform support module: C:/Program Files/Unity/Hub/Editor/6000.4.10f1/Editor/Data/PlaybackEngines/WebGLSupport/UnityEditor.WebGL.Extensions.dll
Register platform support module: C:/Program Files/Unity/Hub/Editor/6000.4.10f1/Editor/Data/PlaybackEngines/WindowsStandaloneSupport/UnityEditor.WindowsStandalone.Extensions.dll
Registered in 0.005092 seconds.
[Licensing::Client] Error: HandshakeResponse reported an error:
	ResponseCode: 505
	ResponseStatus: Unsupported protocol version '1.18.1'.
[Licensing::Module] Error: Failed to handshake to channel: "LicenseClient-chris"
[Licensing::IpcConnector] LicenseClient-chris channel disconnected successfully.
[Licensing::IpcConnector] Successfully connected to: "LicenseClient-chris-6000.4.10" at "2026-09-12T17:03:54.5924628Z"
[Licensing::Client] Code 10 while verifying Licensing Client signature (process Id: 1772, path: "C:/Program Files/Unity/Hub/Editor/6000.4.10f1/Editor/Data/Resources/Licensing/Client/Unity.Licensing.Client.exe")
[Licensing::Module] LicensingClient has failed validation; ignoring
[Licensing::Client] Handshaking with LicensingClient:
  Version:                 1.18.1+9fbee8e
  Session Id:              6c300f0e06f74666b66822eb166367d2
  Correlation Id:          fd51f5d1309bfe5155c680cfca751b39
  External correlation Id: 7353821795696321716
  Machine Id:              qjKs8DFrk8EBF4sOshQ983V5ek0=
[Licensing::Module] Successfully connected to LicensingClient on channel: "LicenseClient-chris-6000.4.10" (connect: 0.00s, validation: 0.00s, handshake: 0.01s)
[Licensing::IpcConnector] Successfully connected to: "LicenseClient-chris-6000.4.10-notifications" at "2026-09-12T17:03:54.6034732Z"
[Licensing::Module] Licensing Background thread has ended after 2.28s
Native extension for WindowsStandalone target not found
Native extension for WebGL target not found
Package Manager log level set to [2]
[Package Manager] Failed to launch server process. Reason: Unity was launched with the -noUpm command-line argument
[Package Manager] Unable to send message (not connected to server process).
[Package Manager] Cannot connect to Unity Package Manager local server
ScheduleIndexationOnStartup MainProcess:False IndexOnStartup:True
Mono: successfully reloaded assembly
- Finished resetting the current domain, in  0.607 seconds
Domain Reload Profiling: 1336ms
	BeginReloadAssembly (209ms)
	RebuildCommonClasses (59ms)
	RebuildNativeTypeToScriptingClass (19ms)
	initialDomainReloadingComplete (105ms)
	LoadAllAssembliesAndSetupDomain (333ms)
		LoadAssemblies (205ms)
		AnalyzeDomain (320ms)
			TypeCache.Refresh (318ms)
				TypeCache.ScanAssembly (297ms)
	FinalizeReload (609ms)
		SetupLoadedEditorAssemblies (0ms)
			InitializePlatformSupportModulesInManaged (68ms)
			BeforeProcessingInitializeOnLoad (123ms)
			ProcessInitializeOnLoadAttributes (168ms)
			ProcessInitializeOnLoadMethodAttributes (107ms)
========================================================================
Worker process is ready to serve import requests
Import Worker Mode flag is 0x00
Begin MonoManager ReloadAssembly
[Licensing::Client] Successfully resolved entitlement details
[Licensing::Module] License group:
  Id: 1374564138397-UnityPersXXXX
  Product: Unity Personal
  Type: Assigned
  Expiration: Unlimited
Assembly Assembly-CSharp-Editor-firstpass.dll at Library/ScriptAssemblies/Assembly-CSharp-Editor-firstpass.dll not valid. Loading of assembly skipped.
Assembly Assembly-CSharp-firstpass.dll at Library/ScriptAssemblies/Assembly-CSharp-firstpass.dll not valid. Loading of assembly skipped.
Assembly DocCodeExamples.dll at Library/ScriptAssemblies/DocCodeExamples.dll not valid. Loading of assembly skipped.
Assembly GdkToolsEditModeTests.dll at Library/ScriptAssemblies/GdkToolsEditModeTests.dll not valid. Loading of assembly skipped.
Assembly TestNewCustomAssembly.dll at Library/ScriptAssemblies/TestNewCustomAssembly.dll not valid. Loading of assembly skipped.
Assembly Unity.2D.Sprite.Package.EditorTests.dll at Library/ScriptAssemblies/Unity.2D.Sprite.Package.EditorTests.dll not valid. Loading of assembly skipped.
Assembly Unity.2D.Tilemap.Package.EditorTests.dll at Library/ScriptAssemblies/Unity.2D.Tilemap.Package.EditorTests.dll not valid. Loading of assembly skipped.
Assembly Unity.AI.Assistant.Integrations.Sample.Editor.dll at Library/ScriptAssemblies/Unity.AI.Assistant.Integrations.Sample.Editor.dll not valid. Loading of assembly skipped.
Assembly Unity.Analytics.DataPrivacy.Tests.dll at Library/ScriptAssemblies/Unity.Analytics.DataPrivacy.Tests.dll not valid. Loading of assembly skipped.
Assembly Unity.Analytics.StandardEvents.EditorTests.dll at Library/ScriptAssemblies/Unity.Analytics.StandardEvents.EditorTests.dll not valid. Loading of assembly skipped.
Assembly Unity.AppUI.Editor.Tests.dll at Library/ScriptAssemblies/Unity.AppUI.Editor.Tests.dll not valid. Loading of assembly skipped.
Assembly Unity.AppUI.Tests.dll at Library/ScriptAssemblies/Unity.AppUI.Tests.dll not valid. Loading of assembly skipped.
Assembly Unity.Collections.BurstCompatibilityGen.dll at Library/ScriptAssemblies/Unity.Collections.BurstCompatibilityGen.dll not valid. Loading of assembly skipped.
Assembly Unity.Collections.DocCodeSamples.dll at Library/ScriptAssemblies/Unity.Collections.DocCodeSamples.dll not valid. Loading of assembly skipped.
Assembly Unity.Collections.PerformanceTests.dll at Library/ScriptAssemblies/Unity.Collections.PerformanceTests.dll not valid. Loading of assembly skipped.
Assembly Unity.Collections.Tests.dll at Library/ScriptAssemblies/Unity.Collections.Tests.dll not valid. Loading of assembly skipped.
Assembly Unity.Collections.Tests.Playmode.dll at Library/ScriptAssemblies/Unity.Collections.Tests.Playmode.dll not valid. Loading of assembly skipped.
Assembly Unity.Mathematics.Tests.dll at Library/ScriptAssemblies/Unity.Mathematics.Tests.dll not valid. Loading of assembly skipped.
Assembly Unity.Microsoft.GDK.Discovery.EditModeTests.dll at Library/ScriptAssemblies/Unity.Microsoft.GDK.Discovery.EditModeTests.dll not valid. Loading of assembly skipped.
Assembly Unity.Microsoft.GDK.Tests.dll at Library/ScriptAssemblies/Unity.Microsoft.GDK.Tests.dll not valid. Loading of assembly skipped.
Assembly Unity.Multiplayer.Center.Editor.Tests.dll at Library/ScriptAssemblies/Unity.Multiplayer.Center.Editor.Tests.dll not valid. Loading of assembly skipped.
Assembly Unity.Multiplayer.Center.Tests.dll at Library/ScriptAssemblies/Unity.Multiplayer.Center.Tests.dll not valid. Loading of assembly skipped.
Assembly Unity.Nuget.Mono-Cecil.dll at Library/ScriptAssemblies/Unity.Nuget.Mono-Cecil.dll not valid. Loading of assembly skipped.
Assembly Unity.Postprocessing.Editor.Tests.dll at Library/ScriptAssemblies/Unity.Postprocessing.Editor.Tests.dll not valid. Loading of assembly skipped.
Assembly Unity.Postprocessing.Runtime.Tests.dll at Library/ScriptAssemblies/Unity.Postprocessing.Runtime.Tests.dll not valid. Loading of assembly skipped.
Assembly Unity.Purchasing.Apple.dll at Library/ScriptAssemblies/Unity.Purchasing.Apple.dll not valid. Loading of assembly skipped.
Assembly Unity.Purchasing.AppleMacos.dll at Library/ScriptAssemblies/Unity.Purchasing.AppleMacos.dll not valid. Loading of assembly skipped.
Assembly Unity.Purchasing.Security.dll at Library/ScriptAssemblies/Unity.Purchasing.Security.dll not valid. Loading of assembly skipped.
Assembly Unity.Purchasing.TransactionVerifier.dll at Library/ScriptAssemblies/Unity.Purchasing.TransactionVerifier.dll not valid. Loading of assembly skipped.
Assembly Unity.TextMeshPro.Editor.Tests.dll at Library/ScriptAssemblies/Unity.TextMeshPro.Editor.Tests.dll not valid. Loading of assembly skipped.
Assembly Unity.TextMeshPro.Tests.dll at Library/ScriptAssemblies/Unity.TextMeshPro.Tests.dll not valid. Loading of assembly skipped.
Assembly UnityEditor.Purchasing.Authoring.dll at Library/ScriptAssemblies/UnityEditor.Purchasing.Authoring.dll not valid. Loading of assembly skipped.
Assembly UnityEditor.Purchasing.Editor.Authoring.Core.dll at Library/ScriptAssemblies/UnityEditor.Purchasing.Editor.Authoring.Core.dll not valid. Loading of assembly skipped.
Assembly UnityEditor.UI.Common.Tests.dll at Library/ScriptAssemblies/UnityEditor.UI.Common.Tests.dll not valid. Loading of assembly skipped.
Assembly UnityEditor.UI.EditorTests.dll at Library/ScriptAssemblies/UnityEditor.UI.EditorTests.dll not valid. Loading of assembly skipped.
Assembly UnityEditor.XR.LegacyInputHelpers.Tests.dll at Library/ScriptAssemblies/UnityEditor.XR.LegacyInputHelpers.Tests.dll not valid. Loading of assembly skipped.
Assembly UnityEngine.Advertisements.Editor.Tests.dll at Library/ScriptAssemblies/UnityEngine.Advertisements.Editor.Tests.dll not valid. Loading of assembly skipped.
Assembly UnityEngine.Advertisements.Tests.dll at Library/ScriptAssemblies/UnityEngine.Advertisements.Tests.dll not valid. Loading of assembly skipped.
Assembly UnityEngine.SpatialTracking.Tests.dll at Library/ScriptAssemblies/UnityEngine.SpatialTracking.Tests.dll not valid. Loading of assembly skipped.
Assembly UnityEngine.UI.Tests.dll at Library/ScriptAssemblies/UnityEngine.UI.Tests.dll not valid. Loading of assembly skipped.
Symbol file LoadedFromMemory is not a mono symbol file
Symbol file LoadedFromMemory is not a mono symbol file
Refreshing native plugins compatible for Editor in 27.43 ms, found 6 plugins.
Native extension for WindowsStandalone target not found
Native extension for WebGL target not found
[Package Manager] Failed to launch server process. Reason: Unity was launched with the -noUpm command-line argument
[Package Manager] Unable to send message (not connected to server process).
[Package Manager] Cannot connect to Unity Package Manager local server
Refreshing native plugins compatible for Editor in 59.15 ms, found 6 plugins.
[Package Manager] Failed to launch server process. Reason: Unity was launched with the -noUpm command-line argument
[Package Manager] Unable to send message (not connected to server process).
[Package Manager] Cannot connect to Unity Package Manager local server
[Licensing::Client] Error: Code 404 while processing request (status: Found 0 entitlement groups and 0 free entitlements matching requested entitlement ids)
ScheduleIndexationOnStartup MainProcess:False IndexOnStartup:True
Mono: successfully reloaded assembly
- Finished resetting the current domain, in  3.481 seconds
Domain Reload Profiling: 5530ms
	BeginReloadAssembly (318ms)
		DisableScriptedObjects (8ms)
		CreateAndSetChildDomain (61ms)
	RebuildCommonClasses (65ms)
	RebuildNativeTypeToScriptingClass (22ms)
	initialDomainReloadingComplete (209ms)
	LoadAllAssembliesAndSetupDomain (1434ms)
		LoadAssemblies (887ms)
		AnalyzeDomain (717ms)
			TypeCache.Refresh (576ms)
				TypeCache.ScanAssembly (532ms)
			BuildScriptInfoCaches (125ms)
			ResolveRequiredComponents (13ms)
	FinalizeReload (3482ms)
		SetupLoadedEditorAssemblies (0ms)
			InitializePlatformSupportModulesInManaged (4ms)
			BeforeProcessingInitializeOnLoad (375ms)
			ProcessInitializeOnLoadAttributes (2182ms)
			ProcessInitializeOnLoadMethodAttributes (534ms)
			AfterProcessingInitializeOnLoad (13ms)
		AwakeInstancesAfterBackupRestoration (16ms)
Launched and connected shader compiler UnityShaderCompiler.exe after 0.08 seconds
Refreshing native plugins compatible for Editor in 31.91 ms, found 6 plugins.
Unloading 57 Unused Serialized files (Serialized files now loaded: 0)
Unloading 9062 unused Assets / (18.4 MB). Loaded Objects now: 9643.
Memory consumption went from 191.1 MB to 172.6 MB.
Total: 39.380800 ms (FindLiveObjects: 1.831800 ms CreateObjectMapping: 1.852100 ms MarkObjects: 26.114400 ms  DeleteObjects: 9.575700 ms)

========================================================================
Received Import Request.
  Time since last request: 8436.726398 seconds.
  path: Assets/PolygonFantasyKingdom/Models/FantasyKingdom_FairyWings.fbx
  importAddress: Guid(f75b9948cb8c2274ea2f8cd63510d8dc) Importer(815301076,1909f56bfc062723c751e8b465ee728b)
Start importing Assets/PolygonFantasyKingdom/Models/FantasyKingdom_FairyWings.fbx using Guid(f75b9948cb8c2274ea2f8cd63510d8dc) Importer(815301076,1909f56bfc062723c751e8b465ee728b) (PreviewImporter) -> (Import Result ID: '9a2912fca800f418d591b509a1b8eb76') in 0.3152117 seconds [static and dynamic dependencies]. Details - ImportResultOutputID=a89fb430e1d8a53352e2f238904d6f85 DependenciesID=c424863377a0d6b57255140f5125be86 StaticDependenciesID=9eac9c2131cf16fa9893f620904202dd 
Number of updated asset objects reloaded before import = 0Number of asset objects unloaded after import = 20

========================================================================
Received Import Request.
  Time since last request: 0.000066 seconds.
  path: Assets/ScriptableObject/Items/GemYellow.asset
  importAddress: Guid(420e096f1e958a64ab130b579cc2c8eb) Importer(815301076,1909f56bfc062723c751e8b465ee728b)
Start importing Assets/ScriptableObject/Items/GemYellow.asset using Guid(420e096f1e958a64ab130b579cc2c8eb) Importer(815301076,1909f56bfc062723c751e8b465ee728b) (PreviewImporter) -> (Import Result ID: '108f10adab32a24f0cad7397576e6a92') in 0.0570497 seconds [static and dynamic dependencies]. Details - ImportResultOutputID=ab1d7c39ebb1471a4cbb469abdd7bea1 DependenciesID=1701c8794bef9a4b2f22702241da6e9f StaticDependenciesID=fd58ede4118024bc006a4f59070c4f83 
Number of updated asset objects reloaded before import = 0Number of asset objects unloaded after import = 85

========================================================================
Received Import Request.
  Time since last request: 0.551545 seconds.
  path: Assets/PolygonFantasyKingdom/Models/SM_Wep_Mortar_01.fbx
  importAddress: Guid(5f99743e8e00c774f836450afd33c171) Importer(815301076,1909f56bfc062723c751e8b465ee728b)
Start importing Assets/PolygonFantasyKingdom/Models/SM_Wep_Mortar_01.fbx using Guid(5f99743e8e00c774f836450afd33c171) Importer(815301076,1909f56bfc062723c751e8b465ee728b) (PreviewImporter) -> (Import Result ID: '8448d2819a06a6c5209e92185cf21d7f') in 0.1643153 seconds [static and dynamic dependencies]. Details - ImportResultOutputID=db4b924ccf2e00b0eb673d3dff33a68e DependenciesID=2275ae633f73686ec915d14fbaa31e47 StaticDependenciesID=c4ea7267b9cceac895f572250d341e54 
Number of updated asset objects reloaded before import = 0Number of asset objects unloaded after import = 22

========================================================================
Received Import Request.
  Time since last request: 0.000042 seconds.
  path: Assets/Material/Wheat.mat
  importAddress: Guid(b84a76fe7d2f92549aef62f8989b9d30) Importer(815301076,1909f56bfc062723c751e8b465ee728b)
Start importing Assets/Material/Wheat.mat using Guid(b84a76fe7d2f92549aef62f8989b9d30) Importer(815301076,1909f56bfc062723c751e8b465ee728b) (PreviewImporter) -> (Import Result ID: 'd0457a53d5e282d55dc1c2b765482617') in 0.1043665 seconds [static and dynamic dependencies]. Details - ImportResultOutputID=0c2ce5402c8d5010b3b6e0a62729e3c7 DependenciesID=fb63f829ef2e370c62c5fe3793742413 StaticDependenciesID=29711cb2390f4416a0bee7db52ed9134 
Number of updated asset objects reloaded before import = 0Number of asset objects unloaded after import = 2

========================================================================
Received Import Request.
  Time since last request: 0.000086 seconds.
  path: Assets/Material/Wheel2.mat
  importAddress: Guid(ac5e07eae9a43f044956983eacfe71d4) Importer(815301076,1909f56bfc062723c751e8b465ee728b)
Start importing Assets/Material/Wheel2.mat using Guid(ac5e07eae9a43f044956983eacfe71d4) Importer(815301076,1909f56bfc062723c751e8b465ee728b) (PreviewImporter) -> (Import Result ID: 'c0866f04ae3af01b48658510fe5f8a21') in 0.0693686 seconds [static and dynamic dependencies]. Details - ImportResultOutputID=10692eb08c23ee0d23d8a4de0ff12c19 DependenciesID=7ec12a16a4a577e1874fe649e7499a92 StaticDependenciesID=d7502eb72839d8feede6881be52f8a87 
Number of updated asset objects reloaded before import = 0Number of asset objects unloaded after import = 2

========================================================================
Received Import Request.
  Time since last request: 0.275453 seconds.
  path: Assets/PolygonFantasyKingdom/Prefabs/Props/SM_Prop_Wheat_Bunch_01.prefab
  importAddress: Guid(e40c116fe8dee6440aefb9eeae8440a8) Importer(815301076,1909f56bfc062723c751e8b465ee728b)
Start importing Assets/PolygonFantasyKingdom/Prefabs/Props/SM_Prop_Wheat_Bunch_01.prefab using Guid(e40c116fe8dee6440aefb9eeae8440a8) Importer(815301076,1909f56bfc062723c751e8b465ee728b) (PreviewImporter) -> (Import Result ID: '2007b4fe242abcb601d4048c484d2e00') in 0.1316865 seconds [static and dynamic dependencies]. Details - ImportResultOutputID=6a1996f4ffbd971f4b2a25c040ccb831 DependenciesID=57082afb8ef4af2a39a21fa154f838e9 StaticDependenciesID=36a03901d90cf6ec8a6e73d37ae0b174 
Number of updated asset objects reloaded before import = 0Number of asset objects unloaded after import = 13

========================================================================
Received Import Request.
  Time since last request: 20.851299 seconds.
  path: Assets/Texture2D/AdamantiteBar.png
  importAddress: Guid(8a8b5ae3d3c2ca747b9f7ac623d9068d) Importer(815301076,1909f56bfc062723c751e8b465ee728b)
Start importing Assets/Texture2D/AdamantiteBar.png using Guid(8a8b5ae3d3c2ca747b9f7ac623d9068d) Importer(815301076,1909f56bfc062723c751e8b465ee728b) (PreviewImporter) -> (Import Result ID: 'b8e0d47b4670e15d0f6c626c376b3b02') in 0.0828854 seconds [static and dynamic dependencies]. Details - ImportResultOutputID=db177e8cc716eced41200dd514ff149e DependenciesID=ec4102b55e2c73b09d3ba8f46d0f4b34 StaticDependenciesID=092cd9520f501faf18146f9b44a93283 
Number of updated asset objects reloaded before import = 0Number of asset objects unloaded after import = 3

========================================================================
Received Import Request.
  Time since last request: 22.022061 seconds.
  path: Assets/TextMesh Pro/Resources/Fonts & Materials/AlwaysOnTop.mat
  importAddress: Guid(4b51d4a6ee81554498a8a4d8612143e5) Importer(815301076,1909f56bfc062723c751e8b465ee728b)
Start importing Assets/TextMesh Pro/Resources/Fonts & Materials/AlwaysOnTop.mat using Guid(4b51d4a6ee81554498a8a4d8612143e5) Importer(815301076,1909f56bfc062723c751e8b465ee728b) (PreviewImporter) -> (Import Result ID: '74eb34527ad47c78afd5132f2c4d48b9') in 0.0566079 seconds [static and dynamic dependencies]. Details - ImportResultOutputID=2550a1f23d360dd16414ab7e81fae833 DependenciesID=596087234234b074a43a711372e14ff8 StaticDependenciesID=e4d672f9f76f53a79de1fe2555414573 
Number of updated asset objects reloaded before import = 0Number of asset objects unloaded after import = 1

========================================================================
Received Import Request.
  Time since last request: 0.003226 seconds.
  path: Assets/TextMesh Pro/Examples & Extras/Resources/Fonts & Materials/Anton SDF - Drop Shadow.mat
  importAddress: Guid(749b9069dc4742c5bfa5c74644049926) Importer(815301076,1909f56bfc062723c751e8b465ee728b)
Start importing Assets/TextMesh Pro/Examples & Extras/Resources/Fonts & Materials/Anton SDF - Drop Shadow.mat using Guid(749b9069dc4742c5bfa5c74644049926) Importer(815301076,1909f56bfc062723c751e8b465ee728b) (PreviewImporter) -> (Import Result ID: 'f23a4422520af9c12a91bd5f818ded28') in 0.1703896 seconds [static and dynamic dependencies]. Details - ImportResultOutputID=661a9d5854468018601605e8a90d60b7 DependenciesID=1dcbfcdafa02c3dc115ddf26c142986a StaticDependenciesID=823ec525e3cc683fffceb1188c3d7666 
Number of updated asset objects reloaded before import = 0Number of asset objects unloaded after import = 2

========================================================================
Received Import Request.
  Time since last request: 0.000042 seconds.
  path: Assets/TextMesh Pro/Examples & Extras/Resources/Fonts & Materials/Anton SDF - Sunny Days.mat
  importAddress: Guid(6522f30e342599e4e9dd4cc2cc03c830) Importer(815301076,1909f56bfc062723c751e8b465ee728b)
Start importing Assets/TextMesh Pro/Examples & Extras/Resources/Fonts & Materials/Anton SDF - Sunny Days.mat using Guid(6522f30e342599e4e9dd4cc2cc03c830) Importer(815301076,1909f56bfc062723c751e8b465ee728b) (PreviewImporter) -> (Import Result ID: '584650b764f482274179c9627d1483e9') in 0.1813649 seconds [static and dynamic dependencies]. Details - ImportResultOutputID=f85200ceab73ae40a7cfc70431883ea7 DependenciesID=ae6ed7dd68f12ee65dd803762d64db27 StaticDependenciesID=ea1664dc7e1099c767d10ec8dd52302d 
Number of updated asset objects reloaded before import = 0Number of asset objects unloaded after import = 4

========================================================================
Received Import Request.
  Time since last request: 0.245479 seconds.
  path: Assets/Material/Bow_Oak.mat
  importAddress: Guid(84049d47e81290f4ea90ed4f7d4afa82) Importer(815301076,1909f56bfc062723c751e8b465ee728b)
Start importing Assets/Material/Bow_Oak.mat using Guid(84049d47e81290f4ea90ed4f7d4afa82) Importer(815301076,1909f56bfc062723c751e8b465ee728b) (PreviewImporter) -> (Import Result ID: 'f0cb40e79efb998ba17780eb9b6ebfce') in 0.0453095 seconds [static and dynamic dependencies]. Details - ImportResultOutputID=2f18c7e3354db3150322b253055bac27 DependenciesID=fccfcd4acfb740e055e730aa16b82ae3 StaticDependenciesID=9d2f33eaeddfce085e23558d0212c016 
Number of updated asset objects reloaded before import = 0Number of asset objects unloaded after import = 2

========================================================================
Received Import Request.
  Time since last request: 0.000054 seconds.
  path: Assets/Material/DarkOak.mat
  importAddress: Guid(dbbb724304aebf9408b7cbffa01bb284) Importer(815301076,1909f56bfc062723c751e8b465ee728b)
Start importing Assets/Material/DarkOak.mat using Guid(dbbb724304aebf9408b7cbffa01bb284) Importer(815301076,1909f56bfc062723c751e8b465ee728b) (PreviewImporter) -> (Import Result ID: '71f658aee06b21745f373aac3dbb968d') in 0.0494431 seconds [static and dynamic dependencies]. Details - ImportResultOutputID=fdf1a83abdfbfde1a4deb88760610808 DependenciesID=01fd2bb3b3c3404734cb77e7ab62487a StaticDependenciesID=28fc1f9d9de9cf5c60a071dcc7dd74d8 
Number of updated asset objects reloaded before import = 0Number of asset objects unloaded after import = 2

========================================================================
Received Import Request.
  Time since last request: 0.000043 seconds.
  path: Assets/Texture2D/OakTexture.png
  importAddress: Guid(5da1d6882f5a74648aab29890ac86244) Importer(815301076,1909f56bfc062723c751e8b465ee728b)
Start importing Assets/Texture2D/OakTexture.png using Guid(5da1d6882f5a74648aab29890ac86244) Importer(815301076,1909f56bfc062723c751e8b465ee728b) (PreviewImporter) -> (Import Result ID: '8cc44c00e3bfe4df9cf67e4b3e91caf3') in 0.0242026 seconds [static and dynamic dependencies]. Details - ImportResultOutputID=ed3a51e7892d92090d23430c3844e320 DependenciesID=cb9e352a2756cdad50da6febae1b2b8e StaticDependenciesID=d66817040890fa0e9c80e9bb7a63c9aa 
Number of updated asset objects reloaded before import = 0Number of asset objects unloaded after import = 2

========================================================================
Received Import Request.
  Time since last request: 3.411125 seconds.
  path: Assets/AnimatorController/Hogoblin.controller
  importAddress: Guid(e1321ee2edce9f444a4de033c2128549) Importer(815301076,1909f56bfc062723c751e8b465ee728b)
Start importing Assets/AnimatorController/Hogoblin.controller using Guid(e1321ee2edce9f444a4de033c2128549) Importer(815301076,1909f56bfc062723c751e8b465ee728b) (PreviewImporter) -> (Import Result ID: '60a9f9d2db217156057ed15532ffcd6c') in 0.0206802 seconds [static and dynamic dependencies]. Details - ImportResultOutputID=0865f14bab61e5ab7a922da62dabad01 DependenciesID=26688557a4d7b0f66cef6aa8b69f3000 StaticDependenciesID=2975c339603607ec67d34a5e45f8ffe3 
Number of updated asset objects reloaded before import = 0Number of asset objects unloaded after import = 21

========================================================================
Received Import Request.
  Time since last request: 0.002041 seconds.
  path: Assets/Nicrom/PolyPacks/Wind/Assets/Models/LPW_Tree_B1_9m_02.fbx
  importAddress: Guid(4acbe20131f3a684c914f20a1194b751) Importer(815301076,1909f56bfc062723c751e8b465ee728b)
Start importing Assets/Nicrom/PolyPacks/Wind/Assets/Models/LPW_Tree_B1_9m_02.fbx using Guid(4acbe20131f3a684c914f20a1194b751) Importer(815301076,1909f56bfc062723c751e8b465ee728b) (PreviewImporter) -> (Import Result ID: 'c96540c5c52264b0886bf730e347553d') in 0.0416862 seconds [static and dynamic dependencies]. Details - ImportResultOutputID=44a9fc267cb5fd0fcf9fff359bf6688c DependenciesID=2709545866956cc2290f12301ab1fcf2 StaticDependenciesID=e7eb21c15d645501b4dbdcf735ade6df 
Number of updated asset objects reloaded before import = 0Number of asset objects unloaded after import = 7

========================================================================
Received Import Request.
  Time since last request: 0.000044 seconds.
  path: Assets/Nicrom/PolyPacks/Wind/Assets/Models/LPW_Tree_C1_9m_01.fbx
  importAddress: Guid(80d15eccca9181a4386c007b45199982) Importer(815301076,1909f56bfc062723c751e8b465ee728b)
Start importing Assets/Nicrom/PolyPacks/Wind/Assets/Models/LPW_Tree_C1_9m_01.fbx using Guid(80d15eccca9181a4386c007b45199982) Importer(815301076,1909f56bfc062723c751e8b465ee728b) (PreviewImporter) -> (Import Result ID: '3a2292f3d21a0ac64951fca2dfc96099') in 0.0478224 seconds [static and dynamic dependencies]. Details - ImportResultOutputID=cbc7033a95769b9325b05b18af853ea3 DependenciesID=b24ad10a6dadc64b74a1ba2ac50b2068 StaticDependenciesID=07d60b04ca2bf1b8418cfc1ced6a0198 
Number of updated asset objects reloaded before import = 0Number of asset objects unloaded after import = 7

========================================================================
Received Import Request.
  Time since last request: 0.000058 seconds.
  path: Assets/AnimatorController/Mob.controller
  importAddress: Guid(b2fffbd8f9b8def44ae150c48d46514e) Importer(815301076,1909f56bfc062723c751e8b465ee728b)
Start importing Assets/AnimatorController/Mob.controller using Guid(b2fffbd8f9b8def44ae150c48d46514e) Importer(815301076,1909f56bfc062723c751e8b465ee728b) (PreviewImporter) -> (Import Result ID: '623372b44e04b9469f1cc464bd938272') in 0.008697 seconds [static and dynamic dependencies]. Details - ImportResultOutputID=a3d7342bc6c6b945181d7c76518ea119 DependenciesID=59dfe11b5fe296f5df2f1ed21db21b36 StaticDependenciesID=18839344e4ebd98502bea5e2aba8b45e 
Number of updated asset objects reloaded before import = 0Number of asset objects unloaded after import = 17

========================================================================
Received Import Request.
  Time since last request: 5.087460 seconds.
  path: Assets/PolygonFantasyKingdom/Prefabs/Environments/SM_Env_Big_Tree_Base_01.prefab
  importAddress: Guid(0616c9d1be2a091459a73cfb6ac35a49) Importer(815301076,1909f56bfc062723c751e8b465ee728b)
Start importing Assets/PolygonFantasyKingdom/Prefabs/Environments/SM_Env_Big_Tree_Base_01.prefab using Guid(0616c9d1be2a091459a73cfb6ac35a49) Importer(815301076,1909f56bfc062723c751e8b465ee728b) (PreviewImporter) -> (Import Result ID: '5a504e503dcd6b2377f065e1c77399d9') in 0.2071304 seconds [static and dynamic dependencies]. Details - ImportResultOutputID=0aa2e1bd9e189765ec67133dd5343c07 DependenciesID=61bbb44ad9743935ea81b5a72c53ec29 StaticDependenciesID=8fa73370aa40ab166b83ec9b763d998a 
Number of updated asset objects reloaded before import = 0Number of asset objects unloaded after import = 19

========================================================================
Received Import Request.
  Time since last request: 0.000073 seconds.
  path: Assets/PolygonFantasyKingdom/Prefabs/Environments/SM_Env_Tree_Dead_03.prefab
  importAddress: Guid(76b0ff6439b4bae43871946bde4629cf) Importer(815301076,1909f56bfc062723c751e8b465ee728b)
Start importing Assets/PolygonFantasyKingdom/Prefabs/Environments/SM_Env_Tree_Dead_03.prefab using Guid(76b0ff6439b4bae43871946bde4629cf) Importer(815301076,1909f56bfc062723c751e8b465ee728b) (PreviewImporter) -> (Import Result ID: 'b7601ef543d35e2f71b04e1b9a3e411c') in 0.1026444 seconds [static and dynamic dependencies]. Details - ImportResultOutputID=efb053b2d106b4ebf5f361c8ae133a1a DependenciesID=a98bcffbf9e013d5aa30bad96472ef92 StaticDependenciesID=97fbf709363944111f9cdbcb358ed7f9 
Number of updated asset objects reloaded before import = 0Number of asset objects unloaded after import = 12

========================================================================
Received Import Request.
  Time since last request: 0.000070 seconds.
  path: Assets/PolygonFantasyKingdom/Prefabs/Environments/SM_Env_Tree_Thin_06.prefab
  importAddress: Guid(a4d50b3c55cbd5442a6f8fa0938bdc44) Importer(815301076,1909f56bfc062723c751e8b465ee728b)
Start importing Assets/PolygonFantasyKingdom/Prefabs/Environments/SM_Env_Tree_Thin_06.prefab using Guid(a4d50b3c55cbd5442a6f8fa0938bdc44) Importer(815301076,1909f56bfc062723c751e8b465ee728b) (PreviewImporter) -> (Import Result ID: '8010bde0403c021a9d0046736dd281c0') in 0.1069913 seconds [static and dynamic dependencies]. Details - ImportResultOutputID=f2eb17c874683d0b2fd1851afbcb22cb DependenciesID=086d4c2c3017b99328aa0c0d06f37153 StaticDependenciesID=2bcdbdc88122e6ce78118734e90a8f4d 
Number of updated asset objects reloaded before import = 0Number of asset objects unloaded after import = 13

========================================================================
Received Import Request.
  Time since last request: 0.000085 seconds.
  path: Assets/PolygonFantasyKingdom/Prefabs/Bonus/SM_Env_Tree_Burnt_02.prefab
  importAddress: Guid(027f251ca0eb48646bd3c1161cae16be) Importer(815301076,1909f56bfc062723c751e8b465ee728b)
Start importing Assets/PolygonFantasyKingdom/Prefabs/Bonus/SM_Env_Tree_Burnt_02.prefab using Guid(027f251ca0eb48646bd3c1161cae16be) Importer(815301076,1909f56bfc062723c751e8b465ee728b) (PreviewImporter) -> (Import Result ID: '069447637c02a107ac82cbf306f416d3') in 0.0786118 seconds [static and dynamic dependencies]. Details - ImportResultOutputID=9e4212820f20c810ae7b6e168d6fa8b6 DependenciesID=d222f3f0472f6b31b5676dd85b3ae46a StaticDependenciesID=bb714e7aa0ea1667befe9c27f2540b7e 
Number of updated asset objects reloaded before import = 0Number of asset objects unloaded after import = 12

========================================================================
Received Import Request.
  Time since last request: 0.000053 seconds.
  path: Assets/PolygonFantasyKingdom/Prefabs/Environments/SM_Env_Tree_Large_01.prefab
  importAddress: Guid(c5fa94f9ebb29bd478295e8701712698) Importer(815301076,1909f56bfc062723c751e8b465ee728b)
Start importing Assets/PolygonFantasyKingdom/Prefabs/Environments/SM_Env_Tree_Large_01.prefab using Guid(c5fa94f9ebb29bd478295e8701712698) Importer(815301076,1909f56bfc062723c751e8b465ee728b) (PreviewImporter) -> (Import Result ID: 'a8a04d6e2ed22e8ee2d21563f4d1eb51') in 0.0873907 seconds [static and dynamic dependencies]. Details - ImportResultOutputID=ca420e471f1d819e17fbd0f88a8936c5 DependenciesID=aab16f54b332e768cb3049ddfdfb52d3 StaticDependenciesID=bbaae101791ea8def8b5b54244168e6a 
Number of updated asset objects reloaded before import = 0Number of asset objects unloaded after import = 21

========================================================================
Received Import Request.
  Time since last request: 0.000076 seconds.
  path: Assets/PolygonFantasyKingdom/Prefabs/Environments/SM_Env_Tree_Thin_01.prefab
  importAddress: Guid(af8a3b23c35a0794ebbde20b219374b1) Importer(815301076,1909f56bfc062723c751e8b465ee728b)
Start importing Assets/PolygonFantasyKingdom/Prefabs/Environments/SM_Env_Tree_Thin_01.prefab using Guid(af8a3b23c35a0794ebbde20b219374b1) Importer(815301076,1909f56bfc062723c751e8b465ee728b) (PreviewImporter) -> (Import Result ID: '4f83e989fca0f507e46ca0ee59de6029') in 0.0805321 seconds [static and dynamic dependencies]. Details - ImportResultOutputID=8dab2e7c3debdce644dbe2feeb4b144d DependenciesID=cde1445412be1b5f421bf67850c4eddd StaticDependenciesID=0576fcfee11a9827c25937d27c8bc808 
Number of updated asset objects reloaded before import = 0Number of asset objects unloaded after import = 13

Editor requested this worker to shutdown with reason: Scaling down because of idle timeout
AssetImportWorkerClient::OnTransportError - code=2 error=End of file
AssetImportWorker is now disconnected from the server
Process exiting
Exiting without the bug reporter. Application will terminate with return code 0